Archive member included to satisfy reference by file (symbol)

../../addon/fatfs/libfatfs.a(ff.o)
                              filemanager.o (f_mount)
../../addon/fatfs/libfatfs.a(diskio.o)
                              ../../addon/fatfs/libfatfs.a(ff.o) (disk_status)
../../addon/fatfs/libfatfs.a(ffsystem.o)
                              ../../addon/fatfs/libfatfs.a(ff.o) (ff_mutex_create)
../../addon/fatfs/libfatfs.a(ffunicode.o)
                              ../../addon/fatfs/libfatfs.a(ff.o) (ff_uni2oem)
../../addon/SDCard/libsdcard.a(emmc.o)
                              kernel.o (CEMMCDevice::~CEMMCDevice())
../../lib/usb/libusb.a(usbsubsystem.o)
                              kernel.o (CUSBSubSystem::Initialize(bool))
../../lib/usb/libusb.a(usbdevice.o)
                              ../../lib/usb/libusb.a(usbsubsystem.o) (CUSBDevice::GetHost() const)
../../lib/usb/libusb.a(usbdevicefactory.o)
                              ../../lib/usb/libusb.a(usbdevice.o) (CUSBDeviceFactory::GetDevice(CUSBFunction*, CString*))
../../lib/usb/libusb.a(usbendpoint.o)
                              ../../lib/usb/libusb.a(usbdevice.o) (CUSBEndpoint::CUSBEndpoint(CUSBDevice*))
../../lib/usb/libusb.a(usbfunction.o)
                              ../../lib/usb/libusb.a(usbdevicefactory.o) (CUSBFunction::~CUSBFunction())
../../lib/usb/libusb.a(usbgamepadps3.o)
                              ../../lib/usb/libusb.a(usbdevicefactory.o) (CUSBGamePadPS3Device::CUSBGamePadPS3Device(CUSBFunction*))
../../lib/usb/libusb.a(usbgamepadps4.o)
                              ../../lib/usb/libusb.a(usbdevicefactory.o) (CUSBGamePadPS4Device::CUSBGamePadPS4Device(CUSBFunction*))
../../lib/usb/libusb.a(usbgamepadstandard.o)
                              ../../lib/usb/libusb.a(usbgamepadps3.o) (CUSBGamePadStandardDevice::~CUSBGamePadStandardDevice())
../../lib/usb/libusb.a(usbgamepadswitchpro.o)
                              ../../lib/usb/libusb.a(usbdevicefactory.o) (CUSBGamePadSwitchProDevice::CUSBGamePadSwitchProDevice(CUSBFunction*))
../../lib/usb/libusb.a(usbgamepadxbox360.o)
                              ../../lib/usb/libusb.a(usbdevicefactory.o) (CUSBGamePadXbox360Device::CUSBGamePadXbox360Device(CUSBFunction*))
../../lib/usb/libusb.a(usbgamepadxboxone.o)
                              ../../lib/usb/libusb.a(usbdevicefactory.o) (CUSBGamePadXboxOneDevice::CUSBGamePadXboxOneDevice(CUSBFunction*))
../../lib/usb/libusb.a(usbhiddevice.o)
                              ../../lib/usb/libusb.a(usbgamepadps4.o) (CUSBHIDDevice::SendToEndpointOut(void const*, unsigned int, unsigned int))
../../lib/usb/libusb.a(usbhostcontroller.o)
                              ../../lib/usb/libusb.a(usbfunction.o) (CUSBHostController::ControlMessage(CUSBEndpoint*, unsigned char, unsigned char, unsigned short, unsigned short, void*, unsigned short))
../../lib/usb/libusb.a(usbkeyboard.o)
                              ../../lib/usb/libusb.a(usbdevicefactory.o) (CUSBKeyboardDevice::CUSBKeyboardDevice(CUSBFunction*))
../../lib/usb/libusb.a(usbmassdevice.o)
                              ../../lib/usb/libusb.a(usbdevicefactory.o) (CUSBBulkOnlyMassStorageDevice::CUSBBulkOnlyMassStorageDevice(CUSBFunction*))
../../lib/usb/libusb.a(usbmidihost.o)
                              ../../lib/usb/libusb.a(usbdevicefactory.o) (CUSBMIDIHostDevice::CUSBMIDIHostDevice(CUSBFunction*))
../../lib/usb/libusb.a(usbmouse.o)
                              ../../lib/usb/libusb.a(usbdevicefactory.o) (CUSBMouseDevice::CUSBMouseDevice(CUSBFunction*))
../../lib/usb/libusb.a(usbprinter.o)
                              ../../lib/usb/libusb.a(usbdevicefactory.o) (CUSBPrinterDevice::CUSBPrinterDevice(CUSBFunction*))
../../lib/usb/libusb.a(usbrequest.o)
                              ../../lib/usb/libusb.a(usbhiddevice.o) (CUSBRequest::CUSBRequest(CUSBEndpoint*, void*, unsigned int, TSetupData*))
../../lib/usb/libusb.a(usbstandardhub.o)
                              ../../lib/usb/libusb.a(usbdevicefactory.o) (CUSBStandardHub::CUSBStandardHub(CUSBFunction*))
../../lib/usb/libusb.a(usbstring.o)
                              ../../lib/usb/libusb.a(usbdevice.o) (CUSBString::CUSBString(CUSBDevice*))
../../lib/usb/libusb.a(usbserialch341.o)
                              ../../lib/usb/libusb.a(usbdevicefactory.o) (CUSBSerialCH341Device::CUSBSerialCH341Device(CUSBFunction*))
../../lib/usb/libusb.a(usbserialcp210x.o)
                              ../../lib/usb/libusb.a(usbdevicefactory.o) (CUSBSerialCP210xDevice::CUSBSerialCP210xDevice(CUSBFunction*))
../../lib/usb/libusb.a(usbserialpl2303.o)
                              ../../lib/usb/libusb.a(usbdevicefactory.o) (CUSBSerialPL2303Device::CUSBSerialPL2303Device(CUSBFunction*))
../../lib/usb/libusb.a(usbserialft231x.o)
                              ../../lib/usb/libusb.a(usbdevicefactory.o) (CUSBSerialFT231XDevice::CUSBSerialFT231XDevice(CUSBFunction*))
../../lib/usb/libusb.a(usbserialcdc.o)
[...]
Memory Configuration

Name             Origin             Length             Attributes
*default*        0x0000000000000000 0xffffffffffffffff

Linker script and memory map

Address of section .init set to 0x80000

.init           0x0000000000080000       0xa8
 *(.init)
 .init          0x0000000000080000       0xa8 ../../lib/libcircle.a(startup64.o)
                0x0000000000080000                _start

.text           0x0000000000080800    0x51bc8
 *(.text*)
 .text          0x0000000000080800        0x0 main.o
 .text.startup  0x0000000000080800       0x3c main.o
                0x0000000000080800                main
 *fill*         0x000000000008083c        0x4 
 .text          0x0000000000080840      0x47c kernel.o
                0x0000000000080840                CKernel::CKernel()
                0x0000000000080840                CKernel::CKernel()
                0x00000000000809b0                CKernel::~CKernel()
                0x00000000000809b0                CKernel::~CKernel()
                0x0000000000080a68                CKernel::Initialize()
                0x0000000000080b60                CKernel::Run()
 *fill*         0x0000000000080cbc        0x4 
 .text          0x0000000000080cc0      0x7f4 gpiocontroller.o
                0x0000000000080cc0                CGPIOController::CGPIOController(CInterruptSystem*)
                0x0000000000080cc0                CGPIOController::CGPIOController(CInterruptSystem*)
                0x0000000000080d68                CGPIOController::Initialize()
                0x0000000000080e00                CGPIOController::GetPinCount() const
                0x0000000000080e08                CGPIOController::GetPinNumber(unsigned int) const
                0x0000000000080e40                CGPIOController::GetPinIndex(unsigned int) const
                0x0000000000080e80                CGPIOController::GetPinMode(unsigned int) const
                0x0000000000080ec0                CGPIOController::IsHardwarePWMPin(unsigned int) const
                0x0000000000080f0c                CGPIOController::GetPinLevel(unsigned int) const
                0x0000000000080f44                CGPIOController::StartSoftPWM(unsigned int, unsigned int, unsigned int, unsigned int*)
                0x0000000000080f80                CGPIOController::StopSoftPWM(unsigned int)
                0x0000000000081040                CGPIOController::SetPinLevel(unsigned int, unsigned int)
                0x00000000000810e0                CGPIOController::GetSoftPWMFrequency(unsigned int) const
                0x0000000000081140                CGPIOController::GetSoftPWMDuty(unsigned int) const
                0x0000000000081180                CGPIOController::GetHWPinCount(unsigned int) const
                0x00000000000811b0                CGPIOController::GetHWPinNumber(unsigned int, unsigned int) const
                0x0000000000081220                CGPIOController::SetHardwarePWM(unsigned int, bool const*, unsigned int const*, unsigned int const*, unsigned int*)
                0x0000000000081290                CGPIOController::StopHardwarePWM()
                0x00000000000813a4                CGPIOController::~CGPIOController()
                0x00000000000813a4                CGPIOController::~CGPIOController()
                0x00000000000813e0                CGPIOController::IsHardwarePWMActive() const
                0x0000000000081400                CGPIOController::GetHWPWMFrequency() const
                0x0000000000081408                CGPIOController::GetHWPWMActualFrequency() const
                0x0000000000081410                CGPIOController::GetHWChannelEnabled(unsigned int) const
                0x0000000000081444                CGPIOController::GetHWChannelPin(unsigned int) const
                0x0000000000081480                CGPIOController::GetHWChannelDuty(unsigned int) const
 *fill*         0x00000000000814b4        0xc 
 .text          0x00000000000814c0      0x6f4 filemanager.o
                0x00000000000814c0                CFileManager::CFileManager()
                0x00000000000814c0                CFileManager::CFileManager()
                0x00000000000814cc                CFileManager::~CFileManager()
                0x00000000000814cc                CFileManager::~CFileManager()
                0x0000000000081520                CFileManager::Mount()
                0x00000000000815d0                CFileManager::ListFiles(TFileManagerEntry*, unsigned int)
                0x0000000000081700                CFileManager::IsValidName(char const*)
                0x00000000000817a4                CFileManager::MakePath(CString&, char const*)
                0x00000000000817e0                CFileManager::WriteFile(char const*, unsigned char const*, unsigned int)
                0x0000000000081980                CFileManager::ReadFile(char const*, unsigned char*, unsigned int)
                0x0000000000081ab0                CFileManager::DeleteFile(char const*)
 *fill*         0x0000000000081bb4        0xc 
 .text          0x0000000000081bc0     0x1e20 webserver.o
                0x0000000000081bc0                CWebServer::~CWebServer()
                0x0000000000081bc0                CWebServer::~CWebServer()
                0x0000000000081be0                CWebServer::~CWebServer()
                0x0000000000081c20                CWebServer::CreateWorker(CNetSubSystem*, CSocket*)
                0x0000000000081ca4                CWebServer::CWebServer(CNetSubSystem*, CGPIOController*, CFileManager*, bool volatile*, CSocket*)
                0x0000000000081ca4                CWebServer::CWebServer(CNetSubSystem*, CGPIOController*, CFileManager*, bool volatile*, CSocket*)
                0x0000000000081d08                CWebServer::GetParam(char const*, char const*, unsigned int*)
                0x0000000000081e60                CWebServer::URLDecode(CString&, char const*)
                0x0000000000081fa0                CWebServer::URLEncode(CString&, char const*)
                0x00000000000820ac                CWebServer::HTMLEscape(CString&, char const*)
                0x00000000000821ac                CWebServer::BuildHardwarePWMSection(CString&)
                0x00000000000824c0                CWebServer::BuildSoftPWMSection(CString&)
                0x0000000000082764                CWebServer::BuildGPIOSection(CString&)
                0x0000000000082908                CWebServer::BuildFileSection(CString&)
                0x0000000000082b10                CWebServer::BuildPage(CString&, CString const&)
                0x0000000000082c40                CWebServer::GetStringParam(char const*, char const*, CString&)
                0x0000000000082d80                CWebServer::HandleActions(char const*, CString&)
                0x0000000000083330                CWebServer::ServeDownload(char const*, unsigned char*, unsigned int*, char const**)
                0x000000000008350c                CWebServer::ExtractFileName(char const*, CString&)
                0x0000000000083750                CWebServer::HandleUpload(CString&)
                0x0000000000083780                CWebServer::GetContent(char const*, char const*, char const*, unsigned char*, unsigned int*, char const**)
 .text          0x00000000000839e0     0x5e08 ../../addon/fatfs/libfatfs.a(ff.o)
                0x00000000000862a0                f_mount
                0x00000000000863a4                f_open
                0x00000000000867e4                f_read
                0x0000000000086ac0                f_write
                0x0000000000086dec                f_sync
                0x0000000000086f60                f_close
                0x0000000000086fc0                f_chdrive
                0x0000000000087000                f_chdir
                0x0000000000087148                f_getcwd
                0x00000000000874a0                f_lseek
                0x0000000000087780                f_opendir
                0x0000000000087920                f_closedir
                0x00000000000879c0                f_readdir
                0x0000000000087b08                f_findnext
                0x0000000000087ba4                f_findfirst
                0x0000000000087be8                f_stat
                0x0000000000087d08                f_getfree
                0x0000000000087ea0                f_truncate
                0x0000000000088070                f_unlink
                0x0000000000088244                f_mkdir
                0x0000000000088540                f_rename
                0x0000000000088820                f_chmod
                0x0000000000088970                f_utime
                0x0000000000088ac0                f_gets
                0x0000000000088b60                f_putc
                0x0000000000088c28                f_puts
                0x0000000000088d40                f_printf
 *fill*         0x00000000000897e8       0x18 
 .text          0x0000000000089800      0x458 ../../addon/fatfs/libfatfs.a(diskio.o)
                0x0000000000089808                disk_status
                0x0000000000089840                disk_initialize
                0x00000000000898b0                disk_read
                0x00000000000899cc                disk_write
                0x0000000000089ac0                disk_ioctl
 *fill*         0x0000000000089c58        0x8 
 .text          0x0000000000089c60      0x314 ../../addon/fatfs/libfatfs.a(ffsystem.o)
                0x0000000000089c60                ff_mutex_create
                0x0000000000089ce0                ff_mutex_delete
                0x0000000000089d50                ff_mutex_take
                0x0000000000089dc4                ff_mutex_give
                0x0000000000089e2c                ff_memalloc
                0x0000000000089e40                ff_memfree
                0x0000000000089e44                get_fattime
 *fill*         0x0000000000089f74        0xc 
 .text          0x0000000000089f80      0x260 ../../addon/fatfs/libfatfs.a(ffunicode.o)
                0x0000000000089f80                ff_uni2oem
                0x000000000008a050                ff_oem2uni
                0x000000000008a0a0                ff_wtoupper
 .text          0x000000000008a1e0     0x20a8 ../../addon/SDCard/libsdcard.a(emmc.o)
                0x000000000008a1e0                CEMMCDevice::Seek(unsigned long)
                0x000000000008a1ec                CEMMCDevice::GetSize() const
                0x000000000008a200                CEMMCDevice::~CEMMCDevice()
                0x000000000008a200                CEMMCDevice::~CEMMCDevice()
                0x000000000008a2c8                CEMMCDevice::~CEMMCDevice()
                0x000000000008a2e8                CEMMCDevice::CEMMCDevice(CInterruptSystem*, CTimer*, CActLED*, CEMMCDevice::TDeviceSelector)
                0x000000000008a2e8                CEMMCDevice::CEMMCDevice(CInterruptSystem*, CTimer*, CActLED*, CEMMCDevice::TDeviceSelector)
                0x000000000008a4a0                CEMMCDevice::PowerOff()
                0x000000000008a4c0                CEMMCDevice::GetBaseClock()
                0x000000000008a4e0                CEMMCDevice::GetClockDivider(unsigned int, unsigned int)
                0x000000000008a584                CEMMCDevice::SwitchClockRate(unsigned int, unsigned int)
                0x000000000008a670                CEMMCDevice::GetCSDField(unsigned int, unsigned int) const
                0x000000000008a700                CEMMCDevice::TimeoutWait(unsigned long, unsigned int, int, unsigned int)
                0x000000000008a7a4                CEMMCDevice::usDelay(unsigned int)
                0x000000000008a7e0                CEMMCDevice::LogWrite(TLogSeverity, char const*, ...)
                0x000000000008a8a0                CEMMCDevice::ResetCmd()
                0x000000000008a924                CEMMCDevice::ResetDat()
                0x000000000008a9a8                CEMMCDevice::IssueCommandInt(unsigned int, unsigned int, int)
                0x000000000008ad00                CEMMCDevice::HandleCardInterrupt()
                0x000000000008ad64                CEMMCDevice::HandleInterrupts()
                0x000000000008ae04                CEMMCDevice::IssueCommand(unsigned int, unsigned int, int)
                0x000000000008af64                CEMMCDevice::CardReset()
                0x000000000008bb90                CEMMCDevice::CardInit()
                0x000000000008bc28                CEMMCDevice::Initialize()
                0x000000000008bce8                CEMMCDevice::EnsureDataMode()
                0x000000000008be64                CEMMCDevice::DoDataCommand(int, unsigned char*, unsigned long, unsigned int)
                0x000000000008c000                CEMMCDevice::DoRead(unsigned char*, unsigned long, unsigned int)
                0x000000000008c064                CEMMCDevice::DoWrite(unsigned char*, unsigned long, unsigned int)
                0x000000000008c0c8                CEMMCDevice::Read(void*, unsigned long)
                0x000000000008c1a0                CEMMCDevice::Write(void const*, unsigned long)
                0x000000000008c280                CEMMCDevice::GetID()
 *fill*         0x000000000008c288       0x18 
 .text          0x000000000008c2a0      0x448 ../../lib/usb/libusb.a(usbsubsystem.o)
                0x000000000008c2a0                CUSBSubSystem::Initialize(bool)
                0x000000000008c380                CUSBSubSystem::UpdatePlugAndPlay()
                0x000000000008c400                CUSBSubSystem::CUSBSubSystem(CInterruptSystem*, CTimer*, bool)
                0x000000000008c400                CUSBSubSystem::CUSBSubSystem(CInterruptSystem*, CTimer*, bool)
                0x000000000008c4ec                CUSBSubSystem::~CUSBSubSystem()
                0x000000000008c4ec                CUSBSubSystem::~CUSBSubSystem()
                0x000000000008c560                CUSBSubSystem::GetDescriptor(CUSBEndpoint*, unsigned char, unsigned char, void*, unsigned int, unsigned char, unsigned short)
                0x000000000008c628                CUSBSubSystem::IsPlugAndPlay() const
                0x000000000008c630                CUSBSubSystem::IsActive()
                0x000000000008c644                CUSBSubSystem::Get()
                0x000000000008c680                CUSBSubSystem::DumpStatus()
 *fill*         0x000000000008c6e8       0x18 
 .text          0x000000000008c700     0x1504 ../../lib/usb/libusb.a(usbdevice.o)
                0x000000000008c700                CUSBDevice::Configure()
                0x000000000008c7e4                CUSBDevice::CUSBDevice(CUSBHostController*, TUSBSpeed, CUSBHCIRootPort*)
                0x000000000008c7e4                CUSBDevice::CUSBDevice(CUSBHostController*, TUSBSpeed, CUSBHCIRootPort*)
                0x000000000008c8c0                CUSBDevice::ReScanDevices()
                0x000000000008c920                CUSBDevice::RemoveDevice()
                0x000000000008c96c                CUSBDevice::GetName(TDeviceNameSelector) const
                0x000000000008caa0                CUSBDevice::GetNames() const
                0x000000000008cba4                CUSBDevice::SetAddress(unsigned char)
                0x000000000008cbe0                CUSBDevice::GetAddress() const
                0x000000000008cbe8                CUSBDevice::GetSpeed() const
                0x000000000008cbf0                CUSBDevice::IsSplit() const
                0x000000000008cc00                CUSBDevice::GetHubAddress() const
                0x000000000008cc08                CUSBDevice::GetHubPortNumber() const
                0x000000000008cc10                CUSBDevice::GetTTHubDevice() const
                0x000000000008cc20                CUSBDevice::GetEndpoint0() const
                0x000000000008cc48                CUSBDevice::GetHost() const
                0x000000000008cc70                CUSBDevice::GetDeviceDescriptor() const
                0x000000000008cca0                CUSBDevice::GetConfigurationDescriptor() const
                0x000000000008ccc8                CUSBDevice::GetDescriptor(unsigned char)
                0x000000000008ccf0                CUSBDevice::ConfigurationError(char const*) const
                0x000000000008cd20                CUSBDevice::GetFunction(unsigned int)
                0x000000000008cd40                CUSBDevice::AppendPortToRouteString(unsigned int, unsigned int)
                0x000000000008cdc0                CUSBDevice::CUSBDevice(CUSBHostController*, TUSBSpeed, CUSBStandardHub*, unsigned int)
                0x000000000008cdc0                CUSBDevice::CUSBDevice(CUSBHostController*, TUSBSpeed, CUSBStandardHub*, unsigned int)
                0x000000000008cf28                CUSBDevice::LogWrite(TLogSeverity, char const*, ...)
                0x000000000008d06c                CUSBDevice::~CUSBDevice()
                0x000000000008d06c                CUSBDevice::~CUSBDevice()
                0x000000000008d1c4                CUSBDevice::~CUSBDevice()
                0x000000000008d1e4                CUSBDevice::Initialize()
 *fill*         0x000000000008dc04       0x1c 
 .text._ZN18CUSBHostController24CancelDeviceTransactionsEP10CUSBDevice
                0x000000000008dc20        0x4 ../../lib/usb/libusb.a(usbdevice.o)
                0x000000000008dc20                CUSBHostController::CancelDeviceTransactions(CUSBDevice*)
 *fill*         0x000000000008dc24       0x1c 
 .text          0x000000000008dc40      0x950 ../../lib/usb/libusb.a(usbdevicefactory.o)
                0x000000000008dc40                CUSBDeviceFactory::GetGenericHIDDevice(CUSBFunction*)
                0x000000000008de40                CUSBDeviceFactory::FindDeviceID(CString*, TUSBDeviceID const*)
                0x000000000008dee0                CUSBDeviceFactory::GetDevice(CUSBFunction*, CString*)
 *fill*         0x000000000008e590       0x10 
 .text          0x000000000008e5a0      0x30c ../../lib/usb/libusb.a(usbendpoint.o)
                0x000000000008e5a0                CUSBEndpoint::CUSBEndpoint(CUSBDevice*)
                0x000000000008e5a0                CUSBEndpoint::CUSBEndpoint(CUSBDevice*)
                0x000000000008e620                CUSBEndpoint::CUSBEndpoint(CUSBDevice*, TUSBEndpointDescriptor const*)
                0x000000000008e620                CUSBEndpoint::CUSBEndpoint(CUSBDevice*, TUSBEndpointDescriptor const*)
                0x000000000008e7c0                CUSBEndpoint::~CUSBEndpoint()
                0x000000000008e7c0                CUSBEndpoint::~CUSBEndpoint()
                0x000000000008e7ec                CUSBEndpoint::GetDevice() const
                0x000000000008e820                CUSBEndpoint::GetNumber() const
                0x000000000008e828                CUSBEndpoint::GetType() const
                0x000000000008e830                CUSBEndpoint::IsDirectionIn() const
                0x000000000008e840                CUSBEndpoint::SetMaxPacketSize(unsigned int)
                0x000000000008e86c                CUSBEndpoint::GetMaxPacketSize() const
                0x000000000008e880                CUSBEndpoint::ResetPID()
                0x000000000008e884                CUSBEndpoint::GetXHCIEndpoint()
 *fill*         0x000000000008e8ac       0x14 
 .text          0x000000000008e8c0      0x6f4 ../../lib/usb/libusb.a(usbfunction.o)
                0x000000000008e8c0                CUSBFunction::Initialize()
                0x000000000008e8c8                CUSBFunction::ReScanDevices()
                0x000000000008e8d0                CUSBFunction::~CUSBFunction()
                0x000000000008e8d0                CUSBFunction::~CUSBFunction()
                0x000000000008e928                CUSBFunction::RemoveDevice()
                0x000000000008e950                CUSBFunction::~CUSBFunction()
                0x000000000008e9ac                CUSBFunction::Configure()
                0x000000000008eaa0                CUSBFunction::CUSBFunction(CUSBDevice*, CUSBConfigurationParser*)
                0x000000000008eaa0                CUSBFunction::CUSBFunction(CUSBDevice*, CUSBConfigurationParser*)
                0x000000000008eb60                CUSBFunction::CUSBFunction(CUSBFunction*)
                0x000000000008eb60                CUSBFunction::CUSBFunction(CUSBFunction*)
                0x000000000008ec30                CUSBFunction::GetInterfaceName() const
                0x000000000008ecc0                CUSBFunction::GetNumEndpoints() const
                0x000000000008ecec                CUSBFunction::GetDevice() const
                0x000000000008ed20                CUSBFunction::GetEndpoint0() const
                0x000000000008ed48                CUSBFunction::GetHost() const
                0x000000000008ed70                CUSBFunction::GetDescriptor(unsigned char)
                0x000000000008eda0                CUSBFunction::ConfigurationError(char const*) const
                0x000000000008ede4                CUSBFunction::SelectInterfaceByClass(unsigned char, unsigned char, unsigned char, unsigned int)
                0x000000000008eecc                CUSBFunction::GetInterfaceNumber() const
                0x000000000008ef00                CUSBFunction::GetInterfaceClass() const
                0x000000000008ef2c                CUSBFunction::GetInterfaceSubClass() const
                0x000000000008ef60                CUSBFunction::GetInterfaceProtocol() const
                0x000000000008ef8c                CUSBFunction::GetInterfaceDescriptor() const
 *fill*         0x000000000008efb4        0xc 
 .text._ZNK12CUSBFunction10GetHubInfoEv
                0x000000000008efc0        0x8 ../../lib/usb/libusb.a(usbfunction.o)
                0x000000000008efc0                CUSBFunction::GetHubInfo() const
 *fill*         0x000000000008efc8       0x18 
 .text          0x000000000008efe0      0x594 ../../lib/usb/libusb.a(usbgamepadps3.o)
                0x000000000008efe0                CUSBGamePadPS3Device::~CUSBGamePadPS3Device()
                0x000000000008efe0                CUSBGamePadPS3Device::~CUSBGamePadPS3Device()
                0x000000000008eff0                CUSBGamePadPS3Device::~CUSBGamePadPS3Device()
                0x000000000008f028                CUSBGamePadPS3Device::SetLEDMode(TGamePadLEDMode)
                0x000000000008f0c0                CUSBGamePadPS3Device::SetRumbleMode(TGamePadRumbleMode)
                0x000000000008f1c0                CUSBGamePadPS3Device::CUSBGamePadPS3Device(CUSBFunction*)
                0x000000000008f1c0                CUSBGamePadPS3Device::CUSBGamePadPS3Device(CUSBFunction*)
                0x000000000008f220                CUSBGamePadPS3Device::PS3Enable()
                0x000000000008f2e4                CUSBGamePadPS3Device::Configure()
                0x000000000008f410                CUSBGamePadPS3Device::DecodeReport(unsigned char const*)
 *fill*         0x000000000008f574        0xc 
 .text._ZN17CUSBGamePadDevice10SetLEDModeEjhh
                0x000000000008f580        0x8 ../../lib/usb/libusb.a(usbgamepadps3.o)
                0x000000000008f580                CUSBGamePadDevice::SetLEDMode(unsigned int, unsigned char, unsigned char)
 *fill*         0x000000000008f588       0x18 
 .text._ZN20CUSBGamePadPS3Device13GetPropertiesEv
                0x000000000008f5a0        0x8 ../../lib/usb/libusb.a(usbgamepadps3.o)
                0x000000000008f5a0                CUSBGamePadPS3Device::GetProperties()
 *fill*         0x000000000008f5a8       0x18 
 .text          0x000000000008f5c0      0xaec ../../lib/usb/libusb.a(usbgamepadps4.o)
                0x000000000008f5c0                CUSBGamePadPS4Device::DecodeReport(unsigned char const*)
                0x000000000008f780                CUSBGamePadPS4Device::~CUSBGamePadPS4Device()
                0x000000000008f780                CUSBGamePadPS4Device::~CUSBGamePadPS4Device()
                0x000000000008f7cc                CUSBGamePadPS4Device::~CUSBGamePadPS4Device()
                0x000000000008f824                CUSBGamePadPS4Device::SetLEDMode(unsigned int, unsigned char, unsigned char)
                0x000000000008f900                CUSBGamePadPS4Device::SetRumbleMode(TGamePadRumbleMode)
                0x000000000008fa20                CUSBGamePadPS4Device::SetLEDMode(TGamePadLEDMode)
                0x000000000008fbe4                CUSBGamePadPS4Device::CUSBGamePadPS4Device(CUSBFunction*)
                0x000000000008fbe4                CUSBGamePadPS4Device::CUSBGamePadPS4Device(CUSBFunction*)
                0x000000000008fc40                CUSBGamePadPS4Device::HandleTouchpad(unsigned char const*)
                0x000000000008fe00                CUSBGamePadPS4Device::ReportHandler(unsigned char const*, unsigned int)
                0x000000000008fe88                CUSBGamePadPS4Device::SendLedRumbleCommand()
                0x000000000008ff44                CUSBGamePadPS4Device::DisableTouchpad()
                0x000000000008ff50                CUSBGamePadPS4Device::Configure()
 *fill*         0x00000000000900ac       0x14 
 .text._ZN20CUSBGamePadPS4Device13GetPropertiesEv
                0x00000000000900c0        0x8 ../../lib/usb/libusb.a(usbgamepadps4.o)
                0x00000000000900c0                CUSBGamePadPS4Device::GetProperties()
 *fill*         0x00000000000900c8       0x18 
 .text          0x00000000000900e0      0x898 ../../lib/usb/libusb.a(usbgamepadstandard.o)
                0x00000000000900e0                CUSBGamePadStandardDevice::~CUSBGamePadStandardDevice()
                0x00000000000900e0                CUSBGamePadStandardDevice::~CUSBGamePadStandardDevice()
                0x0000000000090128                CUSBGamePadStandardDevice::~CUSBGamePadStandardDevice()
                0x0000000000090170                CUSBGamePadStandardDevice::CUSBGamePadStandardDevice(CUSBFunction*, bool)
                0x0000000000090170                CUSBGamePadStandardDevice::CUSBGamePadStandardDevice(CUSBFunction*, bool)
                0x00000000000901ac                CUSBGamePadStandardDevice::BitGetUnsigned(void const*, unsigned int, unsigned int)
                0x0000000000090260                CUSBGamePadStandardDevice::BitGetSigned(void const*, unsigned int, unsigned int)
                0x0000000000090340                CUSBGamePadStandardDevice::DecodeReport(unsigned char const*)
                0x00000000000907ac                CUSBGamePadStandardDevice::Configure()
 *fill*         0x0000000000090978        0x8 
 .text._ZN17CUSBGamePadDevice13GetPropertiesEv
                0x0000000000090980        0x8 ../../lib/usb/libusb.a(usbgamepadstandard.o)
                0x0000000000090980                CUSBGamePadDevice::GetProperties()
 *fill*         0x0000000000090988       0x18 
 .text._ZN17CUSBGamePadDevice10SetLEDModeE15TGamePadLEDMode
                0x00000000000909a0        0x8 ../../lib/usb/libusb.a(usbgamepadstandard.o)
                0x00000000000909a0                CUSBGamePadDevice::SetLEDMode(TGamePadLEDMode)
 *fill*         0x00000000000909a8       0x18 
 .text._ZN17CUSBGamePadDevice13SetRumbleModeE18TGamePadRumbleMode
                0x00000000000909c0        0x8 ../../lib/usb/libusb.a(usbgamepadstandard.o)
                0x00000000000909c0                CUSBGamePadDevice::SetRumbleMode(TGamePadRumbleMode)
 *fill*         0x00000000000909c8       0x18 
 .text          0x00000000000909e0      0x6dc ../../lib/usb/libusb.a(usbgamepadswitchpro.o)
                0x00000000000909e0                CUSBGamePadSwitchProDevice::~CUSBGamePadSwitchProDevice()
                0x00000000000909e0                CUSBGamePadSwitchProDevice::~CUSBGamePadSwitchProDevice()
                0x00000000000909f0                CUSBGamePadSwitchProDevice::~CUSBGamePadSwitchProDevice()
                0x0000000000090a24                CUSBGamePadSwitchProDevice::SetRumbleMode(TGamePadRumbleMode)
                0x0000000000090af0                CUSBGamePadSwitchProDevice::DecodeReport(unsigned char const*)
                0x0000000000090ce8                CUSBGamePadSwitchProDevice::SetLEDMode(TGamePadLEDMode)
                0x0000000000090da0                CUSBGamePadSwitchProDevice::CUSBGamePadSwitchProDevice(CUSBFunction*)
                0x0000000000090da0                CUSBGamePadSwitchProDevice::CUSBGamePadSwitchProDevice(CUSBFunction*)
                0x0000000000090dec                CUSBGamePadSwitchProDevice::Configure()
 *fill*         0x00000000000910bc        0x4 
 .text._ZN26CUSBGamePadSwitchProDevice13GetPropertiesEv
                0x00000000000910c0        0x8 ../../lib/usb/libusb.a(usbgamepadswitchpro.o)
                0x00000000000910c0                CUSBGamePadSwitchProDevice::GetProperties()
 *fill*         0x00000000000910c8       0x18 
 .text          0x00000000000910e0      0x448 ../../lib/usb/libusb.a(usbgamepadxbox360.o)
                0x00000000000910e0                CUSBGamePadXbox360Device::~CUSBGamePadXbox360Device()
                0x00000000000910e0                CUSBGamePadXbox360Device::~CUSBGamePadXbox360Device()
                0x00000000000910f0                CUSBGamePadXbox360Device::~CUSBGamePadXbox360Device()
                0x0000000000091124                CUSBGamePadXbox360Device::DecodeReport(unsigned char const*)
                0x0000000000091268                CUSBGamePadXbox360Device::SetLEDMode(TGamePadLEDMode)
                0x00000000000912c0                CUSBGamePadXbox360Device::ReportHandler(unsigned char const*, unsigned int)
                0x0000000000091344                CUSBGamePadXbox360Device::SetRumbleMode(TGamePadRumbleMode)
                0x00000000000913e0                CUSBGamePadXbox360Device::CUSBGamePadXbox360Device(CUSBFunction*)
                0x00000000000913e0                CUSBGamePadXbox360Device::CUSBGamePadXbox360Device(CUSBFunction*)
                0x000000000009140c                CUSBGamePadXbox360Device::Configure()
 *fill*         0x0000000000091528       0x18 
 .text._ZN24CUSBGamePadXbox360Device13GetPropertiesEv
                0x0000000000091540        0x8 ../../lib/usb/libusb.a(usbgamepadxbox360.o)
                0x0000000000091540                CUSBGamePadXbox360Device::GetProperties()
 *fill*         0x0000000000091548       0x18 
 .text          0x0000000000091560      0x4f8 ../../lib/usb/libusb.a(usbgamepadxboxone.o)
                0x0000000000091560                CUSBGamePadXboxOneDevice::DecodeReport(unsigned char const*)
                0x0000000000091710                CUSBGamePadXboxOneDevice::~CUSBGamePadXboxOneDevice()
                0x0000000000091710                CUSBGamePadXboxOneDevice::~CUSBGamePadXboxOneDevice()
                0x0000000000091720                CUSBGamePadXboxOneDevice::~CUSBGamePadXboxOneDevice()
                0x0000000000091760                CUSBGamePadXboxOneDevice::ReportHandler(unsigned char const*, unsigned int)
                0x000000000009186c                CUSBGamePadXboxOneDevice::SetRumbleMode(TGamePadRumbleMode)
                0x0000000000091924                CUSBGamePadXboxOneDevice::CUSBGamePadXboxOneDevice(CUSBFunction*)
                0x0000000000091924                CUSBGamePadXboxOneDevice::CUSBGamePadXboxOneDevice(CUSBFunction*)
                0x0000000000091960                CUSBGamePadXboxOneDevice::Configure()
 *fill*         0x0000000000091a58        0x8 
 .text._ZN24CUSBGamePadXboxOneDevice13GetPropertiesEv
                0x0000000000091a60        0x8 ../../lib/usb/libusb.a(usbgamepadxboxone.o)
                0x0000000000091a60                CUSBGamePadXboxOneDevice::GetProperties()
 *fill*         0x0000000000091a68       0x18 
 .text          0x0000000000091a80      0x7d8 ../../lib/usb/libusb.a(usbhiddevice.o)
                0x0000000000091a80                CUSBHIDDevice::SendCompletionRoutine(CUSBRequest*, void*, void*)
                0x0000000000091b10                CUSBHIDDevice::CUSBHIDDevice(CUSBFunction*, unsigned int)
                0x0000000000091b10                CUSBHIDDevice::CUSBHIDDevice(CUSBFunction*, unsigned int)
                0x0000000000091b68                CUSBHIDDevice::~CUSBHIDDevice()
                0x0000000000091b68                CUSBHIDDevice::~CUSBHIDDevice()
                0x0000000000091be4                CUSBHIDDevice::~CUSBHIDDevice()
                0x0000000000091c04                CUSBHIDDevice::ConfigureHID(unsigned int)
                0x0000000000091e80                CUSBHIDDevice::SendToEndpointOut(void const*, unsigned int, unsigned int)
                0x0000000000091f00                CUSBHIDDevice::SendToEndpointOutAsync(void const*, unsigned int, unsigned int)
                0x0000000000091fe4                CUSBHIDDevice::ReceiveFromEndpointIn(void*, unsigned int, unsigned int)
                0x0000000000092064                CUSBHIDDevice::StartRequest()
                0x0000000000092128                CUSBHIDDevice::CompletionRoutine(CUSBRequest*)
                0x000000000009222c                CUSBHIDDevice::CompletionStub(CUSBRequest*, void*, void*)
 *fill*         0x0000000000092258        0x8 
 .text          0x0000000000092260      0x5b4 ../../lib/usb/libusb.a(usbhostcontroller.o)
                0x0000000000092260                CUSBHostController::UpdatePlugAndPlay()
                0x0000000000092388                CUSBHostController::CUSBHostController(bool)
                0x0000000000092388                CUSBHostController::CUSBHostController(bool)
                0x00000000000923cc                CUSBHostController::~CUSBHostController()
                0x00000000000923cc                CUSBHostController::~CUSBHostController()
                0x00000000000923e0                CUSBHostController::~CUSBHostController()
                0x0000000000092420                CUSBHostController::ControlMessage(CUSBEndpoint*, unsigned char, unsigned char, unsigned short, unsigned short, void*, unsigned short)
                0x0000000000092528                CUSBHostController::GetDescriptor(CUSBEndpoint*, unsigned char, unsigned char, void*, unsigned int, unsigned char, unsigned short)
                0x0000000000092550                CUSBHostController::SetAddress(CUSBEndpoint*, unsigned char)
                0x00000000000925a0                CUSBHostController::SetConfiguration(CUSBEndpoint*, unsigned char)
                0x00000000000925ec                CUSBHostController::Transfer(CUSBEndpoint*, void*, unsigned int, unsigned int)
                0x0000000000092660                CUSBHostController::IsPlugAndPlay() const
                0x0000000000092668                CUSBHostController::PortStatusChanged(CUSBHCIRootPort*)
                0x0000000000092744                CUSBHostController::PortStatusChanged(CUSBStandardHub*)
 *fill*         0x0000000000092814        0xc 
 .text          0x0000000000092820      0x590 ../../lib/usb/libusb.a(usbkeyboard.o)
                0x0000000000092828                CUSBKeyboardDevice::~CUSBKeyboardDevice()
                0x0000000000092828                CUSBKeyboardDevice::~CUSBKeyboardDevice()
                0x00000000000928a8                CUSBKeyboardDevice::~CUSBKeyboardDevice()
                0x00000000000928c8                CUSBKeyboardDevice::ReportHandler(unsigned char const*, unsigned int)
                0x0000000000092a64                CUSBKeyboardDevice::CUSBKeyboardDevice(CUSBFunction*)
                0x0000000000092a64                CUSBKeyboardDevice::CUSBKeyboardDevice(CUSBFunction*)
                0x0000000000092ac4                CUSBKeyboardDevice::RegisterKeyPressedHandler(void (*)(char const*))
                0x0000000000092acc                CUSBKeyboardDevice::RegisterSelectConsoleHandler(void (*)(unsigned int))
                0x0000000000092ae0                CUSBKeyboardDevice::RegisterShutdownHandler(void (*)())
                0x0000000000092ae8                CUSBKeyboardDevice::GetLEDStatus() const
                0x0000000000092b04                CUSBKeyboardDevice::RegisterKeyStatusHandlerRaw(void (*)(unsigned char, unsigned char const*, void*), bool, void*)
                0x0000000000092b40                CUSBKeyboardDevice::RegisterKeyStatusHandlerRaw(void (*)(unsigned char, unsigned char const*), bool)
                0x0000000000092b60                CUSBKeyboardDevice::UnregisterKeyStatusHandlerRaw()
                0x0000000000092b6c                CUSBKeyboardDevice::SetLEDs(unsigned char)
                0x0000000000092bf0                CUSBKeyboardDevice::Configure()
                0x0000000000092d00                CUSBKeyboardDevice::UpdateLEDs()
                0x0000000000092d80                CUSBKeyboardDevice::FindByte(unsigned char const*, unsigned char, unsigned int)
 *fill*         0x0000000000092db0       0x10 
 .text.startup  0x0000000000092dc0       0x3c ../../lib/usb/libusb.a(usbkeyboard.o)
 *fill*         0x0000000000092dfc        0x4 
 .text          0x0000000000092e00      0xe74 ../../lib/usb/libusb.a(usbmassdevice.o)
                0x0000000000092e00                CUSBBulkOnlyMassStorageDevice::Seek(unsigned long)
                0x0000000000092e0c                CUSBBulkOnlyMassStorageDevice::~CUSBBulkOnlyMassStorageDevice()
                0x0000000000092e0c                CUSBBulkOnlyMassStorageDevice::~CUSBBulkOnlyMassStorageDevice()
                0x0000000000092ed0                CUSBBulkOnlyMassStorageDevice::~CUSBBulkOnlyMassStorageDevice()
                0x0000000000092ef0                CUSBBulkOnlyMassStorageDevice::GetSize() const
                0x0000000000092f44                CUSBBulkOnlyMassStorageDevice::CUSBBulkOnlyMassStorageDevice(CUSBFunction*)
                0x0000000000092f44                CUSBBulkOnlyMassStorageDevice::CUSBBulkOnlyMassStorageDevice(CUSBFunction*)
                0x0000000000092f80                CUSBBulkOnlyMassStorageDevice::GetCapacity() const
                0x0000000000092f88                CUSBBulkOnlyMassStorageDevice::Command(void*, unsigned long, void*, unsigned long, bool)
                0x00000000000933a8                CUSBBulkOnlyMassStorageDevice::TryRead(void*, unsigned long)
                0x0000000000093470                CUSBBulkOnlyMassStorageDevice::TryWrite(void const*, unsigned long)
                0x0000000000093540                CUSBBulkOnlyMassStorageDevice::Reset()
                0x00000000000936d0                CUSBBulkOnlyMassStorageDevice::Read(void*, unsigned long)
                0x0000000000093760                CUSBBulkOnlyMassStorageDevice::Write(void const*, unsigned long)
                0x00000000000937ec                CUSBBulkOnlyMassStorageDevice::Configure()
 *fill*         0x0000000000093c74        0xc 
 .text.startup  0x0000000000093c80       0x3c ../../lib/usb/libusb.a(usbmassdevice.o)
 *fill*         0x0000000000093cbc        0x4 
 .text          0x0000000000093cc0      0x86c ../../lib/usb/libusb.a(usbmidihost.o)
                0x0000000000093cc0                CUSBMIDIHostDevice::~CUSBMIDIHostDevice()
                0x0000000000093cc0                CUSBMIDIHostDevice::~CUSBMIDIHostDevice()
                0x0000000000093d70                CUSBMIDIHostDevice::~CUSBMIDIHostDevice()
                0x0000000000093d90                CUSBMIDIHostDevice::SendEventsHandler(unsigned char const*, unsigned int, void*)
                0x0000000000093e80                CUSBMIDIHostDevice::CUSBMIDIHostDevice(CUSBFunction*)
                0x0000000000093e80                CUSBMIDIHostDevice::CUSBMIDIHostDevice(CUSBFunction*)
                0x0000000000093f44                CUSBMIDIHostDevice::StartRequest()
                0x0000000000094010                CUSBMIDIHostDevice::TimerStub(unsigned long, void*, void*)
                0x0000000000094060                CUSBMIDIHostDevice::CompletionRoutine(CUSBRequest*)
                0x0000000000094248                CUSBMIDIHostDevice::CompletionStub(CUSBRequest*, void*, void*)
                0x0000000000094280                CUSBMIDIHostDevice::TimerHandler(unsigned long)
                0x00000000000942b0                CUSBMIDIHostDevice::Configure()
 *fill*         0x000000000009452c       0x14 
 .text          0x0000000000094540      0x808 ../../lib/usb/libusb.a(usbmouse.o)
                0x0000000000094540                CUSBMouseDevice::~CUSBMouseDevice()
                0x0000000000094540                CUSBMouseDevice::~CUSBMouseDevice()
                0x00000000000945a0                CUSBMouseDevice::~CUSBMouseDevice()
                0x00000000000945c0                CUSBMouseDevice::CUSBMouseDevice(CUSBFunction*)
                0x00000000000945c0                CUSBMouseDevice::CUSBMouseDevice(CUSBFunction*)
                0x0000000000094600                CUSBMouseDevice::ExtractUnsigned(void const*, unsigned int, unsigned int)
                0x00000000000946cc                CUSBMouseDevice::ExtractSigned(void const*, unsigned int, unsigned int)
                0x00000000000947c0                CUSBMouseDevice::ReportHandler(unsigned char const*, unsigned int)
                0x00000000000948a0                CUSBMouseDevice::DecodeReport()
                0x0000000000094bc4                CUSBMouseDevice::Configure()
 *fill*         0x0000000000094d48       0x18 
 .text          0x0000000000094d60      0x398 ../../lib/usb/libusb.a(usbprinter.o)
                0x0000000000094d60                CUSBPrinterDevice::~CUSBPrinterDevice()
                0x0000000000094d60                CUSBPrinterDevice::~CUSBPrinterDevice()
                0x0000000000094e00                CUSBPrinterDevice::~CUSBPrinterDevice()
                0x0000000000094e20                CUSBPrinterDevice::Write(void const*, unsigned long)
                0x0000000000094ec0                CUSBPrinterDevice::CUSBPrinterDevice(CUSBFunction*)
                0x0000000000094ec0                CUSBPrinterDevice::CUSBPrinterDevice(CUSBFunction*)
                0x0000000000094f00                CUSBPrinterDevice::Configure()
 *fill*         0x00000000000950f8        0x8 
 .text.startup  0x0000000000095100       0x3c ../../lib/usb/libusb.a(usbprinter.o)
 *fill*         0x000000000009513c        0x4 
 .text          0x0000000000095140      0x48c ../../lib/usb/libusb.a(usbrequest.o)
                0x0000000000095140                CUSBRequest::CUSBRequest(CUSBEndpoint*, void*, unsigned int, TSetupData*)
                0x0000000000095140                CUSBRequest::CUSBRequest(CUSBEndpoint*, void*, unsigned int, TSetupData*)
                0x00000000000951ac                CUSBRequest::~CUSBRequest()
                0x00000000000951ac                CUSBRequest::~CUSBRequest()
                0x00000000000951b0                CUSBRequest::GetEndpoint() const
                0x00000000000951e0                CUSBRequest::SetStatus(int)
                0x00000000000951e8                CUSBRequest::SetResultLen(unsigned int)
                0x00000000000951f0                CUSBRequest::SetUSBError(TUSBError)
                0x0000000000095200                CUSBRequest::GetStatus() const
                0x0000000000095208                CUSBRequest::GetResultLength() const
                0x0000000000095240                CUSBRequest::GetUSBError() const
                0x000000000009526c                CUSBRequest::GetSetupData()
                0x00000000000952c4                CUSBRequest::GetBuffer()
                0x0000000000095300                CUSBRequest::GetBufLen() const
                0x0000000000095308                CUSBRequest::AddIsoPacket(unsigned short)
                0x0000000000095384                CUSBRequest::GetNumIsoPackets() const
                0x00000000000953ac                CUSBRequest::GetIsoPacketSize(unsigned int) const
                0x00000000000953e0                CUSBRequest::SetCompletionRoutine(void (*)(CUSBRequest*, void*, void*), void*, void*)
                0x000000000009540c                CUSBRequest::CallCompletionRoutine()
                0x0000000000095440                CUSBRequest::SetCompleteOnNAK()
                0x000000000009544c                CUSBRequest::IsCompleteOnNAK() const
                0x0000000000095460                CUSBRequest::operator new(unsigned long)
                0x00000000000954ac                CUSBRequest::operator delete(void*, unsigned long)
                0x0000000000095500                CUSBRequest::InitAllocator(unsigned int)
                0x0000000000095568                CUSBRequest::InitProtectedAllocator(unsigned int, unsigned int)
 *fill*         0x00000000000955cc       0x14 
 .text          0x00000000000955e0     0x11cc ../../lib/usb/libusb.a(usbstandardhub.o)
                0x00000000000955e0                CUSBStandardHub::GetHubInfo() const
                0x00000000000955e8                CUSBStandardHub::~CUSBStandardHub()
                0x00000000000955e8                CUSBStandardHub::~CUSBStandardHub()
                0x0000000000095708                CUSBStandardHub::~CUSBStandardHub()
                0x0000000000095728                CUSBStandardHub::CUSBStandardHub(CUSBFunction*)
                0x0000000000095728                CUSBStandardHub::CUSBStandardHub(CUSBFunction*)
                0x00000000000957a0                CUSBStandardHub::DisablePort(unsigned int)
                0x0000000000095868                CUSBStandardHub::RemoveDeviceAt(unsigned int)
                0x00000000000958c4                CUSBStandardHub::StartStatusChangeRequest()
                0x00000000000959a0                CUSBStandardHub::CompletionRoutine(CUSBRequest*)
                0x0000000000095a64                CUSBStandardHub::CompletionStub(CUSBRequest*, void*, void*)
                0x0000000000095aa0                CUSBStandardHub::Initialize()
                0x0000000000095c04                CUSBStandardHub::EnumeratePorts()
                0x0000000000096280                CUSBStandardHub::ReScanDevices()
                0x0000000000096284                CUSBStandardHub::Configure()
                0x000000000009640c                CUSBStandardHub::HandlePortStatusChange()
 *fill*         0x00000000000967ac       0x14 
 .text.startup  0x00000000000967c0       0x3c ../../lib/usb/libusb.a(usbstandardhub.o)
 *fill*         0x00000000000967fc        0x4 
 .text          0x0000000000096800      0x534 ../../lib/usb/libusb.a(usbstring.o)
                0x0000000000096800                CUSBString::CUSBString(CUSBDevice*)
                0x0000000000096800                CUSBString::CUSBString(CUSBDevice*)
                0x0000000000096850                CUSBString::CUSBString(CUSBString*)
                0x0000000000096850                CUSBString::CUSBString(CUSBString*)
                0x000000000009690c                CUSBString::~CUSBString()
                0x000000000009690c                CUSBString::~CUSBString()
                0x0000000000096960                CUSBString::GetFromDescriptor(unsigned char, unsigned short)
                0x0000000000096ba8                CUSBString::Get() const
                0x0000000000096bb0                CUSBString::GetLanguageID()
 *fill*         0x0000000000096d34        0xc 
 .text          0x0000000000096d40      0x5c0 ../../lib/usb/libusb.a(usbserialch341.o)
                0x0000000000096d40                CUSBSerialCH341Device::~CUSBSerialCH341Device()
                0x0000000000096d40                CUSBSerialCH341Device::~CUSBSerialCH341Device()
                0x0000000000096d50                CUSBSerialCH341Device::~CUSBSerialCH341Device()
                0x0000000000096d84                CUSBSerialCH341Device::SetBaudRate(unsigned int)
                0x0000000000096ec0                CUSBSerialCH341Device::CUSBSerialCH341Device(CUSBFunction*)
                0x0000000000096ec0                CUSBSerialCH341Device::CUSBSerialCH341Device(CUSBFunction*)
                0x0000000000096ef0                CUSBSerialCH341Device::GetDeviceIDTable()
                0x0000000000096f00                CUSBSerialCH341Device::Configure()
                0x00000000000970b0                CUSBSerialCH341Device::SetLineProperties(TUSBSerialDataBits, TUSBSerialParity, TUSBSerialStopBits)
 .text          0x0000000000097300      0x628 ../../lib/usb/libusb.a(usbserialcp210x.o)
                0x0000000000097300                CUSBSerialCP210xDevice::~CUSBSerialCP210xDevice()
                0x0000000000097300                CUSBSerialCP210xDevice::~CUSBSerialCP210xDevice()
                0x0000000000097310                CUSBSerialCP210xDevice::~CUSBSerialCP210xDevice()
                0x0000000000097344                CUSBSerialCP210xDevice::SetBaudRate(unsigned int)
                0x0000000000097460                CUSBSerialCP210xDevice::CUSBSerialCP210xDevice(CUSBFunction*)
                0x0000000000097460                CUSBSerialCP210xDevice::CUSBSerialCP210xDevice(CUSBFunction*)
                0x00000000000974a0                CUSBSerialCP210xDevice::GetDeviceIDTable()
                0x00000000000974b0                CUSBSerialCP210xDevice::Configure()
                0x00000000000976b0                CUSBSerialCP210xDevice::SetLineProperties(TUSBSerialDataBits, TUSBSerialParity, TUSBSerialStopBits)
 *fill*         0x0000000000097928       0x18 
 .text          0x0000000000097940      0x970 ../../lib/usb/libusb.a(usbserialpl2303.o)
                0x0000000000097940                CUSBSerialPL2303Device::~CUSBSerialPL2303Device()
                0x0000000000097940                CUSBSerialPL2303Device::~CUSBSerialPL2303Device()
                0x0000000000097950                CUSBSerialPL2303Device::~CUSBSerialPL2303Device()
                0x0000000000097984                CUSBSerialPL2303Device::SetBaudRate(unsigned int)
                0x0000000000097ac0                CUSBSerialPL2303Device::CUSBSerialPL2303Device(CUSBFunction*)
                0x0000000000097ac0                CUSBSerialPL2303Device::CUSBSerialPL2303Device(CUSBFunction*)
                0x0000000000097af0                CUSBSerialPL2303Device::GetDeviceIDTable()
                0x0000000000097b00                CUSBSerialPL2303Device::Configure()
                0x0000000000098040                CUSBSerialPL2303Device::SetLineProperties(TUSBSerialDataBits, TUSBSerialParity, TUSBSerialStopBits)
 *fill*         0x00000000000982b0       0x10 
 .text          0x00000000000982c0      0x5e8 ../../lib/usb/libusb.a(usbserialft231x.o)
                0x00000000000982c0                CUSBSerialFT231XDevice::~CUSBSerialFT231XDevice()
                0x00000000000982c0                CUSBSerialFT231XDevice::~CUSBSerialFT231XDevice()
                0x00000000000982d0                CUSBSerialFT231XDevice::~CUSBSerialFT231XDevice()
                0x0000000000098304                CUSBSerialFT231XDevice::SetBaudRate(unsigned int)
                0x0000000000098440                CUSBSerialFT231XDevice::CUSBSerialFT231XDevice(CUSBFunction*)
                0x0000000000098440                CUSBSerialFT231XDevice::CUSBSerialFT231XDevice(CUSBFunction*)
                0x0000000000098470                CUSBSerialFT231XDevice::GetDeviceIDTable()
                0x0000000000098480                CUSBSerialFT231XDevice::Configure()
                0x0000000000098684                CUSBSerialFT231XDevice::SetLineProperties(TUSBSerialDataBits, TUSBSerialParity, TUSBSerialStopBits)
 *fill*         0x00000000000988a8       0x18 
 .text          0x00000000000988c0      0x2a0 ../../lib/usb/libusb.a(usbserialcdc.o)
                0x00000000000988c0                CUSBSerialCDCDevice::~CUSBSerialCDCDevice()
                0x00000000000988c0                CUSBSerialCDCDevice::~CUSBSerialCDCDevice()
                0x00000000000988d0                CUSBSerialCDCDevice::~CUSBSerialCDCDevice()
                0x0000000000098904                CUSBSerialCDCDevice::CUSBSerialCDCDevice(CUSBFunction*)
                0x0000000000098904                CUSBSerialCDCDevice::CUSBSerialCDCDevice(CUSBFunction*)
                0x0000000000098960                CUSBSerialCDCDevice::SetLineCoding()
                0x0000000000098a50                CUSBSerialCDCDevice::SetBaudRate(unsigned int)
                0x0000000000098a60                CUSBSerialCDCDevice::SetLineProperties(TUSBSerialDataBits, TUSBSerialParity, TUSBSerialStopBits)
                0x0000000000098a6c                CUSBSerialCDCDevice::Configure()
 .text          0x0000000000098b60      0xa58 ../../lib/usb/libusb.a(usbtouchscreen.o)
                0x0000000000098b60                CUSBTouchScreenDevice::~CUSBTouchScreenDevice()
                0x0000000000098b60                CUSBTouchScreenDevice::~CUSBTouchScreenDevice()
                0x0000000000098bb0                CUSBTouchScreenDevice::~CUSBTouchScreenDevice()
                0x0000000000098c00                CUSBTouchScreenDevice::CUSBTouchScreenDevice(CUSBFunction*)
                0x0000000000098c00                CUSBTouchScreenDevice::CUSBTouchScreenDevice(CUSBFunction*)
                0x0000000000098c60                CUSBTouchScreenDevice::DecodeReportDescriptor(unsigned char const*, unsigned int)
                0x0000000000099040                CUSBTouchScreenDevice::Configure()
                0x00000000000991f0                CUSBTouchScreenDevice::GetValue(void const*, CUSBTouchScreenDevice::TReportItem const&, unsigned int)
                0x00000000000992ac                CUSBTouchScreenDevice::ReportHandler(unsigned char const*, unsigned int)
 *fill*         0x00000000000995b8        0x8 
 .text          0x00000000000995c0      0xb48 ../../lib/usb/libusb.a(xhcidevice.o)
                0x00000000000995c0                CXHCIDevice::SubmitBlockingRequest(CUSBRequest*, unsigned int)
                0x000000000009962c                CXHCIDevice::SubmitAsyncRequest(CUSBRequest*, unsigned int)
                0x00000000000996a0                CXHCIDevice::CXHCIDevice(CInterruptSystem*, CTimer*, bool, unsigned int, CXHCISharedMemAllocator*)
                0x00000000000996a0                CXHCIDevice::CXHCIDevice(CInterruptSystem*, CTimer*, bool, unsigned int, CXHCISharedMemAllocator*)
                0x0000000000099760                CXHCIDevice::ReScanDevices()
                0x0000000000099788                CXHCIDevice::GetMMIOSpace()
                0x00000000000997b0                CXHCIDevice::GetSlotManager()
                0x00000000000997e0                CXHCIDevice::GetCommandManager()
                0x0000000000099808                CXHCIDevice::GetRootHub()
                0x0000000000099830                CXHCIDevice::AllocateSharedMem(unsigned long, unsigned long, unsigned long)
                0x00000000000998b0                CXHCIDevice::FreeSharedMem(void*)
                0x00000000000998e0                CXHCIDevice::InterruptHandler()
                0x0000000000099a40                CXHCIDevice::InterruptStub(void*)
                0x0000000000099a64                CXHCIDevice::HWReset()
                0x0000000000099b0c                CXHCIDevice::~CXHCIDevice()
                0x0000000000099b0c                CXHCIDevice::~CXHCIDevice()
                0x0000000000099c60                CXHCIDevice::~CXHCIDevice()
                0x0000000000099c80                CXHCIDevice::Initialize(bool)
                0x000000000009a068                CXHCIDevice::DumpStatus()
 *fill*         0x000000000009a108       0x18 
 .text          0x000000000009a120     0x13dc ../../lib/usb/libusb.a(xhciendpoint.o)
                0x000000000009a120                CXHCIEndpoint::CompletionRoutine(CUSBRequest*, void*, void*)
                0x000000000009a16c                CXHCIEndpoint::CXHCIEndpoint(CXHCIUSBDevice*, CXHCIDevice*)
                0x000000000009a16c                CXHCIEndpoint::CXHCIEndpoint(CXHCIUSBDevice*, CXHCIDevice*)
                0x000000000009a220                CXHCIEndpoint::~CXHCIEndpoint()
                0x000000000009a220                CXHCIEndpoint::~CXHCIEndpoint()
                0x000000000009a28c                CXHCIEndpoint::IsValid()
                0x000000000009a2a0                CXHCIEndpoint::GetTransferRing()
                0x000000000009a2c8                CXHCIEndpoint::TransferEvent(unsigned char, unsigned int)
                0x000000000009a440                CXHCIEndpoint::ResetFromHalted()
                0x000000000009a56c                CXHCIEndpoint::DumpStatus()
                0x000000000009a630                CXHCIEndpoint::EnqueueTRB(unsigned int, unsigned int, unsigned int, unsigned int)
                0x000000000009a720                CXHCIEndpoint::TransferAsync(CUSBRequest*, unsigned int)
                0x000000000009ac2c                CXHCIEndpoint::Transfer(CUSBRequest*, unsigned int)
                0x000000000009ada0                CXHCIEndpoint::GetInputContextSetMaxPacketSize()
                0x000000000009ae60                CXHCIEndpoint::SetMaxPacketSize(unsigned int)
                0x000000000009af84                CXHCIEndpoint::GetInputContextConfigureEndpoint()
                0x000000000009b180                CXHCIEndpoint::CXHCIEndpoint(CXHCIUSBDevice*, TUSBEndpointDescriptor const*, CXHCIDevice*)
                0x000000000009b180                CXHCIEndpoint::CXHCIEndpoint(CXHCIUSBDevice*, TUSBEndpointDescriptor const*, CXHCIDevice*)
                0x000000000009b460                CXHCIEndpoint::FreeInputContext()
                0x000000000009b4a0                CXHCIEndpoint::ConvertInterval(unsigned char, TUSBSpeed)
 *fill*         0x000000000009b4fc        0x4 
 .text          0x000000000009b500      0x4b4 ../../lib/usb/libusb.a(xhcieventmanager.o)
                0x000000000009b500                CXHCIEventManager::CXHCIEventManager(CXHCIDevice*)
                0x000000000009b500                CXHCIEventManager::CXHCIEventManager(CXHCIDevice*)
                0x000000000009b6d0                CXHCIEventManager::~CXHCIEventManager()
                0x000000000009b6d0                CXHCIEventManager::~CXHCIEventManager()
                0x000000000009b768                CXHCIEventManager::IsValid()
                0x000000000009b7a4                CXHCIEventManager::HandleEvents()
                0x000000000009b9a0                CXHCIEventManager::DumpStatus()
 *fill*         0x000000000009b9b4        0xc 
 .text          0x000000000009b9c0      0x538 ../../lib/usb/libusb.a(xhcimmiospace.o)
                0x000000000009b9c0                CXHCIMMIOSpace::CXHCIMMIOSpace(unsigned long)
                0x000000000009b9c0                CXHCIMMIOSpace::CXHCIMMIOSpace(unsigned long)
                0x000000000009ba60                CXHCIMMIOSpace::~CXHCIMMIOSpace()
                0x000000000009ba60                CXHCIMMIOSpace::~CXHCIMMIOSpace()
                0x000000000009ba64                CXHCIMMIOSpace::cap_read32(unsigned int)
                0x000000000009bac0                CXHCIMMIOSpace::op_read32(unsigned int)
                0x000000000009bb00                CXHCIMMIOSpace::pt_read32(unsigned int, unsigned int)
                0x000000000009bb40                CXHCIMMIOSpace::rt_read32(unsigned int)
                0x000000000009bb80                CXHCIMMIOSpace::rt_read32(unsigned int, unsigned int)
                0x000000000009bbc0                CXHCIMMIOSpace::rt_read64(unsigned int, unsigned int)
                0x000000000009bc0c                CXHCIMMIOSpace::op_write32(unsigned int, unsigned int)
                0x000000000009bc40                CXHCIMMIOSpace::db_write32(unsigned int, unsigned int)
                0x000000000009bc80                CXHCIMMIOSpace::pt_write32(unsigned int, unsigned int, unsigned int)
                0x000000000009bcc0                CXHCIMMIOSpace::rt_write32(unsigned int, unsigned int, unsigned int)
                0x000000000009bd00                CXHCIMMIOSpace::op_write64(unsigned int, unsigned long)
                0x000000000009bd50                CXHCIMMIOSpace::rt_write64(unsigned int, unsigned int, unsigned long)
                0x000000000009bda0                CXHCIMMIOSpace::op_wait32(unsigned int, unsigned int, unsigned int, unsigned int)
                0x000000000009be50                CXHCIMMIOSpace::DumpStatus()
                0x000000000009bec8                CXHCIMMIOSpace::cap_read32_raw(unsigned int)
 *fill*         0x000000000009bef8        0x8 
 .text          0x000000000009bf00      0x50c ../../lib/usb/libusb.a(xhciring.o)
                0x000000000009bf00                CXHCIRing::CXHCIRing(TXHCIRingType, unsigned int, CXHCIDevice*)
                0x000000000009bf00                CXHCIRing::CXHCIRing(TXHCIRingType, unsigned int, CXHCIDevice*)
                0x000000000009c02c                CXHCIRing::~CXHCIRing()
                0x000000000009c02c                CXHCIRing::~CXHCIRing()
                0x000000000009c040                CXHCIRing::IsValid() const
                0x000000000009c050                CXHCIRing::GetTRBCount() const
                0x000000000009c080                CXHCIRing::GetFirstTRB()
                0x000000000009c0a8                CXHCIRing::GetDequeueTRB()
                0x000000000009c110                CXHCIRing::GetEnqueueTRB()
                0x000000000009c180                CXHCIRing::IncrementDequeue()
                0x000000000009c244                CXHCIRing::IncrementEnqueue()
                0x000000000009c34c                CXHCIRing::GetCycleState() const
                0x000000000009c380                CXHCIRing::DumpStatus(char const*)
 *fill*         0x000000000009c40c       0x14 
 .text          0x000000000009c420      0x2d4 ../../lib/usb/libusb.a(xhciroothub.o)
                0x000000000009c420                CXHCIRootHub::CXHCIRootHub(unsigned int, CXHCIDevice*)
                0x000000000009c420                CXHCIRootHub::CXHCIRootHub(unsigned int, CXHCIDevice*)
                0x000000000009c48c                CXHCIRootHub::~CXHCIRootHub()
                0x000000000009c48c                CXHCIRootHub::~CXHCIRootHub()
                0x000000000009c4ec                CXHCIRootHub::Initialize()
                0x000000000009c5c0                CXHCIRootHub::ReScanDevices()
                0x000000000009c650                CXHCIRootHub::StatusChanged(unsigned char)
                0x000000000009c6a8                CXHCIRootHub::DumpStatus()
 *fill*         0x000000000009c6f4        0xc 
 .text          0x000000000009c700      0x964 ../../lib/usb/libusb.a(xhcirootport.o)
                0x000000000009c700                CXHCIRootPort::~CXHCIRootPort()
                0x000000000009c700                CXHCIRootPort::~CXHCIRootPort()
                0x000000000009c728                CXHCIRootPort::RemoveDevice()
                0x000000000009c76c                CXHCIRootPort::GetPortID() const
                0x000000000009c7a0                CXHCIRootPort::~CXHCIRootPort()
                0x000000000009c7f0                CXHCIRootPort::CXHCIRootPort(unsigned char, CXHCIDevice*)
                0x000000000009c7f0                CXHCIRootPort::CXHCIRootPort(unsigned char, CXHCIDevice*)
                0x000000000009c860                CXHCIRootPort::GetPortSpeed()
                0x000000000009c8e0                CXHCIRootPort::StatusChanged()
                0x000000000009c9c0                CXHCIRootPort::DumpStatus()
                0x000000000009ca60                CXHCIRootPort::IsConnected()
                0x000000000009cac0                CXHCIRootPort::Reset(unsigned int)
                0x000000000009cb84                CXHCIRootPort::WaitForU0State(unsigned int)
                0x000000000009cbe8                CXHCIRootPort::PowerOffOnOverCurrent()
                0x000000000009ccc0                CXHCIRootPort::Configure()
                0x000000000009cdb0                CXHCIRootPort::Initialize()
                0x000000000009cf60                CXHCIRootPort::ReScanDevices()
                0x000000000009cfa4                CXHCIRootPort::HandlePortStatusChange()
 *fill*         0x000000000009d064       0x1c 
 .text          0x000000000009d080      0x384 ../../lib/usb/libusb.a(xhcisharedmemallocator.o)
                0x000000000009d080                CXHCISharedMemAllocator::CXHCISharedMemAllocator(unsigned long, unsigned long)
                0x000000000009d080                CXHCISharedMemAllocator::CXHCISharedMemAllocator(unsigned long, unsigned long)
                0x000000000009d0e0                CXHCISharedMemAllocator::~CXHCISharedMemAllocator()
                0x000000000009d0e0                CXHCISharedMemAllocator::~CXHCISharedMemAllocator()
                0x000000000009d0e4                CXHCISharedMemAllocator::GetFreeSpace() const
                0x000000000009d100                CXHCISharedMemAllocator::Allocate(unsigned long, unsigned long, unsigned long)
                0x000000000009d340                CXHCISharedMemAllocator::Free(void*)
 *fill*         0x000000000009d404       0x1c 
 .text          0x000000000009d420      0x2cc ../../lib/usb/libusb.a(xhcislotmanager.o)
                0x000000000009d420                CXHCISlotManager::CXHCISlotManager(CXHCIDevice*)
                0x000000000009d420                CXHCISlotManager::CXHCISlotManager(CXHCIDevice*)
                0x000000000009d4c0                CXHCISlotManager::~CXHCISlotManager()
                0x000000000009d4c0                CXHCISlotManager::~CXHCISlotManager()
                0x000000000009d4e8                CXHCISlotManager::IsValid()
                0x000000000009d500                CXHCISlotManager::AssignDevice(unsigned char, CXHCIUSBDevice*)
                0x000000000009d5ec                CXHCISlotManager::FreeSlot(unsigned char)
                0x000000000009d650                CXHCISlotManager::AssignScratchpadBufferArray(unsigned long*)
                0x000000000009d688                CXHCISlotManager::TransferEvent(unsigned char, unsigned int, unsigned char, unsigned char)
                0x000000000009d6d0                CXHCISlotManager::DumpStatus()
 *fill*         0x000000000009d6ec       0x14 
 .text          0x000000000009d700      0x934 ../../lib/usb/libusb.a(xhciusbdevice.o)
                0x000000000009d700                CXHCIUSBDevice::~CXHCIUSBDevice()
                0x000000000009d700                CXHCIUSBDevice::~CXHCIUSBDevice()
                0x000000000009d7e0                CXHCIUSBDevice::~CXHCIUSBDevice()
                0x000000000009d800                CXHCIUSBDevice::CXHCIUSBDevice(CXHCIDevice*, TUSBSpeed, CXHCIRootPort*)
                0x000000000009d800                CXHCIUSBDevice::CXHCIUSBDevice(CXHCIDevice*, TUSBSpeed, CXHCIRootPort*)
                0x000000000009d880                CXHCIUSBDevice::CXHCIUSBDevice(CXHCIDevice*, TUSBSpeed, CUSBStandardHub*, unsigned int)
                0x000000000009d880                CXHCIUSBDevice::CXHCIUSBDevice(CXHCIDevice*, TUSBSpeed, CUSBStandardHub*, unsigned int)
                0x000000000009d900                CXHCIUSBDevice::GetSlotID() const
                0x000000000009d940                CXHCIUSBDevice::GetDeviceContext()
                0x000000000009d968                CXHCIUSBDevice::RegisterEndpoint(unsigned char, CXHCIEndpoint*)
                0x000000000009d9c0                CXHCIUSBDevice::TransferEvent(unsigned char, unsigned int, unsigned char)
                0x000000000009da20                CXHCIUSBDevice::DumpStatus()
                0x000000000009da84                CXHCIUSBDevice::GetInputContextAddressDevice()
                0x000000000009dcc0                CXHCIUSBDevice::GetInputContextEnableHubFunction()
                0x000000000009ddec                CXHCIUSBDevice::EnableHubFunction()
                0x000000000009de88                CXHCIUSBDevice::FreeInputContext()
                0x000000000009dec8                CXHCIUSBDevice::Initialize()
 *fill*         0x000000000009e034        0xc 
 .text          0x000000000009e040      0x4e0 ../../lib/usb/libusb.a(usbaudiocontrol.o)
                0x000000000009e040                CUSBAudioControlDevice::~CUSBAudioControlDevice()
                0x000000000009e040                CUSBAudioControlDevice::~CUSBAudioControlDevice()
                0x000000000009e0c0                CUSBAudioControlDevice::~CUSBAudioControlDevice()
                0x000000000009e0e0                CUSBAudioControlDevice::CUSBAudioControlDevice(CUSBFunction*)
                0x000000000009e0e0                CUSBAudioControlDevice::CUSBAudioControlDevice(CUSBFunction*)
                0x000000000009e120                CUSBAudioControlDevice::GetDeviceNumber() const
                0x000000000009e14c                CUSBAudioControlDevice::GetNextStreamingSubDeviceNumber()
                0x000000000009e160                CUSBAudioControlDevice::GetTerminalType(unsigned char, bool) const
                0x000000000009e1c0                CUSBAudioControlDevice::GetClockSourceID(unsigned char) const
                0x000000000009e240                CUSBAudioControlDevice::GetSelectorUnitID(unsigned char) const
                0x000000000009e2a0                CUSBAudioControlDevice::GetNumSources(unsigned char) const
                0x000000000009e2c8                CUSBAudioControlDevice::GetSourceID(unsigned char, unsigned int) const
                0x000000000009e304                CUSBAudioControlDevice::GetFeatureUnitID(unsigned char, bool) const
                0x000000000009e380                CUSBAudioControlDevice::GetClockSelectorID(unsigned int)
                0x000000000009e3b0                CUSBAudioControlDevice::IsControlSupported(unsigned char, unsigned int, CUSBAudioFeatureUnit::TControl) const
                0x000000000009e420                CUSBAudioControlDevice::Configure()
 .text.startup  0x000000000009e520       0x3c ../../lib/usb/libusb.a(usbaudiocontrol.o)
 *fill*         0x000000000009e55c        0x4 
 .text          0x000000000009e560     0x1e00 ../../lib/usb/libusb.a(usbaudiostreaming.o)
                0x000000000009e560                CUSBAudioStreamingDevice::CompletionHandler(CUSBRequest*, void*, void*)
                0x000000000009e608                CUSBAudioStreamingDevice::SyncCompletionHandler(CUSBRequest*, void*, void*)
                0x000000000009e9b0                CUSBAudioStreamingDevice::CUSBAudioStreamingDevice(CUSBFunction*)
                0x000000000009e9b0                CUSBAudioStreamingDevice::CUSBAudioStreamingDevice(CUSBFunction*)
                0x000000000009ea60                CUSBAudioStreamingDevice::GetDeviceInfo() const
                0x000000000009ea80                CUSBAudioStreamingDevice::GetChunkSizeBytes() const
                0x000000000009eaac                CUSBAudioStreamingDevice::SelectInputTerminal(unsigned int)
                0x000000000009ebcc                CUSBAudioStreamingDevice::SetMute(bool)
                0x000000000009eca0                CUSBAudioStreamingDevice::SetVolume(unsigned int, int)
                0x000000000009ee40                CUSBAudioStreamingDevice::InitTerminalControlInfo(CUSBAudioControlDevice*)
                0x000000000009ee84                CUSBAudioStreamingDevice::UpdateChunkSize()
                0x000000000009efa0                CUSBAudioStreamingDevice::Setup(unsigned int)
                0x000000000009f220                CUSBAudioStreamingDevice::SendChunk(void const*, unsigned int, void (*)(unsigned int, void*), void*)
                0x000000000009f430                CUSBAudioStreamingDevice::ReceiveChunk(void*, unsigned int, void (*)(unsigned int, void*), void*)
                0x000000000009f5a0                CUSBAudioStreamingDevice::~CUSBAudioStreamingDevice()
                0x000000000009f5a0                CUSBAudioStreamingDevice::~CUSBAudioStreamingDevice()
                0x000000000009f64c                CUSBAudioStreamingDevice::~CUSBAudioStreamingDevice()
                0x000000000009f670                CUSBAudioStreamingDevice::Initialize()
                0x000000000009f848                CUSBAudioStreamingDevice::Configure()
 .text          0x00000000000a0360     0x1394 ../../lib/usb/libusb.a(usbaudiofunctopology.o)
                0x00000000000a0360                CUSBAudioEntity::CUSBAudioEntity(CUSBAudioEntity::TEntityType)
                0x00000000000a0360                CUSBAudioEntity::CUSBAudioEntity(CUSBAudioEntity::TEntityType)
                0x00000000000a0380                CUSBAudioEntity::GetEntityType() const
                0x00000000000a0388                CUSBAudioEntity::SetID(unsigned char)
                0x00000000000a03c0                CUSBAudioEntity::GetID() const
                0x00000000000a03c8                CUSBAudioEntity::SetNumSources(unsigned int)
                0x00000000000a0400                CUSBAudioEntity::SetSourceID(unsigned int, unsigned char)
                0x00000000000a0460                CUSBAudioEntity::SetSourceID(unsigned char)
                0x00000000000a04a0                CUSBAudioEntity::GetNumSources() const
                0x00000000000a04a8                CUSBAudioEntity::GetSourceID(unsigned int) const
                0x00000000000a04e0                CUSBAudioEntity::SetNumChannels(unsigned int)
                0x00000000000a0510                CUSBAudioEntity::GetNumChannels() const
                0x00000000000a0540                CUSBAudioTerminal::CUSBAudioTerminal(TUSBAudioControlInterfaceDescriptor const*, bool)
                0x00000000000a0540                CUSBAudioTerminal::CUSBAudioTerminal(TUSBAudioControlInterfaceDescriptor const*, bool)
                0x00000000000a0720                CUSBAudioTerminal::IsInput() const
                0x00000000000a0728                CUSBAudioTerminal::GetTerminalType() const
                0x00000000000a0730                CUSBAudioTerminal::GetClockSourceID() const
                0x00000000000a0740                CUSBAudioMixerUnit::CUSBAudioMixerUnit(TUSBAudioControlInterfaceDescriptor const*, bool)
                0x00000000000a0740                CUSBAudioMixerUnit::CUSBAudioMixerUnit(TUSBAudioControlInterfaceDescriptor const*, bool)
                0x00000000000a08e0                CUSBAudioSelectorUnit::CUSBAudioSelectorUnit(TUSBAudioControlInterfaceDescriptor const*, bool)
                0x00000000000a08e0                CUSBAudioSelectorUnit::CUSBAudioSelectorUnit(TUSBAudioControlInterfaceDescriptor const*, bool)
                0x00000000000a0a4c                CUSBAudioFeatureUnit::CUSBAudioFeatureUnit(TUSBAudioControlInterfaceDescriptor const*, bool)
                0x00000000000a0a4c                CUSBAudioFeatureUnit::CUSBAudioFeatureUnit(TUSBAudioControlInterfaceDescriptor const*, bool)
                0x00000000000a0d68                CUSBAudioFeatureUnit::GetControlStatus(unsigned int, CUSBAudioFeatureUnit::TControl) const
                0x00000000000a0dcc                CUSBAudioClockSource::CUSBAudioClockSource(TUSBAudioControlInterfaceDescriptor const*, bool)
                0x00000000000a0dcc                CUSBAudioClockSource::CUSBAudioClockSource(TUSBAudioControlInterfaceDescriptor const*, bool)
                0x00000000000a0ea0                CUSBAudioClockSelector::CUSBAudioClockSelector(TUSBAudioControlInterfaceDescriptor const*, bool)
                0x00000000000a0ea0                CUSBAudioClockSelector::CUSBAudioClockSelector(TUSBAudioControlInterfaceDescriptor const*, bool)
                0x00000000000a0fe0                CUSBAudioFunctionTopology::CUSBAudioFunctionTopology()
                0x00000000000a0fe0                CUSBAudioFunctionTopology::CUSBAudioFunctionTopology()
                0x00000000000a0ff0                CUSBAudioFunctionTopology::~CUSBAudioFunctionTopology()
                0x00000000000a0ff0                CUSBAudioFunctionTopology::~CUSBAudioFunctionTopology()
                0x00000000000a102c                CUSBAudioFunctionTopology::GetEntity(unsigned char) const
                0x00000000000a1040                CUSBAudioFunctionTopology::FindEntity(CUSBAudioEntity::TEntityType, unsigned int) const
                0x00000000000a1080                CUSBAudioFunctionTopology::FindUpstream(CUSBAudioEntity*, CUSBAudioEntity*) const
                0x00000000000a11e0                CUSBAudioFunctionTopology::FindEntity(CUSBAudioEntity::TEntityType, CUSBAudioEntity*, bool) const
                0x00000000000a12e0                CUSBAudioEntity::Dump()
                0x00000000000a140c                CUSBAudioFunctionTopology::Parse(TUSBAudioControlInterfaceDescriptor const*)
                0x00000000000a16a0                CUSBAudioFunctionTopology::Dump()
 *fill*         0x00000000000a16f4        0xc 
 .text          0x00000000000a1700     0x10a0 ../../lib/usb/libusb.a(lan7800.o)
                0x00000000000a1700                CLAN7800Device::GetMACAddress() const
                0x00000000000a1708                CLAN7800Device::~CLAN7800Device()
                0x00000000000a1708                CLAN7800Device::~CLAN7800Device()
                0x00000000000a1788                non-virtual thunk to CLAN7800Device::~CLAN7800Device()
                0x00000000000a1790                CLAN7800Device::~CLAN7800Device()
                0x00000000000a17b0                CLAN7800Device::ReceiveFrame(void*, unsigned int*)
                0x00000000000a1924                non-virtual thunk to CLAN7800Device::ReceiveFrame(void*, unsigned int*)
                0x00000000000a19c0                CLAN7800Device::SendFrame(void const*, unsigned int)
                0x00000000000a1a00                non-virtual thunk to CLAN7800Device::GetMACAddress() const
                0x00000000000a1a08                non-virtual thunk to CLAN7800Device::~CLAN7800Device()
                0x00000000000a1a2c                non-virtual thunk to CLAN7800Device::SendFrame(void const*, unsigned int)
                0x00000000000a1a64                CLAN7800Device::CLAN7800Device(CUSBFunction*)
                0x00000000000a1a64                CLAN7800Device::CLAN7800Device(CUSBFunction*)
                0x00000000000a1aa4                CLAN7800Device::SetAddressFilter(int, unsigned char const*)
                0x00000000000a1b08                CLAN7800Device::WriteReg(unsigned int, unsigned int)
                0x00000000000a1ba4                CLAN7800Device::ReadReg(unsigned int, unsigned int*)
                0x00000000000a1c44                CLAN7800Device::SetMulticastFilter(unsigned char const (*) [6])
                0x00000000000a1da4                non-virtual thunk to CLAN7800Device::SetMulticastFilter(unsigned char const (*) [6])
                0x00000000000a1dac                CLAN7800Device::WaitReg(unsigned int, unsigned int, unsigned int, unsigned int, unsigned int)
                0x00000000000a1ea0                CLAN7800Device::PHYWrite(unsigned char, unsigned short)
                0x00000000000a1f60                CLAN7800Device::PHYRead(unsigned char, unsigned short*)
                0x00000000000a2040                CLAN7800Device::IsLinkUp()
                0x00000000000a2070                CLAN7800Device::GetLinkSpeed()
                0x00000000000a2128                non-virtual thunk to CLAN7800Device::GetLinkSpeed()
                0x00000000000a2130                CLAN7800Device::InitPHY()
                0x00000000000a21a0                non-virtual thunk to CLAN7800Device::IsLinkUp()
                0x00000000000a21e0                CLAN7800Device::ReadWriteReg(unsigned int, unsigned int, unsigned int)
                0x00000000000a2244                CLAN7800Device::InitMACAddress()
                0x00000000000a2368                CLAN7800Device::Configure()
 .text._ZN10CNetDevice7GetTypeEv
                0x00000000000a27a0        0x8 ../../lib/usb/libusb.a(lan7800.o)
                0x00000000000a27a0                CNetDevice::GetType()
 *fill*         0x00000000000a27a8       0x18 
 .text._ZN10CNetDevice20IsSendFrameAdvisableEv
                0x00000000000a27c0        0x8 ../../lib/usb/libusb.a(lan7800.o)
                0x00000000000a27c0                CNetDevice::IsSendFrameAdvisable()
 *fill*         0x00000000000a27c8       0x18 
 .text._ZN10CNetDevice9UpdatePHYEv
                0x00000000000a27e0        0x8 ../../lib/usb/libusb.a(lan7800.o)
                0x00000000000a27e0                CNetDevice::UpdatePHY()
 *fill*         0x00000000000a27e8       0x18 
 .text          0x00000000000a2800     0x1298 ../../lib/usb/libusb.a(smsc951x.o)
                0x00000000000a2800                CSMSC951xDevice::GetMACAddress() const
                0x00000000000a2808                CSMSC951xDevice::~CSMSC951xDevice()
                0x00000000000a2808                CSMSC951xDevice::~CSMSC951xDevice()
                0x00000000000a2888                non-virtual thunk to CSMSC951xDevice::~CSMSC951xDevice()
                0x00000000000a2890                CSMSC951xDevice::~CSMSC951xDevice()
                0x00000000000a28b0                CSMSC951xDevice::ReceiveFrame(void*, unsigned int*)
                0x00000000000a2a30                non-virtual thunk to CSMSC951xDevice::ReceiveFrame(void*, unsigned int*)
                0x00000000000a2acc                CSMSC951xDevice::SendFrame(void const*, unsigned int)
                0x00000000000a2b00                non-virtual thunk to CSMSC951xDevice::GetMACAddress() const
                0x00000000000a2b08                non-virtual thunk to CSMSC951xDevice::~CSMSC951xDevice()
                0x00000000000a2b2c                non-virtual thunk to CSMSC951xDevice::SendFrame(void const*, unsigned int)
                0x00000000000a2b64                CSMSC951xDevice::SetMulticastFilter(unsigned char const (*) [6])
                0x00000000000a2d00                non-virtual thunk to CSMSC951xDevice::SetMulticastFilter(unsigned char const (*) [6])
                0x00000000000a2d08                CSMSC951xDevice::CSMSC951xDevice(CUSBFunction*)
                0x00000000000a2d08                CSMSC951xDevice::CSMSC951xDevice(CUSBFunction*)
                0x00000000000a2d48                CSMSC951xDevice::Hash(unsigned char const*)
                0x00000000000a2d68                CSMSC951xDevice::PHYWaitNotBusy()
                0x00000000000a2e2c                CSMSC951xDevice::PHYWrite(unsigned char, unsigned short)
                0x00000000000a2f20                CSMSC951xDevice::PHYRead(unsigned char, unsigned short*)
                0x00000000000a3040                CSMSC951xDevice::IsLinkUp()
                0x00000000000a310c                non-virtual thunk to CSMSC951xDevice::IsLinkUp()
                0x00000000000a31e0                CSMSC951xDevice::GetLinkSpeed()
                0x00000000000a3300                non-virtual thunk to CSMSC951xDevice::GetLinkSpeed()
                0x00000000000a3420                CSMSC951xDevice::WriteReg(unsigned int, unsigned int)
                0x00000000000a3480                CSMSC951xDevice::ReadReg(unsigned int, unsigned int*)
                0x00000000000a34e0                CSMSC951xDevice::DumpReg(char const*, unsigned int)
                0x00000000000a35a0                CSMSC951xDevice::DumpRegs()
                0x00000000000a3700                CSMSC951xDevice::Configure()
 *fill*         0x00000000000a3a98        0x8 
 .text          0x00000000000a3aa0      0x624 ../../lib/usb/libusb.a(usbbluetooth.o)
                0x00000000000a3aa0                CUSBBluetoothDevice::~CUSBBluetoothDevice()
                0x00000000000a3aa0                CUSBBluetoothDevice::~CUSBBluetoothDevice()
                0x00000000000a3b80                CUSBBluetoothDevice::~CUSBBluetoothDevice()
                0x00000000000a3ba0                CUSBBluetoothDevice::CUSBBluetoothDevice(CUSBFunction*)
                0x00000000000a3ba0                CUSBBluetoothDevice::CUSBBluetoothDevice(CUSBFunction*)
                0x00000000000a3be0                CUSBBluetoothDevice::SendHCICommand(void const*, unsigned int)
                0x00000000000a3c40                CUSBBluetoothDevice::StartRequest()
                0x00000000000a3d04                CUSBBluetoothDevice::RegisterHCIEventHandler(void (*)(void const*, unsigned int))
                0x00000000000a3d30                CUSBBluetoothDevice::CompletionRoutine(CUSBRequest*)
                0x00000000000a3e4c                CUSBBluetoothDevice::CompletionStub(CUSBRequest*, void*, void*)
                0x00000000000a3e80                CUSBBluetoothDevice::Configure()
 *fill*         0x00000000000a40c4       0x1c 
 .text.startup  0x00000000000a40e0       0x3c ../../lib/usb/libusb.a(usbbluetooth.o)
 *fill*         0x00000000000a411c        0x4 
 .text          0x00000000000a4120      0x86c ../../lib/usb/libusb.a(usbcdcethernet.o)
                0x00000000000a4120                CUSBCDCEthernetDevice::GetMACAddress() const
                0x00000000000a4128                CUSBCDCEthernetDevice::~CUSBCDCEthernetDevice()
                0x00000000000a4128                CUSBCDCEthernetDevice::~CUSBCDCEthernetDevice()
                0x00000000000a41a8                non-virtual thunk to CUSBCDCEthernetDevice::~CUSBCDCEthernetDevice()
                0x00000000000a41b0                CUSBCDCEthernetDevice::~CUSBCDCEthernetDevice()
                0x00000000000a41e0                CUSBCDCEthernetDevice::SendFrame(void const*, unsigned int)
                0x00000000000a4280                non-virtual thunk to CUSBCDCEthernetDevice::SendFrame(void const*, unsigned int)
                0x00000000000a4288                CUSBCDCEthernetDevice::ReceiveFrame(void*, unsigned int*)
                0x00000000000a43e8                non-virtual thunk to CUSBCDCEthernetDevice::ReceiveFrame(void*, unsigned int*)
                0x00000000000a43f0                CUSBCDCEthernetDevice::CompletionRoutine(CUSBRequest*, void*, void*)
                0x00000000000a44c0                CUSBCDCEthernetDevice::SetMulticastFilter(unsigned char const (*) [6])
                0x00000000000a4540                non-virtual thunk to CUSBCDCEthernetDevice::SetMulticastFilter(unsigned char const (*) [6])
                0x00000000000a4548                non-virtual thunk to CUSBCDCEthernetDevice::GetMACAddress() const
                0x00000000000a4550                non-virtual thunk to CUSBCDCEthernetDevice::~CUSBCDCEthernetDevice()
                0x00000000000a4580                CUSBCDCEthernetDevice::CUSBCDCEthernetDevice(CUSBFunction*)
                0x00000000000a4580                CUSBCDCEthernetDevice::CUSBCDCEthernetDevice(CUSBFunction*)
                0x00000000000a4640                CUSBCDCEthernetDevice::GetMACAddressStringIndex()
                0x00000000000a46a0                CUSBCDCEthernetDevice::InitMACAddress(unsigned char)
                0x00000000000a47c0                CUSBCDCEthernetDevice::Configure()
 *fill*         0x00000000000a498c       0x14 
 .text._ZN10CNetDevice8IsLinkUpEv
                0x00000000000a49a0        0x8 ../../lib/usb/libusb.a(usbcdcethernet.o)
                0x00000000000a49a0                CNetDevice::IsLinkUp()
 *fill*         0x00000000000a49a8       0x18 
 .text._ZN10CNetDevice12GetLinkSpeedEv
                0x00000000000a49c0        0x8 ../../lib/usb/libusb.a(usbcdcethernet.o)
                0x00000000000a49c0                CNetDevice::GetLinkSpeed()
 *fill*         0x00000000000a49c8       0x18 
 .text          0x00000000000a49e0      0xdd4 ../../lib/usb/libusb.a(usbfloppydevice.o)
                0x00000000000a49e0                CUSBFloppyDiskDevice::Seek(unsigned long)
                0x00000000000a49ec                CUSBFloppyDiskDevice::~CUSBFloppyDiskDevice()
                0x00000000000a49ec                CUSBFloppyDiskDevice::~CUSBFloppyDiskDevice()
                0x00000000000a4ab0                CUSBFloppyDiskDevice::~CUSBFloppyDiskDevice()
                0x00000000000a4ad0                CUSBFloppyDiskDevice::GetSize() const
                0x00000000000a4b24                CUSBFloppyDiskDevice::CUSBFloppyDiskDevice(CUSBFunction*)
                0x00000000000a4b24                CUSBFloppyDiskDevice::CUSBFloppyDiskDevice(CUSBFunction*)
                0x00000000000a4b64                CUSBFloppyDiskDevice::Command(void*, unsigned long, void*, unsigned long, bool)
                0x00000000000a4e2c                CUSBFloppyDiskDevice::WaitUnitReady()
                0x00000000000a4fc8                CUSBFloppyDiskDevice::TryRead(void*, unsigned long)
                0x00000000000a50c0                CUSBFloppyDiskDevice::TryWrite(void const*, unsigned long)
                0x00000000000a51ac                CUSBFloppyDiskDevice::Write(void const*, unsigned long)
                0x00000000000a528c                CUSBFloppyDiskDevice::Read(void*, unsigned long)
                0x00000000000a536c                CUSBFloppyDiskDevice::Reset()
                0x00000000000a53cc                CUSBFloppyDiskDevice::Configure()
 *fill*         0x00000000000a57b4        0xc 
 .text.startup  0x00000000000a57c0       0x3c ../../lib/usb/libusb.a(usbfloppydevice.o)
 *fill*         0x00000000000a57fc        0x4 
 .text          0x00000000000a5800      0x370 ../../lib/usb/libusb.a(usbconfigparser.o)
                0x00000000000a5800                CUSBConfigurationParser::CUSBConfigurationParser(void const*, unsigned int)
                0x00000000000a5800                CUSBConfigurationParser::CUSBConfigurationParser(void const*, unsigned int)
                0x00000000000a598c                CUSBConfigurationParser::CUSBConfigurationParser(CUSBConfigurationParser*)
                0x00000000000a598c                CUSBConfigurationParser::CUSBConfigurationParser(CUSBConfigurationParser*)
                0x00000000000a59e0                CUSBConfigurationParser::~CUSBConfigurationParser()
                0x00000000000a59e0                CUSBConfigurationParser::~CUSBConfigurationParser()
                0x00000000000a59e4                CUSBConfigurationParser::IsValid() const
                0x00000000000a59ec                CUSBConfigurationParser::GetDescriptor(unsigned char)
                0x00000000000a5aa4                CUSBConfigurationParser::GetCurrentDescriptor()
                0x00000000000a5b00                CUSBConfigurationParser::Error(char const*) const
 *fill*         0x00000000000a5b70       0x10 
 .text          0x00000000000a5b80      0x264 ../../lib/usb/libusb.a(usbgamepad.o)
                0x00000000000a5b80                CUSBGamePadDevice::GetInitialState()
                0x00000000000a5b88                CUSBGamePadDevice::Configure()
                0x00000000000a5c60                CUSBGamePadDevice::ReportHandler(unsigned char const*, unsigned int)
                0x00000000000a5cc0                CUSBGamePadDevice::RegisterStatusHandler(void (*)(unsigned int, TGamePadState const*))
                0x00000000000a5d08                CUSBGamePadDevice::CUSBGamePadDevice(CUSBFunction*)
                0x00000000000a5d08                CUSBGamePadDevice::CUSBGamePadDevice(CUSBFunction*)
                0x00000000000a5d50                CUSBGamePadDevice::~CUSBGamePadDevice()
                0x00000000000a5d50                CUSBGamePadDevice::~CUSBGamePadDevice()
                0x00000000000a5dc4                CUSBGamePadDevice::~CUSBGamePadDevice()
 *fill*         0x00000000000a5de4       0x1c 
 .text.startup  0x00000000000a5e00       0x3c ../../lib/usb/libusb.a(usbgamepad.o)
 *fill*         0x00000000000a5e3c        0x4 
 .text          0x00000000000a5e40      0x788 ../../lib/usb/libusb.a(usbmidi.o)
                0x00000000000a5e40                CUSBMIDIDevice::~CUSBMIDIDevice()
                0x00000000000a5e40                CUSBMIDIDevice::~CUSBMIDIDevice()
                0x00000000000a5ecc                CUSBMIDIDevice::~CUSBMIDIDevice()
                0x00000000000a5f2c                CUSBMIDIDevice::CUSBMIDIDevice(CDevice*)
                0x00000000000a5f2c                CUSBMIDIDevice::CUSBMIDIDevice(CDevice*)
                0x00000000000a5fa0                CUSBMIDIDevice::RegisterPacketHandler(void (*)(unsigned int, unsigned char*, unsigned int))
                0x00000000000a6000                CUSBMIDIDevice::RegisterPacketHandler(void (*)(unsigned int, unsigned char*, unsigned int, unsigned int, void*), void*)
                0x00000000000a6060                CUSBMIDIDevice::SendEventPackets(unsigned char const*, unsigned int)
                0x00000000000a6088                CUSBMIDIDevice::SendPlainMIDI(unsigned int, unsigned char const*, unsigned int, unsigned int)
                0x00000000000a6488                CUSBMIDIDevice::SetAllSoundOffOnUSBError(bool)
                0x00000000000a6490                CUSBMIDIDevice::CallPacketHandler(unsigned char*, unsigned int)
                0x00000000000a6560                CUSBMIDIDevice::RegisterSendEventsHandler(bool (*)(unsigned char const*, unsigned int, void*), void*)
                0x00000000000a65c0                CUSBMIDIDevice::GetAllSoundOffOnUSBError() const
 *fill*         0x00000000000a65c8       0x18 
 .text.startup  0x00000000000a65e0       0x3c ../../lib/usb/libusb.a(usbmidi.o)
 *fill*         0x00000000000a661c        0x4 
 .text          0x00000000000a6620      0x878 ../../lib/usb/libusb.a(usbserialhost.o)
                0x00000000000a6620                CUSBSerialHostDevice::SetBaudRate(unsigned int)
                0x00000000000a6628                CUSBSerialHostDevice::SetLineProperties(TUSBSerialDataBits, TUSBSerialParity, TUSBSerialStopBits)
                0x00000000000a6630                CUSBSerialHostDevice::~CUSBSerialHostDevice()
                0x00000000000a6630                CUSBSerialHostDevice::~CUSBSerialHostDevice()
                0x00000000000a66c4                CUSBSerialHostDevice::~CUSBSerialHostDevice()
                0x00000000000a66e4                CUSBSerialHostDevice::Write(void const*, unsigned long)
                0x00000000000a6800                CUSBSerialHostDevice::Read(void*, unsigned long)
                0x00000000000a6a00                CUSBSerialHostDevice::WriteHandler(void const*, unsigned long, void*)