Archive member included to satisfy reference by file (symbol)

../../lib/libcircle.a(actled.o)
                              kernel.o (CActLED::CActLED(bool))
../../lib/libcircle.a(debug.o)
                              kernel.o (DebugHexDump(void const*, unsigned int, char const*, unsigned int))
../../lib/libcircle.a(devicenameservice.o)
                              kernel.o (CDeviceNameService::CDeviceNameService())
../../lib/libcircle.a(koptions.o)
                              kernel.o (CKernelOptions::~CKernelOptions())
../../lib/libcircle.a(logger.o)
                              kernel.o (CLogger::CLogger(unsigned int, CTimer*, bool))
../../lib/libcircle.a(machineinfo.o)
                              ../../lib/libcircle.a(logger.o) (CMachineInfo::GetMachineName() const)
../../lib/libcircle.a(screen.o)
                              kernel.o (CScreenDevice::~CScreenDevice())
../../lib/libcircle.a(serial.o)
                              kernel.o (CSerialDevice::~CSerialDevice())
../../lib/libcircle.a(string.o)
                              kernel.o (CString::~CString())
../../lib/libcircle.a(sysinit.o)
                              ../../lib/libcircle.a(logger.o) (set_qemu_exit_status)
../../lib/libcircle.a(timer.o)
                              kernel.o (CTimer::CTimer(CInterruptSystem*))
../../lib/libcircle.a(util.o)
                              ../../lib/libcircle.a(devicenameservice.o) (strlen)
../../lib/libcircle.a(util_fast.o)
                              ../../lib/libcircle.a(sysinit.o) (memset)
../../lib/libcircle.a(chainboot.o)
                              ../../lib/libcircle.a(sysinit.o) (IsChainBootEnabled)
../../lib/libcircle.a(macaddress.o)
                              kernel.o (CMACAddress::CMACAddress(unsigned char const*))
../../lib/libcircle.a(netdevice.o)
                              kernel.o (CNetDevice::GetNetDevice(unsigned int))
../../lib/libcircle.a(new.o)  ../../lib/libcircle.a(devicenameservice.o) (operator new(unsigned long))
../../lib/libcircle.a(heapallocator.o)
                              ../../lib/libcircle.a(new.o) (CHeapAllocator::Allocate(unsigned long))
../../lib/libcircle.a(font8x16.o)
                              kernel.o (Font8x16)
../../lib/libcircle.a(exceptionhandler64.o)
                              kernel.o (CExceptionHandler::~CExceptionHandler())
../../lib/libcircle.a(memory64.o)
                              ../../lib/libcircle.a(sysinit.o) (CMemorySystem::Destructor())
../../lib/libcircle.a(startup64.o)
                              (_start)
../../lib/libcircle.a(synchronize64.o)
                              ../../lib/libcircle.a(devicenameservice.o) (EnterCritical)
../../lib/libcircle.a(translationtable64.o)
                              ../../lib/libcircle.a(memory64.o) (CTranslationTable::GetBaseAddress() const)
../../lib/libcircle.a(interruptgic.o)
                              kernel.o (CInterruptSystem::CInterruptSystem())
../../lib/libcircle.a(devicetreeblob.o)
                              ../../lib/libcircle.a(machineinfo.o) (CDeviceTreeBlob::CDeviceTreeBlob(void const*))
../../lib/libcircle.a(southbridge.o)
                              ../../lib/libcircle.a(sysinit.o) (CSouthbridge::CSouthbridge(CInterruptSystem*))
../../lib/libcircle.a(gpiopin2712.o)
                              ../../lib/libcircle.a(serial.o) (CGPIOPin::CGPIOPin())
../../lib/libcircle.a(macb.o)
                              kernel.o (CMACBDevice::CMACBDevice())
../../lib/libcircle.a(alloc.o)
                              ../../lib/libcircle.a(translationtable64.o) (palloc)
../../lib/libcircle.a(assert.o)
                              ../../lib/libcircle.a(devicenameservice.o) (assertion_failed)
../../lib/libcircle.a(bcmframebuffer.o)
                              ../../lib/libcircle.a(screen.o) (CBcmFrameBuffer::CBcmFrameBuffer(unsigned int, unsigned int, unsigned int, unsigned int, unsigned int, unsigned int, bool))
../../lib/libcircle.a(bcmpropertytags.o)
                              ../../lib/libcircle.a(koptions.o) (CBcmPropertyTags::CBcmPropertyTags(bool))
../../lib/libcircle.a(delayloop.o)
                              ../../lib/libcircle.a(timer.o) (DelayLoop)
../../lib/libcircle.a(device.o)
                              ../../lib/libcircle.a(screen.o) (CDevice::Read(void*, unsigned long))
../../lib/libcircle.a(dmachannel.o)
                              ../../lib/libcircle.a(bcmframebuffer.o) (CDMAChannel::CDMAChannel(unsigned int, CInterruptSystem*))
../../lib/libcircle.a(ptrlist.o)
                              ../../lib/libcircle.a(timer.o) (CPtrList::CPtrList())
../../lib/libcircle.a(terminal.o)
                              ../../lib/libcircle.a(screen.o) (CTerminalDevice::CTerminalDevice(CDisplay*, unsigned int, TFont const&, CCharGenerator::TFontFlags))
../../lib/libcircle.a(pageallocator.o)
                              ../../lib/libcircle.a(memory64.o) (CPageAllocator::CPageAllocator())
../../lib/libcircle.a(exceptionstub64.o)
[...]
Memory Configuration

Name             Origin             Length             Attributes
*default*        0x0000000000000000 0xffffffffffffffff

Linker script and memory map

Address of section .init set to 0x80000

.init           0x0000000000080000       0xa8
 *(.init)
 .init          0x0000000000080000       0xa8 ../../lib/libcircle.a(startup64.o)
                0x0000000000080000                _start

.text           0x0000000000080800    0x172c8
 *(.text*)
 .text          0x0000000000080800        0x0 main.o
 .text.startup  0x0000000000080800       0x3c main.o
                0x0000000000080800                main
 *fill*         0x000000000008083c        0x4 
 .text          0x0000000000080840      0x450 kernel.o
                0x0000000000080840                CKernel::CKernel()
                0x0000000000080840                CKernel::CKernel()
                0x0000000000080940                CKernel::Initialize()
                0x0000000000080a00                CKernel::~CKernel()
                0x0000000000080a00                CKernel::~CKernel()
                0x0000000000080a80                CKernel::Run()
 *fill*         0x0000000000080c90       0x10 
 .text          0x0000000000080ca0      0x138 ../../lib/libcircle.a(actled.o)
                0x0000000000080ca0                CActLED::CActLED(bool)
                0x0000000000080ca0                CActLED::CActLED(bool)
                0x0000000000080d00                CActLED::~CActLED()
                0x0000000000080d00                CActLED::~CActLED()
                0x0000000000080d0c                CActLED::On()
                0x0000000000080d28                CActLED::Off()
                0x0000000000080d44                CActLED::Blink(unsigned int, unsigned int, unsigned int)
                0x0000000000080dcc                CActLED::Get()
 *fill*         0x0000000000080dd8        0x8 
 .text          0x0000000000080de0      0x2ac ../../lib/libcircle.a(debug.o)
                0x0000000000080de0                DebugStackTrace(unsigned long const*, char const*)
                0x0000000000080e84                DebugHexDump(void const*, unsigned int, char const*, unsigned int)
 *fill*         0x000000000008108c       0x14 
 .text          0x00000000000810a0      0x82c ../../lib/libcircle.a(devicenameservice.o)
                0x00000000000810a0                CDeviceNameService::CDeviceNameService()
                0x00000000000810a0                CDeviceNameService::CDeviceNameService()
                0x00000000000810e0                CDeviceNameService::~CDeviceNameService()
                0x00000000000810e0                CDeviceNameService::~CDeviceNameService()
                0x0000000000081140                CDeviceNameService::AddDevice(char const*, CDevice*, bool)
                0x0000000000081224                CDeviceNameService::RemoveDevice(char const*, bool)
                0x0000000000081360                CDeviceNameService::GetDevice(char const*, bool)
                0x0000000000081460                CDeviceNameService::EnumerateDevices(bool (*)(CDevice*, char const*, bool, void*), void*)
                0x0000000000081500                CDeviceNameService::Get()
                0x0000000000081530                CDeviceNameService::AddDevice(char const*, unsigned int, CDevice*, bool)
                0x00000000000815a8                CDeviceNameService::RemoveDevice(char const*, unsigned int, bool)
                0x0000000000081610                CDeviceNameService::GetDevice(char const*, unsigned int, bool)
                0x0000000000081680                CDeviceNameService::ListDevices(CDevice*, bool)
 *fill*         0x00000000000818cc       0x14 
 .text          0x00000000000818e0      0x958 ../../lib/libcircle.a(koptions.o)
                0x00000000000818e0                CKernelOptions::~CKernelOptions()
                0x00000000000818e0                CKernelOptions::~CKernelOptions()
                0x0000000000081948                CKernelOptions::GetWidth() const
                0x0000000000081950                CKernelOptions::GetHeight() const
                0x0000000000081960                CKernelOptions::GetLogDevice() const
                0x0000000000081968                CKernelOptions::GetLogLevel() const
                0x0000000000081970                CKernelOptions::GetKeyMap() const
                0x0000000000081980                CKernelOptions::GetUSBPowerDelay() const
                0x0000000000081988                CKernelOptions::GetUSBFullSpeed() const
                0x0000000000081990                CKernelOptions::GetUSBBoost() const
                0x00000000000819a0                CKernelOptions::GetUSBIgnore() const
                0x00000000000819a8                CKernelOptions::GetUSBSoundChannels() const
                0x00000000000819b0                CKernelOptions::GetSoundDevice() const
                0x00000000000819c0                CKernelOptions::GetSoundOption() const
                0x00000000000819c8                CKernelOptions::GetCPUSpeed() const
                0x00000000000819d0                CKernelOptions::GetSoCMaxTemp() const
                0x00000000000819e0                CKernelOptions::GetGPIOFanPin() const
                0x00000000000819e8                CKernelOptions::GetTouchScreen() const
                0x0000000000081a00                CKernelOptions::GetBacklight() const
                0x0000000000081a08                CKernelOptions::GetAppOptionString(char const*, char const*) const
                0x0000000000081a6c                CKernelOptions::GetAppOptionSignedDecimal(char const*, int) const
                0x0000000000081b00                CKernelOptions::Get()
                0x0000000000081b0c                CKernelOptions::GetToken()
                0x0000000000081b70                CKernelOptions::GetOptionValue(char*)
                0x0000000000081ba0                CKernelOptions::GetDecimal(char const*)
                0x0000000000081c00                CKernelOptions::GetAppOptionDecimal(char const*, unsigned int) const
                0x0000000000081c80                CKernelOptions::GetDecimals(char*, unsigned int*, unsigned int)
                0x0000000000081d64                CKernelOptions::CKernelOptions()
                0x0000000000081d64                CKernelOptions::CKernelOptions()
 *fill*         0x0000000000082238        0x8 
 .text          0x0000000000082240      0x9f4 ../../lib/libcircle.a(logger.o)
                0x0000000000082240                CLogger::CLogger(unsigned int, CTimer*, bool)
                0x0000000000082240                CLogger::CLogger(unsigned int, CTimer*, bool)
                0x00000000000822a0                CLogger::~CLogger()
                0x00000000000822a0                CLogger::~CLogger()
                0x0000000000082324                CLogger::SetNewTarget(CDevice*)
                0x000000000008232c                CLogger::GetTarget() const
                0x0000000000082340                CLogger::Get()
                0x00000000000823a8                CLogger::Write(char const*)
                0x00000000000824a0                CLogger::WriteNoAlloc(char const*, TLogSeverity, char const*)
                0x00000000000825a0                CLogger::Read(void*, unsigned int, bool)
                0x000000000008266c                CLogger::WriteEvent(char const*, TLogSeverity, char const*)
                0x00000000000827d0                CLogger::ReadEvent(TLogSeverity*, char*, char*, long*, unsigned int*, int*)
                0x0000000000082900                CLogger::RegisterEventNotificationHandler(void (*)())
                0x0000000000082908                CLogger::RegisterPanicHandler(void (*)())
                0x0000000000082910                CLogger::WriteV(char const*, TLogSeverity, char const*, std::__va_list)
                0x0000000000082ac0                CLogger::Write(char const*, TLogSeverity, char const*, ...)
                0x0000000000082b20                CLogger::Initialize(CDevice*)
 *fill*         0x0000000000082c34        0xc 
 .text          0x0000000000082c40     0x11dc ../../lib/libcircle.a(machineinfo.o)
                0x0000000000082c48                CMachineInfo::~CMachineInfo()
                0x0000000000082c48                CMachineInfo::~CMachineInfo()
                0x0000000000082ca0                CMachineInfo::GetMachineModel() const
                0x0000000000082ca8                CMachineInfo::GetMachineName() const
                0x0000000000082cc0                CMachineInfo::GetModelMajor() const
                0x0000000000082cc8                CMachineInfo::GetModelRevision() const
                0x0000000000082cd0                CMachineInfo::GetSoCType() const
                0x0000000000082ce0                CMachineInfo::GetSoCStepping() const
                0x0000000000082ce8                CMachineInfo::GetRAMSize() const
                0x0000000000082cf0                CMachineInfo::GetRAMSizeEarly()
                0x0000000000082d00                CMachineInfo::GetSoCName() const
                0x0000000000082d20                CMachineInfo::GetRevisionRaw() const
                0x0000000000082d28                CMachineInfo::GetActLEDInfo() const
                0x0000000000082d40                CMachineInfo::GetClockRate(unsigned int) const
                0x0000000000082ee4                CMachineInfo::GetGPIOPin(TGPIOVirtualPin) const
                0x0000000000082f8c                CMachineInfo::GetGPIOClockSourceRate(unsigned int)
                0x0000000000082fb0                CMachineInfo::GetDevice(TDeviceId) const
                0x0000000000082fe4                CMachineInfo::ArePWMChannelsSwapped() const
                0x0000000000083020                CMachineInfo::AllocateDMAChannel(unsigned int)
                0x00000000000830f0                CMachineInfo::FreeDMAChannel(unsigned int)
                0x0000000000083180                CMachineInfo::AllocateDMAChannelRP1(unsigned int)
                0x0000000000083248                CMachineInfo::FreeDMAChannelRP1(unsigned int)
                0x00000000000832d0                CMachineInfo::FetchDTB()
                0x0000000000083348                CMachineInfo::CMachineInfo()
                0x0000000000083348                CMachineInfo::CMachineInfo()
                0x0000000000083a20                CMachineInfo::CheckDTB(bool)
                0x0000000000083bcc                CMachineInfo::GetDTB() const
                0x0000000000083be0                CMachineInfo::GetPCIeMemory(unsigned int) const
                0x0000000000083c44                CMachineInfo::GetPCIeDMAMemory(unsigned int) const
                0x0000000000083dec                CMachineInfo::Get()
 *fill*         0x0000000000083e1c        0x4 
 .text          0x0000000000083e20      0x414 ../../lib/libcircle.a(screen.o)
                0x0000000000083e20                CScreenDevice::Write(void const*, unsigned long)
                0x0000000000083e40                CScreenDevice::~CScreenDevice()
                0x0000000000083e40                CScreenDevice::~CScreenDevice()
                0x0000000000083ec0                CScreenDevice::~CScreenDevice()
                0x0000000000083ee0                CScreenDevice::CScreenDevice(unsigned int, unsigned int, TFont const&, CCharGenerator::TFontFlags, unsigned int)
                0x0000000000083ee0                CScreenDevice::CScreenDevice(unsigned int, unsigned int, TFont const&, CCharGenerator::TFontFlags, unsigned int)
                0x0000000000083f48                CScreenDevice::Initialize()
                0x0000000000084048                CScreenDevice::Resize(unsigned int, unsigned int)
                0x00000000000840ac                CScreenDevice::GetWidth() const
                0x00000000000840c0                CScreenDevice::GetHeight() const
                0x00000000000840c8                CScreenDevice::GetColumns() const
                0x00000000000840d0                CScreenDevice::GetRows() const
                0x00000000000840e0                CScreenDevice::GetFrameBuffer()
                0x00000000000840e8                CScreenDevice::SetPixel(unsigned int, unsigned int, unsigned short)
                0x0000000000084100                CScreenDevice::GetPixel(unsigned int, unsigned int)
                0x0000000000084188                CScreenDevice::Rotor(unsigned int, unsigned int)
                0x0000000000084224                CScreenDevice::SetCursorBlock(bool)
                0x000000000008422c                CScreenDevice::Update(unsigned int)
 *fill*         0x0000000000084234        0xc 
 .text          0x0000000000084240     0x1250 ../../lib/libcircle.a(serial.o)
                0x0000000000084240                CSerialDevice::Read(void*, unsigned long)
                0x00000000000843a0                CSerialDevice::~CSerialDevice()
                0x00000000000843a0                CSerialDevice::~CSerialDevice()
                0x000000000008452c                CSerialDevice::~CSerialDevice()
                0x000000000008454c                CSerialDevice::CSerialDevice(CInterruptSystem*, bool, unsigned int)
                0x000000000008454c                CSerialDevice::CSerialDevice(CInterruptSystem*, bool, unsigned int)
                0x0000000000084720                CSerialDevice::Initialize(unsigned int, unsigned int, unsigned int, CSerialDevice::TParity)
                0x0000000000084a68                CSerialDevice::GetOptions() const
                0x0000000000084a70                CSerialDevice::SetOptions(unsigned int)
                0x0000000000084a80                CSerialDevice::SetParity(CSerialDevice::TParity)
                0x0000000000084bc8                CSerialDevice::IsTransmitting() const
                0x0000000000084c00                CSerialDevice::RegisterCharReceivedHandler(void (*)(unsigned char, int, void*), void*)
                0x0000000000084c30                CSerialDevice::RegisterMagicReceivedHandler(char const*, void (*)())
                0x0000000000084cd0                CSerialDevice::AvailableForWrite()
                0x0000000000084d80                CSerialDevice::AvailableForRead()
                0x0000000000084e50                CSerialDevice::Peek()
                0x0000000000084f20                CSerialDevice::Flush()
                0x0000000000084f40                CSerialDevice::Write(unsigned char)
                0x0000000000085040                CSerialDevice::Write(void const*, unsigned long)
                0x00000000000851e0                CSerialDevice::InterruptHandler()
                0x0000000000085408                CSerialDevice::InterruptStub(void*)
 *fill*         0x0000000000085490       0x10 
 .text          0x00000000000854a0     0x1b4c ../../lib/libcircle.a(string.o)
                0x00000000000854a0                CString::~CString()
                0x00000000000854a0                CString::~CString()
                0x00000000000854b0                CString::~CString()
                0x0000000000085588                CString::CString()
                0x0000000000085588                CString::CString()
                0x00000000000855a0                CString::CString(char const*)
                0x00000000000855a0                CString::CString(char const*)
                0x00000000000855e8                CString::CString(CString const&)
                0x00000000000855e8                CString::CString(CString const&)
                0x000000000008564c                CString::CString(CString&&)
                0x000000000008564c                CString::CString(CString&&)
                0x0000000000085670                CString::operator char const*() const
                0x0000000000085688                CString::operator=(char const*)
                0x00000000000856e0                CString::operator=(CString const&)
                0x0000000000085750                CString::operator=(CString&&)
                0x00000000000857c0                CString::c_str() const
                0x00000000000857e0                CString::GetLength() const
                0x00000000000857f0                CString::Append(char const*)
                0x00000000000858a0                CString::operator+=(char const*)
                0x00000000000858c0                CString::operator+=(CString const&)
                0x00000000000858f0                CString::Append(char)
                0x0000000000085910                CString::operator+=(char)
                0x0000000000085940                CString::Compare(char const*) const
                0x0000000000085960                CString::Find(char) const
                0x00000000000859a0                CString::TrimRight(char const*)
                0x0000000000085a24                CString::Replace(char const*, char const*)
                0x0000000000085bf0                CString::PutChar(char, unsigned long)
                0x0000000000085c4c                CString::PutString(char const*)
                0x0000000000085ca8                CString::ReserveSpace(unsigned long)
                0x0000000000085d50                CString::ntoa(char*, unsigned long, unsigned int, bool)
                0x0000000000085dc8                CString::lltoa(char*, unsigned long long, unsigned int, bool)
                0x0000000000085e48                CString::ftoa(char*, double, unsigned int)
                0x00000000000860a0                CString::FormatV(char const*, std::__va_list)
                0x0000000000086f88                CString::Format(char const*, ...)
 *fill*         0x0000000000086fec       0x14 
 .text          0x0000000000087000      0x328 ../../lib/libcircle.a(sysinit.o)
                0x0000000000087000                __aeabi_atexit
                0x0000000000087004                __cxa_atexit
                0x0000000000087008                __errno
                0x0000000000087020                set_qemu_exit_status
                0x0000000000087024                __GetCurrentStackNoWeak
                0x0000000000087060                GetCurrentStack
                0x0000000000087090                halt
                0x00000000000870ac                error_halt
                0x00000000000870e8                reboot
                0x0000000000087110                poweroff
                0x0000000000087124                is_power_button_pressed
                0x00000000000871ac                sysinit
 *fill*         0x0000000000087328       0x18 
 .text          0x0000000000087340      0xff0 ../../lib/libcircle.a(timer.o)
                0x0000000000087340                CTimer::CTimer(CInterruptSystem*)
                0x0000000000087340                CTimer::CTimer(CInterruptSystem*)
                0x00000000000873c4                CTimer::~CTimer()
                0x00000000000873c4                CTimer::~CTimer()
                0x00000000000874b0                CTimer::SetTimeZone(int)
                0x00000000000874d0                CTimer::GetTimeZone() const
                0x00000000000874e0                CTimer::SetTime(unsigned int, bool)
                0x0000000000087580                CTimer::GetClockTicks()
                0x00000000000875a0                CTimer::GetClockTicks64()
                0x00000000000875c0                CTimer::GetTicks() const
                0x00000000000875c8                CTimer::GetUptime() const
                0x00000000000875d0                CTimer::GetUptime(unsigned int*, unsigned int*)
                0x00000000000876a0                CTimer::GetTime() const
                0x00000000000876a8                CTimer::GetLocalTime(unsigned int*, unsigned int*)
                0x0000000000087780                CTimer::GetUniversalTime() const
                0x00000000000877a0                CTimer::GetUniversalTime(unsigned int*, unsigned int*)
                0x00000000000878a0                CTimer::GetTimeString()
                0x0000000000087ad0                CTimer::StartKernelTimer(unsigned int, void (*)(unsigned long, void*, void*), void*, void*)
                0x0000000000087c30                CTimer::CancelKernelTimer(unsigned long)
                0x0000000000087ce8                CTimer::PollKernelTimers()
                0x0000000000087e20                CTimer::InterruptHandler()
                0x0000000000087f30                CTimer::InterruptHandler(void*)
                0x0000000000087f60                CTimer::TuneMsDelay()
                0x0000000000088004                CTimer::Initialize()
                0x00000000000880e0                CTimer::RegisterUpdateTimeHandler(bool (*)(unsigned int, unsigned int))
                0x0000000000088130                CTimer::RegisterPeriodicHandler(void (*)())
                0x00000000000881a0                CTimer::SimpleMsDelay(unsigned int)
                0x0000000000088200                CTimer::SimpleusDelay(unsigned int)
                0x0000000000088248                CTimer::IsLeapYear(unsigned int)
                0x000000000008828c                CTimer::GetDaysOfMonth(unsigned int, unsigned int)
                0x0000000000088300                CTimer::Get()
 *fill*         0x0000000000088330       0x10 
 .text          0x0000000000088340      0x7f8 ../../lib/libcircle.a(util.o)
                0x0000000000088340                memmove
                0x0000000000088380                memcmp
                0x00000000000883c4                memmem
                0x000000000008842c                strlen
                0x0000000000088460                strnlen
                0x000000000008848c                strcmp
                0x0000000000088500                strcasecmp
                0x0000000000088588                strncmp
                0x00000000000885ec                strncasecmp
                0x0000000000088688                strcpy
                0x00000000000886c0                strncpy
                0x00000000000886ec                strcat
                0x000000000008872c                strncat
                0x0000000000088788                strchr
                0x00000000000887b0                strstr
                0x0000000000088800                strtok_r
                0x00000000000888e0                strtoul
                0x0000000000088a70                strtoull
                0x0000000000088a80                atoi
                0x0000000000088aa0                char2int
                0x0000000000088aa8                ether_crc
 .text          0x0000000000088b38       0xb0 ../../lib/libcircle.a(util_fast.o)
                0x0000000000088b38                memset
                0x0000000000088b88                memcpy
 *fill*         0x0000000000088be8       0x18 
 .text          0x0000000000088c00       0xbc ../../lib/libcircle.a(chainboot.o)
                0x0000000000088c4c                EnableChainBoot
                0x0000000000088c8c                IsChainBootEnabled
                0x0000000000088ca0                DoChainBoot
 *fill*         0x0000000000088cbc        0x4 
 .text          0x0000000000088cc0      0x400 ../../lib/libcircle.a(macaddress.o)
                0x0000000000088cc0                CMACAddress::CMACAddress()
                0x0000000000088cc0                CMACAddress::CMACAddress()
                0x0000000000088cc8                CMACAddress::CMACAddress(unsigned char const*)
                0x0000000000088cc8                CMACAddress::CMACAddress(unsigned char const*)
                0x0000000000088d20                CMACAddress::~CMACAddress()
                0x0000000000088d20                CMACAddress::~CMACAddress()
                0x0000000000088d24                CMACAddress::operator==(CMACAddress const&) const
                0x0000000000088d80                CMACAddress::operator!=(CMACAddress const&) const
                0x0000000000088de0                CMACAddress::Set(unsigned char const*)
                0x0000000000088e2c                CMACAddress::SetBroadcast()
                0x0000000000088e60                CMACAddress::SetMulticast(unsigned char const*)
                0x0000000000088eec                CMACAddress::Get() const
                0x0000000000088f20                CMACAddress::CopyTo(unsigned char*) const
                0x0000000000088f80                CMACAddress::IsBroadcast() const
                0x0000000000088fe0                CMACAddress::IsMulticast() const
                0x0000000000089044                CMACAddress::GetSize() const
                0x000000000008904c                CMACAddress::Format(CString*) const
 .text          0x00000000000890c0      0x148 ../../lib/libcircle.a(netdevice.o)
                0x00000000000890c0                CNetDevice::AddNetDevice()
                0x00000000000890e8                CNetDevice::GetSpeedString(TNetDeviceSpeed)
                0x000000000008910c                CNetDevice::GetNetDevice(unsigned int)
                0x0000000000089140                CNetDevice::GetNetDevice(TNetDeviceType)
 *fill*         0x0000000000089208       0x18 
 .text._ZN10CNetDevice7GetTypeEv
                0x0000000000089220        0x8 ../../lib/libcircle.a(netdevice.o)
                0x0000000000089220                CNetDevice::GetType()
 *fill*         0x0000000000089228       0x18 
 .text          0x0000000000089240      0x328 ../../lib/libcircle.a(new.o)
                0x0000000000089240                operator new(unsigned long, int)
                0x00000000000892c8                operator new[](unsigned long, int)
                0x0000000000089350                operator new(unsigned long, void*)
                0x0000000000089360                operator new[](unsigned long, void*)
                0x0000000000089368                operator new(unsigned long)
                0x0000000000089380                operator new[](unsigned long)
                0x00000000000893a0                operator delete(void*)
                0x00000000000893c8                operator delete[](void*)
                0x00000000000893f0                operator delete(void*, unsigned long)
                0x0000000000089420                operator delete[](void*, unsigned long)
                0x0000000000089448                operator new(unsigned long, std::align_val_t)
                0x0000000000089480                operator new[](unsigned long, std::align_val_t)
                0x00000000000894c0                operator delete(void*, std::align_val_t)
                0x00000000000894e8                operator delete[](void*, std::align_val_t)
                0x0000000000089510                operator delete(void*, unsigned long, std::align_val_t)
                0x0000000000089540                operator delete[](void*, unsigned long, std::align_val_t)
 *fill*         0x0000000000089568       0x18 
 .text          0x0000000000089580      0x534 ../../lib/libcircle.a(heapallocator.o)
                0x0000000000089580                CHeapAllocator::CHeapAllocator(char const*)
                0x0000000000089580                CHeapAllocator::CHeapAllocator(char const*)
                0x00000000000895e0                CHeapAllocator::~CHeapAllocator()
                0x00000000000895e0                CHeapAllocator::~CHeapAllocator()
                0x00000000000895e4                CHeapAllocator::Setup(unsigned long, unsigned long, unsigned long)
                0x0000000000089600                CHeapAllocator::GetFreeSpace() const
                0x000000000008960c                CHeapAllocator::DoAllocate(unsigned long)
                0x0000000000089828                CHeapAllocator::Allocate(unsigned long)
                0x000000000008982c                CHeapAllocator::DoFree(void*)
                0x00000000000899a0                CHeapAllocator::Free(void*)
                0x00000000000899a4                CHeapAllocator::DoReAllocate(void*, unsigned long)
                0x0000000000089ab0                CHeapAllocator::ReAllocate(void*, unsigned long)
 .text          0x0000000000089ab4        0x0 ../../lib/libcircle.a(font8x16.o)
 *fill*         0x0000000000089ab4        0xc 
 .text          0x0000000000089ac0      0x37c ../../lib/libcircle.a(exceptionhandler64.o)
                0x0000000000089ac0                CExceptionHandler::~CExceptionHandler()
                0x0000000000089ac0                CExceptionHandler::~CExceptionHandler()
                0x0000000000089acc                CExceptionHandler::~CExceptionHandler()
                0x0000000000089ae0                CExceptionHandler::Throw(unsigned int, TAbortFrame*)
                0x0000000000089d44                CExceptionHandler::CExceptionHandler()
                0x0000000000089d44                CExceptionHandler::CExceptionHandler()
                0x0000000000089d84                CExceptionHandler::Get()
                0x0000000000089dc0                ExceptionHandler
 *fill*         0x0000000000089e3c        0x4 
 .text          0x0000000000089e40      0x350 ../../lib/libcircle.a(memory64.o)
                0x0000000000089e40                CMemorySystem::Destructor()
                0x0000000000089ea0                CMemorySystem::~CMemorySystem()
                0x0000000000089ea0                CMemorySystem::~CMemorySystem()
                0x0000000000089ee0                CMemorySystem::SetupHighMem()
                0x0000000000089f40                CMemorySystem::GetMemSize() const
                0x0000000000089f80                CMemorySystem::Get()
                0x0000000000089fac                CMemorySystem::EnableMMU()
                0x000000000008a048                CMemorySystem::CMemorySystem(bool)
                0x000000000008a048                CMemorySystem::CMemorySystem(bool)
                0x000000000008a184                CMemorySystem::GetCoherentPage(unsigned int)
 .text          0x000000000008a190        0x0 ../../lib/libcircle.a(startup64.o)
 *fill*         0x000000000008a190       0x10 
 .text          0x000000000008a1a0      0x5f0 ../../lib/libcircle.a(synchronize64.o)
                0x000000000008a1a0                CurrentExecutionLevel
                0x000000000008a1c0                EnterCritical
                0x000000000008a280                LeaveCritical
                0x000000000008a2e0                InvalidateDataCache
                0x000000000008a4a4                InvalidateDataCacheL1Only
                0x000000000008a4e0                CleanDataCache
                0x000000000008a6a4                InvalidateDataCacheRange
                0x000000000008a6e8                CleanDataCacheRange
                0x000000000008a72c                CleanAndInvalidateDataCacheRange
                0x000000000008a770                SyncDataAndInstructionCache
 *fill*         0x000000000008a790       0x10 
 .text          0x000000000008a7a0      0x63c ../../lib/libcircle.a(translationtable64.o)
                0x000000000008a7a0                CTranslationTable::~CTranslationTable()
                0x000000000008a7a0                CTranslationTable::~CTranslationTable()
                0x000000000008a7a8                CTranslationTable::GetBaseAddress() const
                0x000000000008a7e0                CTranslationTable::CreateLevel3Table(unsigned long)
                0x000000000008aad0                CTranslationTable::CTranslationTable(unsigned long)
                0x000000000008aad0                CTranslationTable::CTranslationTable(unsigned long)
 *fill*         0x000000000008addc        0x4 
 .text          0x000000000008ade0      0xb64 ../../lib/libcircle.a(interruptgic.o)
                0x000000000008ade0                CInterruptSystem::CInterruptSystem()
                0x000000000008ade0                CInterruptSystem::CInterruptSystem()
                0x000000000008ae20                CInterruptSystem::~CInterruptSystem()
                0x000000000008ae20                CInterruptSystem::~CInterruptSystem()
                0x000000000008ae50                CInterruptSystem::Destructor()
                0x000000000008ae80                CInterruptSystem::Initialize()
                0x000000000008b008                CInterruptSystem::DisconnectFIQ()
                0x000000000008b120                CInterruptSystem::EnableIRQ(unsigned int)
                0x000000000008b1c0                CInterruptSystem::ConnectIRQ(unsigned int, void (*)(void*), void*)
                0x000000000008b28c                CInterruptSystem::DisableIRQ(unsigned int)
                0x000000000008b32c                CInterruptSystem::DisconnectIRQ(unsigned int)
                0x000000000008b404                CInterruptSystem::EnableFIQ(unsigned int)
                0x000000000008b4cc                CInterruptSystem::ConnectFIQ(unsigned int, void (*)(void*), void*)
                0x000000000008b5e8                CInterruptSystem::DisableFIQ()
                0x000000000008b660                CInterruptSystem::Get()
                0x000000000008b68c                CInterruptSystem::CallIRQHandler(unsigned int)
                0x000000000008b6e4                CInterruptSystem::InterruptHandler()
                0x000000000008b78c                InterruptHandler
                0x000000000008b790                CInterruptSystem::InitializeSecondary()
                0x000000000008b7c0                CInterruptSystem::SendIPI(unsigned int, unsigned int)
                0x000000000008b828                CInterruptSystem::CallSecureMonitor(unsigned int, unsigned int)
                0x000000000008b840                CInterruptSystem::SecureMonitorHandler(unsigned int, unsigned int)
                0x000000000008b940                SecureMonitorHandler
 *fill*         0x000000000008b944       0x1c 
 .text          0x000000000008b960      0x7a4 ../../lib/libcircle.a(devicetreeblob.o)
                0x000000000008b960                CDeviceTreeBlob::CDeviceTreeBlob(void const*)
                0x000000000008b960                CDeviceTreeBlob::CDeviceTreeBlob(void const*)
                0x000000000008ba24                CDeviceTreeBlob::~CDeviceTreeBlob()
                0x000000000008ba24                CDeviceTreeBlob::~CDeviceTreeBlob()
                0x000000000008ba40                CDeviceTreeBlob::FindNodeInternal(char const*, TDeviceTreeNode const*, TDeviceTreeNode const**) const
                0x000000000008bdc4                CDeviceTreeBlob::FindNode(char const*, TDeviceTreeNode const*) const
                0x000000000008bdcc                CDeviceTreeBlob::FindProperty(TDeviceTreeNode const*, char const*) const
                0x000000000008bfc0                CDeviceTreeBlob::GetPropertyValueLength(TDeviceTreeProperty const*) const
                0x000000000008c010                CDeviceTreeBlob::GetPropertyValue(TDeviceTreeProperty const*) const
                0x000000000008c048                CDeviceTreeBlob::GetPropertyValueWord(TDeviceTreeProperty const*, unsigned int) const
 *fill*         0x000000000008c104       0x1c 
 .text          0x000000000008c120      0x818 ../../lib/libcircle.a(southbridge.o)
                0x000000000008c120                CSouthbridge::CSouthbridge(CInterruptSystem*)
                0x000000000008c120                CSouthbridge::CSouthbridge(CInterruptSystem*)
                0x000000000008c1c0                CSouthbridge::~CSouthbridge()
                0x000000000008c1c0                CSouthbridge::~CSouthbridge()
                0x000000000008c260                CSouthbridge::Initialize()
                0x000000000008c3a8                CSouthbridge::EnableIRQ(unsigned int)
                0x000000000008c480                CSouthbridge::ConnectIRQ(unsigned int, void (*)(void*), void*)
                0x000000000008c540                CSouthbridge::DisableIRQ(unsigned int)
                0x000000000008c5e0                CSouthbridge::DisconnectIRQ(unsigned int)
                0x000000000008c6a0                CSouthbridge::InterruptHandler(void*)
                0x000000000008c7ec                CSouthbridge::Get()
                0x000000000008c820                CSouthbridge::DumpStatus()
 *fill*         0x000000000008c938        0x8 
 .text          0x000000000008c940     0x16b0 ../../lib/libcircle.a(gpiopin2712.o)
                0x000000000008c940                CGPIOPin::CGPIOPin()
                0x000000000008c940                CGPIOPin::CGPIOPin()
                0x000000000008c96c                CGPIOPin::~CGPIOPin()
                0x000000000008c96c                CGPIOPin::~CGPIOPin()
                0x000000000008c970                CGPIOPin::AssignPin(unsigned int)
                0x000000000008ca6c                CGPIOPin::SetPullMode(TGPIOPullMode)
                0x000000000008cb60                CGPIOPin::SetSchmittTrigger(bool)
                0x000000000008cbe8                CGPIOPin::SetFilterConstant(unsigned int)
                0x000000000008cc80                CGPIOPin::SetDriveStrength(TGPIODriveStrength)
                0x000000000008cd20                CGPIOPin::SetSlewRate(TGPIOSlewRate)
                0x000000000008cdc0                CGPIOPin::Write(unsigned int)
                0x000000000008ce60                CGPIOPin::Read() const
                0x000000000008cf00                CGPIOPin::Invert()
                0x000000000008cf80                CGPIOPin::ConnectInterrupt(void (*)(void*), void*, bool)
                0x000000000008d100                CGPIOPin::DisconnectInterrupt()
                0x000000000008d260                CGPIOPin::EnableInterrupt(TGPIOInterrupt)
                0x000000000008d3e0                CGPIOPin::DisableInterrupt()
                0x000000000008d500                CGPIOPin::EnableInterrupt2(TGPIOInterrupt)
                0x000000000008d680                CGPIOPin::DisableInterrupt2()
                0x000000000008d7a0                CGPIOPin::AcknowledgeInterrupt()
                0x000000000008d8a4                CGPIOPin::SetModeAll(unsigned int, unsigned int)
                0x000000000008d904                CGPIOPin::WriteAll(unsigned int, unsigned int)
                0x000000000008d94c                CGPIOPin::ReadAll()
                0x000000000008d960                CGPIOPin::DumpStatus()
                0x000000000008da80                CGPIOPin::SetAlternateFunction(unsigned int)
                0x000000000008db44                CGPIOPin::SetMode(TGPIOMode, bool)
                0x000000000008dd84                CGPIOPin::CGPIOPin(unsigned int, TGPIOMode, CGPIOManager*)
                0x000000000008dd84                CGPIOPin::CGPIOPin(unsigned int, TGPIOMode, CGPIOManager*)
                0x000000000008dde0                CGPIOPin::InterruptHandler()
                0x000000000008de68                CGPIOPin::DisableAllInterrupts(unsigned int)
                0x000000000008df48                CGPIOPin::Pin2Bank(unsigned int, unsigned int*, unsigned int*)
 *fill*         0x000000000008dff0       0x10 
 .text.startup  0x000000000008e000       0x10 ../../lib/libcircle.a(gpiopin2712.o)
 *fill*         0x000000000008e010       0x10 
 .text          0x000000000008e020     0x1414 ../../lib/libcircle.a(macb.o)
                0x000000000008e020                CMACBDevice::GetMACAddress() const
                0x000000000008e028                CMACBDevice::GetLinkSpeed()
                0x000000000008e0a8                CMACBDevice::IsSendFrameAdvisable()
                0x000000000008e160                CMACBDevice::ReceiveFrame(void*, unsigned int*)
                0x000000000008e280                CMACBDevice::SendFrame(void const*, unsigned int)
                0x000000000008e3e0                CMACBDevice::SetMulticastFilter(unsigned char const (*) [6])
                0x000000000008e4f0                CMACBDevice::CMACBDevice()
                0x000000000008e4f0                CMACBDevice::CMACBDevice()
                0x000000000008e560                CMACBDevice::hash_get_index(unsigned char const*)
                0x000000000008e5c4                CMACBDevice::hash_bit_value(int, unsigned char const*)
                0x000000000008e5e8                CMACBDevice::eth_alloc()
                0x000000000008e6c4                CMACBDevice::macb_halt()
                0x000000000008e700                CMACBDevice::~CMACBDevice()
                0x000000000008e700                CMACBDevice::~CMACBDevice()
                0x000000000008e74c                CMACBDevice::~CMACBDevice()
                0x000000000008e7a4                CMACBDevice::macb_dbw()
                0x000000000008e7e0                CMACBDevice::gem_mdc_clk_div(int)
                0x000000000008e7e8                CMACBDevice::write_hwaddr()
                0x000000000008e888                CMACBDevice::set_addr(CMACBDevice::TDMADescriptor*, unsigned long)
                0x000000000008e8a0                CMACBDevice::gmac_configure_dma()
                0x000000000008e8cc                CMACBDevice::gmac_init_multi_queues()
                0x000000000008e980                CMACBDevice::mdio_write(unsigned char, unsigned char, unsigned short)
                0x000000000008e9e4                CMACBDevice::phy_write_shadow(unsigned short, unsigned short)
                0x000000000008ea00                CMACBDevice::phy_write_exp(unsigned short, unsigned short)
                0x000000000008ea40                CMACBDevice::mdio_read(unsigned char, unsigned char)
                0x000000000008eaac                CMACBDevice::phy_read_status()
                0x000000000008ec00                CMACBDevice::phy_find()
                0x000000000008eccc                CMACBDevice::phy_init()
                0x000000000008edac                CMACBDevice::macb_initialize()
                0x000000000008eeec                CMACBDevice::phy_setup()
                0x000000000008f060                CMACBDevice::UpdatePHY()
                0x000000000008f100                CMACBDevice::IsLinkUp()
                0x000000000008f1e8                CMACBDevice::mdio_reset()
                0x000000000008f230                CMACBDevice::mii_nway_result(unsigned int)
                0x000000000008f268                CMACBDevice::Initialize()
 *fill*         0x000000000008f434        0xc 
 .text          0x000000000008f440      0x154 ../../lib/libcircle.a(alloc.o)
                0x000000000008f440                malloc
                0x000000000008f460                memalign
                0x000000000008f4a0                free
                0x000000000008f4c8                calloc
                0x000000000008f540                realloc
                0x000000000008f56c                palloc
                0x000000000008f580                pfree
 *fill*         0x000000000008f594        0xc 
 .text          0x000000000008f5a0       0x8c ../../lib/libcircle.a(assert.o)
                0x000000000008f5a0                assertion_failed
 *fill*         0x000000000008f62c       0x14 
 .text          0x000000000008f640      0x974 ../../lib/libcircle.a(bcmframebuffer.o)
                0x000000000008f640                CBcmFrameBuffer::SetPixel(unsigned int, unsigned int, unsigned int)
                0x000000000008f6a4                CBcmFrameBuffer::GetWidth() const
                0x000000000008f6ac                CBcmFrameBuffer::GetHeight() const
                0x000000000008f6c0                CBcmFrameBuffer::GetDepth() const
                0x000000000008f6c8                CBcmFrameBuffer::~CBcmFrameBuffer()
                0x000000000008f6c8                CBcmFrameBuffer::~CBcmFrameBuffer()
                0x000000000008f720                CBcmFrameBuffer::SetArea(CDisplay::TArea const&, void const*, void (*)(void*), void*)
                0x000000000008f800                CBcmFrameBuffer::DMACompletionRoutine(unsigned int, unsigned int, bool, void*)
                0x000000000008f8e4                CBcmFrameBuffer::~CBcmFrameBuffer()
                0x000000000008f930                CBcmFrameBuffer::CBcmFrameBuffer(unsigned int, unsigned int, unsigned int, unsigned int, unsigned int, unsigned int, bool)
                0x000000000008f930                CBcmFrameBuffer::CBcmFrameBuffer(unsigned int, unsigned int, unsigned int, unsigned int, unsigned int, unsigned int, bool)
                0x000000000008fb00                CBcmFrameBuffer::SetPalette(unsigned char, unsigned short)
                0x000000000008fb60                CBcmFrameBuffer::SetPalette32(unsigned char, unsigned int)
                0x000000000008fba0                CBcmFrameBuffer::GetVirtWidth() const
                0x000000000008fba8                CBcmFrameBuffer::GetVirtHeight() const
                0x000000000008fbb0                CBcmFrameBuffer::GetPitch() const
                0x000000000008fbc0                CBcmFrameBuffer::GetBuffer() const
                0x000000000008fbc8                CBcmFrameBuffer::GetSize() const
                0x000000000008fbd0                CBcmFrameBuffer::UpdatePalette()
                0x000000000008fcc0                CBcmFrameBuffer::SetVirtualOffset(unsigned int, unsigned int)
                0x000000000008fd80                CBcmFrameBuffer::WaitForVerticalSync()
                0x000000000008fde8                CBcmFrameBuffer::SetBacklightBrightness(unsigned int)
                0x000000000008fe60                CBcmFrameBuffer::Initialize()
                0x000000000008ff80                CBcmFrameBuffer::SetDisplay()
                0x000000000008ffa0                CBcmFrameBuffer::GetNumDisplays()
 *fill*         0x000000000008ffb4        0xc 
 .text          0x000000000008ffc0      0x260 ../../lib/libcircle.a(bcmpropertytags.o)
                0x000000000008ffc0                CBcmPropertyTags::CBcmPropertyTags(bool)
                0x000000000008ffc0                CBcmPropertyTags::CBcmPropertyTags(bool)
                0x000000000008ffcc                CBcmPropertyTags::~CBcmPropertyTags()
                0x000000000008ffcc                CBcmPropertyTags::~CBcmPropertyTags()
                0x000000000008ffd0                CBcmPropertyTags::GetTags(void*, unsigned int)
                0x0000000000090120                CBcmPropertyTags::GetTag(unsigned int, void*, unsigned int, unsigned int)
 *fill*         0x0000000000090220       0x20 
 .text          0x0000000000090240       0x14 ../../lib/libcircle.a(delayloop.o)
                0x0000000000090240                DelayLoop
 *fill*         0x0000000000090254        0xc 
 .text          0x0000000000090260      0x360 ../../lib/libcircle.a(device.o)
                0x0000000000090260                CDevice::Read(void*, unsigned long)
                0x0000000000090260                CDevice::Write(void const*, unsigned long)
                0x0000000000090268                CDevice::Seek(unsigned long)
                0x0000000000090270                CDevice::GetSize() const
                0x0000000000090280                CDevice::IOCtl(unsigned long, void*)
                0x0000000000090288                CDevice::RemoveDevice()
                0x0000000000090290                CDevice::CDevice(CDevice*)
                0x0000000000090290                CDevice::CDevice(CDevice*)
                0x000000000009030c                CDevice::RegisterRemovedHandler(void (*)(CDevice*, void*), void*)
                0x00000000000903a4                CDevice::UnregisterRemovedHandler(void*)
                0x0000000000090420                CDevice::SetProperty(CDevice::TProperty, char const*)
                0x00000000000904a0                CDevice::GetProperty(CDevice::TProperty) const
                0x00000000000904e0                CDevice::~CDevice()
                0x00000000000904e0                CDevice::~CDevice()
                0x00000000000905a0                CDevice::~CDevice()
 .text          0x00000000000905c0     0x12a4 ../../lib/libcircle.a(dmachannel.o)
                0x00000000000905c0                CDMAChannel::CDMAChannel(unsigned int, CInterruptSystem*)
                0x00000000000905c0                CDMAChannel::CDMAChannel(unsigned int, CInterruptSystem*)
                0x0000000000090744                CDMAChannel::~CDMAChannel()
                0x0000000000090744                CDMAChannel::~CDMAChannel()
                0x00000000000908a0                CDMAChannel::SetupMemCopy(void*, void const*, unsigned long, unsigned int, bool)
                0x0000000000090a90                CDMAChannel::SetupIORead(void*, unsigned long, unsigned long, TDREQ)
                0x0000000000090c40                CDMAChannel::SetupIOWrite(unsigned long, void const*, unsigned long, TDREQ)
                0x0000000000090dec                CDMAChannel::SetupCyclicIOWrite(unsigned long, void const**, unsigned int, unsigned long, TDREQ)
                0x00000000000910a0                CDMAChannel::SetupMemCopy2D(void*, void const*, unsigned long, unsigned int, unsigned long, unsigned int)
                0x00000000000912c0                CDMAChannel::SetCompletionRoutine(void (*)(unsigned int, unsigned int, bool, void*), void*)
                0x0000000000091380                CDMAChannel::Start()
                0x0000000000091520                CDMAChannel::Wait()
                0x00000000000915e0                CDMAChannel::GetStatus()
                0x0000000000091650                CDMAChannel::Cancel()
                0x00000000000916a4                CDMAChannel::InterruptHandler()
                0x0000000000091840                CDMAChannel::InterruptStub(void*)
 *fill*         0x0000000000091864       0x1c 
 .text          0x0000000000091880      0x478 ../../lib/libcircle.a(ptrlist.o)
                0x0000000000091880                CPtrList::CPtrList()
                0x0000000000091880                CPtrList::CPtrList()
                0x0000000000091888                CPtrList::~CPtrList()
                0x0000000000091888                CPtrList::~CPtrList()
                0x00000000000918c0                CPtrList::GetFirst() const
                0x00000000000918c8                CPtrList::GetNext(TPtrListElement*) const
                0x0000000000091924                CPtrList::GetPtr(TPtrListElement*)
                0x0000000000091980                CPtrList::InsertBefore(TPtrListElement*, void*)
                0x0000000000091a80                CPtrList::InsertAfter(TPtrListElement*, void*)
                0x0000000000091b80                CPtrList::Remove(TPtrListElement*)
                0x0000000000091ca0                CPtrList::Find(void*) const
 *fill*         0x0000000000091cf8        0x8 
 .text          0x0000000000091d00     0x1fb0 ../../lib/libcircle.a(terminal.o)
                0x0000000000091d00                CTerminalDevice::~CTerminalDevice()
                0x0000000000091d00                CTerminalDevice::~CTerminalDevice()
                0x0000000000091d6c                CTerminalDevice::~CTerminalDevice()
                0x0000000000091f88                CTerminalDevice::CTerminalDevice(CDisplay*, unsigned int, TFont const&, CCharGenerator::TFontFlags)
                0x0000000000091f88                CTerminalDevice::CTerminalDevice(CDisplay*, unsigned int, TFont const&, CCharGenerator::TFontFlags)
                0x0000000000092024                CTerminalDevice::GetWidth() const
                0x000000000009202c                CTerminalDevice::GetHeight() const
                0x0000000000092040                CTerminalDevice::GetColumns() const
                0x0000000000092050                CTerminalDevice::GetRows() const
                0x0000000000092060                CTerminalDevice::GetDisplay()
                0x0000000000092068                CTerminalDevice::SetPixel(unsigned int, unsigned int, CDisplay::TColor)
                0x0000000000092150                CTerminalDevice::SetPixel(unsigned int, unsigned int, unsigned int)
                0x0000000000092200                CTerminalDevice::GetPixel(unsigned int, unsigned int)
                0x00000000000922a8                CTerminalDevice::SetCursorBlock(bool)
                0x00000000000922b0                CTerminalDevice::Update(unsigned int)
                0x00000000000923a8                CTerminalDevice::CarriageReturn()
                0x00000000000923b0                CTerminalDevice::CursorHome()
                0x00000000000923c0                CTerminalDevice::CursorLeft()
                0x0000000000092408                CTerminalDevice::CursorMove(unsigned int, unsigned int)
                0x0000000000092450                CTerminalDevice::CursorUp()
                0x0000000000092470                CTerminalDevice::DeleteChars(unsigned int)
                0x0000000000092480                CTerminalDevice::DeleteLines(unsigned int)
                0x0000000000092484                CTerminalDevice::GetTextBackgroundColor()
                0x00000000000924a0                CTerminalDevice::GetTextColor()
                0x00000000000924c0                CTerminalDevice::InsertLines(unsigned int)
                0x00000000000924c4                CTerminalDevice::InsertMode(bool)
                0x00000000000924cc                CTerminalDevice::ReverseScroll()
                0x00000000000924d0                CTerminalDevice::SetAutoPageMode(bool)
                0x00000000000924e0                CTerminalDevice::SetCursorMode(bool)
                0x00000000000924e8                CTerminalDevice::SetScrollRegion(unsigned int, unsigned int)
                0x000000000009252c                CTerminalDevice::SetStandoutMode(unsigned int)
                0x000000000009286c                CTerminalDevice::Scroll()
                0x0000000000092a90                CTerminalDevice::CursorDown()
                0x0000000000092aec                CTerminalDevice::NewLine()
                0x0000000000092b4c                CTerminalDevice::CursorRight()
                0x0000000000092bc8                CTerminalDevice::Tabulator()
                0x0000000000092c50                CTerminalDevice::DisplayChar(char, unsigned int, unsigned int, unsigned int)
                0x0000000000092e04                CTerminalDevice::DisplayChar(char)
                0x0000000000092ec0                CTerminalDevice::EraseChar(unsigned int, unsigned int)
                0x0000000000092fc0                CTerminalDevice::ClearLineEnd()
                0x0000000000093220                CTerminalDevice::ClearDisplayEnd()
                0x000000000009338c                CTerminalDevice::Initialize()
                0x0000000000093528                CTerminalDevice::Write(char)
                0x0000000000093b30                CTerminalDevice::Write(void const*, unsigned long)
                0x0000000000093c44                CTerminalDevice::EraseChars(unsigned int)
                0x0000000000093ca0                CTerminalDevice::InvertCursor()
 *fill*         0x0000000000093cb0       0x10 
 .text          0x0000000000093cc0      0x1c4 ../../lib/libcircle.a(pageallocator.o)
                0x0000000000093cc0                CPageAllocator::CPageAllocator()
                0x0000000000093cc0                CPageAllocator::CPageAllocator()
                0x0000000000093ce0                CPageAllocator::~CPageAllocator()
                0x0000000000093ce0                CPageAllocator::~CPageAllocator()
                0x0000000000093ce4                CPageAllocator::Setup(unsigned long, unsigned long)
                0x0000000000093d40                CPageAllocator::GetFreeSpace() const
                0x0000000000093d4c                CPageAllocator::Allocate()
                0x0000000000093e10                CPageAllocator::Free(void*)
 *fill*         0x0000000000093e84      0x17c 
 .text          0x0000000000094000      0xad8 ../../lib/libcircle.a(exceptionstub64.o)
                0x0000000000094000                VectorTable
                0x0000000000094784                UnexpectedStub
                0x00000000000947bc                SynchronousStub
                0x00000000000947f4                SErrorStub
                0x000000000009482c                IRQStub
                0x000000000009495c                FIQStub
                0x0000000000094a88                SMCStub
 *fill*         0x0000000000094ad8        0x8 
 .text          0x0000000000094ae0     0x14e4 ../../lib/libcircle.a(bcmpciehostbridge.o)
                0x0000000000094ae0                CBcmPCIeHostBridge::InterruptHandler(void*)
                0x0000000000094bb0                CBcmPCIeHostBridge::CBcmPCIeHostBridge(unsigned int, CInterruptSystem*)
                0x0000000000094bb0                CBcmPCIeHostBridge::CBcmPCIeHostBridge(unsigned int, CInterruptSystem*)
                0x0000000000094be0                CBcmPCIeHostBridge::~CBcmPCIeHostBridge()
                0x0000000000094be0                CBcmPCIeHostBridge::~CBcmPCIeHostBridge()
                0x0000000000094be4                CBcmPCIeHostBridge::DumpStatus(unsigned int, unsigned int)
                0x0000000000094cf0                CBcmPCIeHostBridge::enable_bridge()
                0x0000000000094dc0                CBcmPCIeHostBridge::enable_device(unsigned int, unsigned int, unsigned int)
                0x0000000000094f64                CBcmPCIeHostBridge::EnableDevice(unsigned int, unsigned int, unsigned int)
                0x0000000000094f80                CBcmPCIeHostBridge::pcie_set_pci_ranges()
                0x0000000000094fe4                CBcmPCIeHostBridge::pcie_set_dma_ranges()
                0x0000000000095060                CBcmPCIeHostBridge::pcie_set_outbound_win(unsigned int, unsigned long, unsigned long, unsigned long)
                0x0000000000095120                CBcmPCIeHostBridge::pcie_map_conf(unsigned int, unsigned int, int)
                0x0000000000095180                CBcmPCIeHostBridge::find_pci_capability(unsigned long, unsigned char)
                0x000000000009520c                CBcmPCIeHostBridge::pcie_bridge_sw_init_set(unsigned int)
                0x0000000000095260                CBcmPCIeHostBridge::pcie_perst_set(unsigned int)
                0x0000000000095288                CBcmPCIeHostBridge::pcie_link_up()
                0x00000000000952ac                CBcmPCIeHostBridge::pcie_rc_mode()
                0x00000000000952c0                CBcmPCIeHostBridge::msi_set_regs(TPCIeMSIData*)
                0x0000000000095340                CBcmPCIeHostBridge::pcie_enable_msi(void (*)(unsigned int, void*), void*)
                0x0000000000095424                CBcmPCIeHostBridge::cfg_index(int, int, int)
                0x0000000000095440                CBcmPCIeHostBridge::set_gen(unsigned long, int)
                0x000000000009546c                CBcmPCIeHostBridge::link_speed_to_str(int)
                0x00000000000954a0                CBcmPCIeHostBridge::encode_ibar_size(unsigned long)
                0x0000000000095500                CBcmPCIeHostBridge::rd_fld(unsigned long, unsigned int, int)
                0x0000000000095510                CBcmPCIeHostBridge::wr_fld(unsigned long, unsigned int, int, unsigned int)
                0x000000000009552c                CBcmPCIeHostBridge::wr_fld_rb(unsigned long, unsigned int, int, unsigned int)
                0x000000000009554c                CBcmPCIeHostBridge::usleep_range(unsigned int, unsigned int)
                0x0000000000095560                CBcmPCIeHostBridge::msleep(unsigned int)
                0x0000000000095568                CBcmPCIeHostBridge::ilog2(unsigned long)
                0x00000000000955a0                CBcmPCIeHostBridge::pcie_set_tc_qos()
                0x0000000000095640                CBcmPCIeHostBridge::pcie_config_clkreq()
                0x0000000000095664                CBcmPCIeHostBridge::pcie_mdio_read(unsigned char, unsigned char, unsigned int*)
                0x0000000000095724                CBcmPCIeHostBridge::pcie_mdio_write(unsigned char, unsigned char, unsigned short)
                0x00000000000957e0                CBcmPCIeHostBridge::pcie_munge_pll()
                0x00000000000958a0                CBcmPCIeHostBridge::pcie_mdio_form_pkt(int, int, int)
                0x00000000000958ac                CBcmPCIeHostBridge::reset_assert(unsigned long)
                0x00000000000958e0                CBcmPCIeHostBridge::reset_deassert(unsigned long)
                0x0000000000095928                CBcmPCIeHostBridge::rescal_reset_deassert()
                0x0000000000095a00                CBcmPCIeHostBridge::pcie_setup()
                0x0000000000095ee8                CBcmPCIeHostBridge::pcie_probe()
                0x0000000000095f20                CBcmPCIeHostBridge::Initialize()
 *fill*         0x0000000000095fc4       0x1c 
 .text          0x0000000000095fe0     0x1004 ../../lib/libcircle.a(dma4channel.o)
                0x0000000000095fe0                CDMA4Channel::CDMA4Channel(unsigned int, CInterruptSystem*)
                0x0000000000095fe0                CDMA4Channel::CDMA4Channel(unsigned int, CInterruptSystem*)
                0x00000000000960c0                CDMA4Channel::~CDMA4Channel()
                0x00000000000960c0                CDMA4Channel::~CDMA4Channel()
                0x00000000000961a0                CDMA4Channel::SetupMemCopy(void*, void const*, unsigned long, unsigned int, bool)
                0x000000000009636c                CDMA4Channel::SetupIORead(void*, unsigned long, unsigned long, TDREQ)
                0x00000000000964cc                CDMA4Channel::SetupIOWrite(unsigned long, void const*, unsigned long, TDREQ)
                0x0000000000096630                CDMA4Channel::SetupCyclicIOWrite(unsigned long, void const**, unsigned int, unsigned long, TDREQ)
                0x0000000000096860                CDMA4Channel::SetupMemCopy2D(void*, void const*, unsigned long, unsigned int, unsigned long, unsigned int)
                0x0000000000096a64                CDMA4Channel::SetCompletionRoutine(void (*)(unsigned int, unsigned int, bool, void*), void*)
                0x0000000000096b2c                CDMA4Channel::Start()
                0x0000000000096ca4                CDMA4Channel::Wait()
                0x0000000000096d64                CDMA4Channel::GetStatus()
                0x0000000000096de0                CDMA4Channel::Cancel()
                0x0000000000096e44                CDMA4Channel::InterruptHandler()
                0x0000000000096fc0                CDMA4Channel::InterruptStub(void*)
 *fill*         0x0000000000096fe4       0x1c 
 .text          0x0000000000097000      0x3a8 ../../lib/libcircle.a(gpiomanager2712.o)
                0x0000000000097000                CGPIOManager::CGPIOManager(CInterruptSystem*)
                0x0000000000097000                CGPIOManager::CGPIOManager(CInterruptSystem*)
                0x0000000000097020                CGPIOManager::~CGPIOManager()
                0x0000000000097020                CGPIOManager::~CGPIOManager()
                0x00000000000970c4                CGPIOManager::Initialize()
                0x0000000000097164                CGPIOManager::ConnectInterrupt(CGPIOPin*)
                0x0000000000097200                CGPIOManager::DisconnectInterrupt(CGPIOPin*)
                0x00000000000972a0                CGPIOManager::InterruptHandler()
                0x0000000000097380                CGPIOManager::InterruptStub(void*)
 *fill*         0x00000000000973a8       0x18 
 .text          0x00000000000973c0      0x3cc ../../lib/libcircle.a(display.o)
                0x00000000000973c0                CDisplay::GetParent() const
                0x00000000000973c8                CDisplay::GetOffsetX() const
                0x00000000000973c8                CDisplay::GetOffsetY() const
                0x00000000000973d0                CDisplay::CDisplay(CDisplay::TColorModel)
                0x00000000000973d0                CDisplay::CDisplay(CDisplay::TColorModel)
                0x00000000000973e4                CDisplay::GetColorModel() const
                0x00000000000973ec                CDisplay::GetColor(CDisplay::TColor) const
                0x0000000000097580                CDisplay::GetColor(unsigned int) const
 *fill*         0x000000000009778c       0x14 
 .text          0x00000000000977a0      0x1c4 ../../lib/libcircle.a(bcmmailbox.o)
                0x00000000000977a0                CBcmMailBox::CBcmMailBox(unsigned int, bool)
                0x00000000000977a0                CBcmMailBox::CBcmMailBox(unsigned int, bool)
                0x00000000000977ac                CBcmMailBox::~CBcmMailBox()
                0x00000000000977ac                CBcmMailBox::~CBcmMailBox()
                0x00000000000977b0                CBcmMailBox::Flush()
                0x00000000000977f0                CBcmMailBox::Read()
                0x0000000000097824                CBcmMailBox::Write(unsigned int)
                0x0000000000097880                CBcmMailBox::WriteRead(unsigned int)
 *fill*         0x0000000000097964       0x1c 
 .text.startup  0x0000000000097980        0xc ../../lib/libcircle.a(bcmmailbox.o)
 *fill*         0x000000000009798c       0x14 
 .text          0x00000000000979a0      0x128 ../../lib/libcircle.a(chargenerator.o)
                0x00000000000979a0                CCharGenerator::CCharGenerator(TFont const&, CCharGenerator::TFontFlags)
                0x00000000000979a0                CCharGenerator::CCharGenerator(TFont const&, CCharGenerator::TFontFlags)
                0x00000000000979e8                CCharGenerator::GetPixelLine(char, unsigned int) const
                0x0000000000097ac8                _etext = .

.iplt           0x0000000000097ac8        0x0
 .iplt          0x0000000000097ac8        0x0 main.o

.rodata         0x0000000000097ad0     0x43f0
 *(.rodata*)
 .rodata        0x0000000000097ad0       0xd0 kernel.o
 .rodata.str1.8
                0x0000000000097ba0      0xc4b ../../lib/libcircle.a(debug.o)
                                         0x5c (size before relaxing)
 *fill*         0x00000000000987eb        0x5 
 .rodata        0x00000000000987f0        0x6 ../../lib/libcircle.a(debug.o)
 .rodata.str1.8
                0x00000000000987f6        0x0 ../../lib/libcircle.a(devicenameservice.o)
                                         0xe2 (size before relaxing)
 .rodata.str1.8
                0x00000000000987f6        0x0 ../../lib/libcircle.a(koptions.o)
                                        0x10a (size before relaxing)
 *fill*         0x00000000000987f6        0x2 
 .rodata        0x00000000000987f8        0x2 ../../lib/libcircle.a(koptions.o)
 *fill*         0x00000000000987fa        0x6 
 .rodata        0x0000000000098800       0xac ../../lib/libcircle.a(logger.o)
 *fill*         0x00000000000988ac        0x4 
 .rodata        0x00000000000988b0      0x9bc ../../lib/libcircle.a(machineinfo.o)
 *fill*         0x000000000009926c        0x4 
 .rodata._ZTV13CScreenDevice
                0x0000000000099270       0x50 ../../lib/libcircle.a(screen.o)
                0x0000000000099270                vtable for CScreenDevice
 .rodata        0x00000000000992c0       0x10 ../../lib/libcircle.a(screen.o)
 .rodata._ZTV13CSerialDevice
                0x00000000000992d0       0x50 ../../lib/libcircle.a(serial.o)
                0x00000000000992d0                vtable for CSerialDevice
 .rodata        0x0000000000099320      0x2d0 ../../lib/libcircle.a(serial.o)
 .rodata.str1.8
                0x00000000000995f0        0x0 ../../lib/libcircle.a(string.o)
                                         0x23 (size before relaxing)
 .rodata._ZTV7CString
                0x00000000000995f0       0x20 ../../lib/libcircle.a(string.o)
                0x00000000000995f0                vtable for CString
 .rodata.str1.8
                0x0000000000099610        0x0 ../../lib/libcircle.a(sysinit.o)
                                          0x3 (size before relaxing)
 .rodata.str1.8
                0x0000000000099610        0x0 ../../lib/libcircle.a(timer.o)
                                        0x23c (size before relaxing)
 .rodata        0x0000000000099610       0x36 ../../lib/libcircle.a(timer.o)
                0x0000000000099610                CTimer::s_nDaysOfMonth
 .rodata.str1.8
                0x0000000000099646        0x0 ../../lib/libcircle.a(macaddress.o)
                                         0xae (size before relaxing)
 .rodata.str1.8
                0x0000000000099646        0x0 ../../lib/libcircle.a(netdevice.o)
                                         0x97 (size before relaxing)
 *fill*         0x0000000000099646        0x2 
 .rodata        0x0000000000099648       0x2b ../../lib/libcircle.a(new.o)
 .rodata.str1.8
                0x0000000000099673        0x0 ../../lib/libcircle.a(heapallocator.o)
                                         0xb7 (size before relaxing)
 *fill*         0x0000000000099673        0xd 
 .rodata        0x0000000000099680      0xe10 ../../lib/libcircle.a(font8x16.o)
                0x0000000000099680                Font8x16
 .rodata.str1.8
                0x000000000009a490        0x0 ../../lib/libcircle.a(exceptionhandler64.o)
                                         0xd5 (size before relaxing)
 .rodata._ZTV17CExceptionHandler
                0x000000000009a490       0x28 ../../lib/libcircle.a(exceptionhandler64.o)
                0x000000000009a490                vtable for CExceptionHandler
 .rodata        0x000000000009a4b8        0x7 ../../lib/libcircle.a(exceptionhandler64.o)
 *fill*         0x000000000009a4bf        0x1 
 .rodata        0x000000000009a4c0       0x84 ../../lib/libcircle.a(memory64.o)
 .rodata.str1.8
                0x000000000009a544        0x0 ../../lib/libcircle.a(synchronize64.o)
                                         0xbd (size before relaxing)
 .rodata.str1.8
                0x000000000009a544        0x0 ../../lib/libcircle.a(translationtable64.o)
                                         0x34 (size before relaxing)
 *fill*         0x000000000009a544        0x4 
 .rodata        0x000000000009a548      0x19b ../../lib/libcircle.a(interruptgic.o)
 .rodata.str1.8
                0x000000000009a6e3        0x0 ../../lib/libcircle.a(devicetreeblob.o)
                                         0xf9 (size before relaxing)
 *fill*         0x000000000009a6e3        0x5 
 .rodata        0x000000000009a6e8        0x4 ../../lib/libcircle.a(devicetreeblob.o)
 *fill*         0x000000000009a6ec        0x4 
 .rodata        0x000000000009a6f0      0x19d ../../lib/libcircle.a(southbridge.o)
 *fill*         0x000000000009a88d        0x3 
 .rodata        0x000000000009a890      0x45a ../../lib/libcircle.a(gpiopin2712.o)
 *fill*         0x000000000009acea        0x6 
 .rodata._ZTV11CMACBDevice
                0x000000000009acf0       0x68 ../../lib/libcircle.a(macb.o)
                0x000000000009acf0                vtable for CMACBDevice
 .rodata        0x000000000009ad58      0x24c ../../lib/libcircle.a(macb.o)
 *fill*         0x000000000009afa4        0x4 
 .rodata        0x000000000009afa8       0x41 ../../lib/libcircle.a(alloc.o)
 .rodata.str1.8
                0x000000000009afe9        0x0 ../../lib/libcircle.a(assert.o)
                                         0x1d (size before relaxing)
 *fill*         0x000000000009afe9        0x7 
 .rodata._ZTV15CBcmFrameBuffer
                0x000000000009aff0       0x60 ../../lib/libcircle.a(bcmframebuffer.o)
                0x000000000009aff0                vtable for CBcmFrameBuffer
 .rodata        0x000000000009b050       0x70 ../../lib/libcircle.a(bcmframebuffer.o)
                0x000000000009b050                CBcmFrameBuffer::s_InitTags
 .rodata        0x000000000009b0c0       0xa8 ../../lib/libcircle.a(bcmpropertytags.o)
 .rodata.str1.8
                0x000000000009b168        0x0 ../../lib/libcircle.a(device.o)
                                         0x8e (size before relaxing)
 .rodata._ZTV7CDevice
                0x000000000009b168       0x50 ../../lib/libcircle.a(device.o)
                0x000000000009b168                vtable for CDevice
 .rodata        0x000000000009b1b8      0x4bb ../../lib/libcircle.a(dmachannel.o)
 .rodata.str1.8
                0x000000000009b673        0x0 ../../lib/libcircle.a(ptrlist.o)
                                        0x192 (size before relaxing)
 *fill*         0x000000000009b673        0x5 
 .rodata        0x000000000009b678       0xdc ../../lib/libcircle.a(terminal.o)
 *fill*         0x000000000009b754        0x4 
 .rodata._ZTV15CTerminalDevice
                0x000000000009b758       0x50 ../../lib/libcircle.a(terminal.o)
                0x000000000009b758                vtable for CTerminalDevice
 .rodata        0x000000000009b7a8       0x4c ../../lib/libcircle.a(pageallocator.o)
 *fill*         0x000000000009b7f4        0x4 
 .rodata        0x000000000009b7f8      0x314 ../../lib/libcircle.a(bcmpciehostbridge.o)
 *fill*         0x000000000009bb0c        0x4 
 .rodata        0x000000000009bb10      0x32b ../../lib/libcircle.a(dma4channel.o)
 .rodata.str1.8
                0x000000000009be3b        0x0 ../../lib/libcircle.a(gpiomanager2712.o)
                                         0xbc (size before relaxing)
 *fill*         0x000000000009be3b        0x5 
 .rodata        0x000000000009be40        0xc ../../lib/libcircle.a(gpiomanager2712.o)
 .rodata        0x000000000009be4c        0xf ../../lib/libcircle.a(display.o)
 *fill*         0x000000000009be5b        0x5 
 .rodata._ZTV8CDisplay
                0x000000000009be60       0x60 ../../lib/libcircle.a(display.o)
                0x000000000009be60                vtable for CDisplay
 .rodata.str1.8
                0x000000000009bec0        0x0 ../../lib/libcircle.a(bcmmailbox.o)
                                         0x23 (size before relaxing)

.rela.dyn       0x000000000009bec0        0x0
 .rela.iplt     0x000000000009bec0        0x0 main.o
 .rela.text     0x000000000009bec0        0x0 main.o
 .rela.rodata._ZTV11CMACBDevice
                0x000000000009bec0        0x0 main.o
 .rela.rodata._ZTV8CDisplay
                0x000000000009bec0        0x0 main.o

.init_array     0x000000000009bec0       0x10
                0x000000000009bec0                __init_start = .
 *(.init_array*)
 .init_array    0x000000000009bec0        0x8 ../../lib/libcircle.a(gpiopin2712.o)
 .init_array    0x000000000009bec8        0x8 ../../lib/libcircle.a(bcmmailbox.o)
                0x000000000009bed0                __init_end = .

.ARM.exidx      0x000000000009bed0        0x0
                0x000000000009bed0                __exidx_start = .
 *(.ARM.exidx*)
                0x000000000009bed0                __exidx_end = .

.eh_frame_hdr   0x000000000009bed0        0x0
                0x000000000009bed0                __eh_frame_hdr_start = .
 *(.eh_frame_hdr)
 *(.eh_frame_hdr.*)
                0x000000000009bed0                __eh_frame_hdr_end = .

.eh_frame       0x000000000009bed0        0x0
                0x000000000009bed0                __eh_frame_start = .
 *(.eh_frame)
 *(.eh_frame.*)
                0x000000000009bed0                __eh_frame_end = .

.data           0x000000000009bed0      0x188
 *(.data*)
 .data          0x000000000009bed0        0x0 main.o
 .data          0x000000000009bed0        0x0 kernel.o
 .data          0x000000000009bed0        0x0 ../../lib/libcircle.a(actled.o)
 .data          0x000000000009bed0        0x0 ../../lib/libcircle.a(debug.o)
 .data          0x000000000009bed0       0x36 ../../lib/libcircle.a(devicenameservice.o)
 .data          0x000000000009bf06        0x0 ../../lib/libcircle.a(koptions.o)
 .data          0x000000000009bf06        0x0 ../../lib/libcircle.a(logger.o)
 .data          0x000000000009bf06        0x0 ../../lib/libcircle.a(machineinfo.o)
 .data          0x000000000009bf06        0x0 ../../lib/libcircle.a(screen.o)
 *fill*         0x000000000009bf06        0xa 
 .data          0x000000000009bf10       0x2c ../../lib/libcircle.a(serial.o)
 .data          0x000000000009bf3c        0x0 ../../lib/libcircle.a(string.o)
 .data          0x000000000009bf3c        0x0 ../../lib/libcircle.a(sysinit.o)
 *fill*         0x000000000009bf3c        0x4 
 .data          0x000000000009bf40       0x60 ../../lib/libcircle.a(timer.o)
                0x000000000009bf40                CTimer::s_pMonthName
 .data          0x000000000009bfa0        0x0 ../../lib/libcircle.a(util.o)
 .data          0x000000000009bfa0        0x0 ../../lib/libcircle.a(util_fast.o)
 .data          0x000000000009bfa0        0x0 ../../lib/libcircle.a(chainboot.o)
 .data          0x000000000009bfa0        0x0 ../../lib/libcircle.a(macaddress.o)
 .data          0x000000000009bfa0       0x30 ../../lib/libcircle.a(netdevice.o)
                0x000000000009bfa0                CNetDevice::s_SpeedString
 .data          0x000000000009bfd0        0x0 ../../lib/libcircle.a(new.o)
 .data          0x000000000009bfd0       0x1c ../../lib/libcircle.a(heapallocator.o)
                0x000000000009bfd0                CHeapAllocator::s_nBucketSize
 .data          0x000000000009bfec        0x0 ../../lib/libcircle.a(font8x16.o)
 *fill*         0x000000000009bfec        0x4 
 .data          0x000000000009bff0       0x18 ../../lib/libcircle.a(exceptionhandler64.o)
                0x000000000009bff0                CExceptionHandler::s_pExceptionName
 .data          0x000000000009c008        0x0 ../../lib/libcircle.a(memory64.o)
 .data          0x000000000009c008        0x0 ../../lib/libcircle.a(startup64.o)
 .data          0x000000000009c008        0x0 ../../lib/libcircle.a(synchronize64.o)
 .data          0x000000000009c008        0x0 ../../lib/libcircle.a(translationtable64.o)
 .data          0x000000000009c008        0x0 ../../lib/libcircle.a(interruptgic.o)
 .data          0x000000000009c008        0x0 ../../lib/libcircle.a(devicetreeblob.o)
 .data          0x000000000009c008        0x0 ../../lib/libcircle.a(southbridge.o)
 *fill*         0x000000000009c008        0x8 
 .data          0x000000000009c010       0x20 ../../lib/libcircle.a(gpiopin2712.o)
                0x000000000009c010                CGPIOPin::s_nInterruptMap
 .data          0x000000000009c030        0x0 ../../lib/libcircle.a(macb.o)
 .data          0x000000000009c030        0x0 ../../lib/libcircle.a(alloc.o)
 .data          0x000000000009c030        0x0 ../../lib/libcircle.a(assert.o)
 .data          0x000000000009c030        0x4 ../../lib/libcircle.a(bcmframebuffer.o)
                0x000000000009c030                CBcmFrameBuffer::s_nCurrentDisplay
 .data          0x000000000009c034        0x0 ../../lib/libcircle.a(bcmpropertytags.o)
 .data          0x000000000009c034        0x0 ../../lib/libcircle.a(delayloop.o)
 .data          0x000000000009c034        0x0 ../../lib/libcircle.a(device.o)
 .data          0x000000000009c034        0x0 ../../lib/libcircle.a(dmachannel.o)
 .data          0x000000000009c034        0x0 ../../lib/libcircle.a(ptrlist.o)
 .data          0x000000000009c034        0x0 ../../lib/libcircle.a(terminal.o)
 .data          0x000000000009c034        0x0 ../../lib/libcircle.a(pageallocator.o)
 *fill*         0x000000000009c034        0x4 
 .data          0x000000000009c038       0x20 ../../lib/libcircle.a(exceptionstub64.o)
                0x000000000009c038                FIQData
                0x000000000009c050                IRQReturnAddress
 .data          0x000000000009c058        0x0 ../../lib/libcircle.a(bcmpciehostbridge.o)
 .data          0x000000000009c058        0x0 ../../lib/libcircle.a(dma4channel.o)
 .data          0x000000000009c058        0x0 ../../lib/libcircle.a(gpiomanager2712.o)
 .data          0x000000000009c058        0x0 ../../lib/libcircle.a(display.o)
 .data          0x000000000009c058        0x0 ../../lib/libcircle.a(bcmmailbox.o)
 .data          0x000000000009c058        0x0 ../../lib/libcircle.a(chargenerator.o)

.igot.plt       0x000000000009c058        0x0
 .igot.plt      0x000000000009c058        0x0 main.o

.tdata          0x000000000009c058        0x0
                0x000000000009c058                __tdata_start = .
 *(.tdata .tdata.*)
                0x000000000009c058                __tdata_end = .

.bss            0x000000000009c060      0x2a4
                0x000000000009c060                __bss_start = .
 *(.bss*)
 .bss           0x000000000009c060        0x0 main.o
 .bss           0x000000000009c060        0x0 kernel.o
 .bss           0x000000000009c060        0x8 ../../lib/libcircle.a(actled.o)
                0x000000000009c060                CActLED::s_pThis
 .bss           0x000000000009c068        0x0 ../../lib/libcircle.a(debug.o)
 .bss           0x000000000009c068        0x8 ../../lib/libcircle.a(devicenameservice.o)
                0x000000000009c068                CDeviceNameService::s_This
 .bss           0x000000000009c070        0x8 ../../lib/libcircle.a(koptions.o)
                0x000000000009c070                CKernelOptions::s_pThis
 .bss           0x000000000009c078        0x8 ../../lib/libcircle.a(logger.o)
                0x000000000009c078                CLogger::s_pThis
 .bss           0x000000000009c080        0x8 ../../lib/libcircle.a(machineinfo.o)
                0x000000000009c080                CMachineInfo::s_pThis
 .bss           0x000000000009c088        0x0 ../../lib/libcircle.a(screen.o)
 *fill*         0x000000000009c088        0x8 
 .bss           0x000000000009c090       0x79 ../../lib/libcircle.a(serial.o)
                0x000000000009c090                CSerialDevice::s_nInterruptDeviceMask
                0x000000000009c098                CSerialDevice::s_pInterruptSystem
                0x000000000009c0a0                CSerialDevice::s_nInterruptUseCount
                0x000000000009c0b0                CSerialDevice::s_pThis
                0x000000000009c108                CSerialDevice::s_bUseFIQ
 .bss           0x000000000009c109        0x0 ../../lib/libcircle.a(string.o)
 *fill*         0x000000000009c109        0x7 
 .bss           0x000000000009c110       0x20 ../../lib/libcircle.a(sysinit.o)
                0x000000000009c118                circle_version_string
                0x000000000009c128                __dso_handle
 .bss           0x000000000009c130        0x8 ../../lib/libcircle.a(timer.o)
                0x000000000009c130                CTimer::s_pThis
 .bss           0x000000000009c138        0x0 ../../lib/libcircle.a(util.o)
 .bss           0x000000000009c138        0x0 ../../lib/libcircle.a(util_fast.o)
 .bss           0x000000000009c138       0x10 ../../lib/libcircle.a(chainboot.o)
 .bss           0x000000000009c148        0x0 ../../lib/libcircle.a(macaddress.o)
 *fill*         0x000000000009c148        0x8 
 .bss           0x000000000009c150       0x38 ../../lib/libcircle.a(netdevice.o)
                0x000000000009c150                CNetDevice::s_nDeviceNumber
                0x000000000009c160                CNetDevice::s_pDevice
 .bss           0x000000000009c188        0x0 ../../lib/libcircle.a(new.o)
 .bss           0x000000000009c188        0x0 ../../lib/libcircle.a(heapallocator.o)
 .bss           0x000000000009c188        0x0 ../../lib/libcircle.a(font8x16.o)
 .bss           0x000000000009c188        0x8 ../../lib/libcircle.a(exceptionhandler64.o)
                0x000000000009c188                CExceptionHandler::s_pThis
 .bss           0x000000000009c190        0x8 ../../lib/libcircle.a(memory64.o)
                0x000000000009c190                CMemorySystem::s_pThis
 .bss           0x000000000009c198        0x0 ../../lib/libcircle.a(startup64.o)
 *fill*         0x000000000009c198        0x8 
 .bss           0x000000000009c1a0       0xb0 ../../lib/libcircle.a(synchronize64.o)
 .bss           0x000000000009c250        0x0 ../../lib/libcircle.a(translationtable64.o)
 .bss           0x000000000009c250        0x8 ../../lib/libcircle.a(interruptgic.o)
                0x000000000009c250                CInterruptSystem::s_pThis
 .bss           0x000000000009c258        0x0 ../../lib/libcircle.a(devicetreeblob.o)
 .bss           0x000000000009c258        0x9 ../../lib/libcircle.a(southbridge.o)
                0x000000000009c258                CSouthbridge::s_pThis
                0x000000000009c260                CSouthbridge::s_bIsInitialized
 *fill*         0x000000000009c261        0x7 
 .bss           0x000000000009c268        0x4 ../../lib/libcircle.a(gpiopin2712.o)
                0x000000000009c268                CGPIOPin::s_SpinLock
 .bss           0x000000000009c26c        0x0 ../../lib/libcircle.a(macb.o)
 .bss           0x000000000009c26c        0x0 ../../lib/libcircle.a(alloc.o)
 .bss           0x000000000009c26c        0x0 ../../lib/libcircle.a(assert.o)
 .bss           0x000000000009c26c        0x4 ../../lib/libcircle.a(bcmframebuffer.o)
                0x000000000009c26c                CBcmFrameBuffer::s_nDisplays
 .bss           0x000000000009c270        0x0 ../../lib/libcircle.a(bcmpropertytags.o)
 .bss           0x000000000009c270        0x0 ../../lib/libcircle.a(delayloop.o)
 .bss           0x000000000009c270        0x0 ../../lib/libcircle.a(device.o)
 .bss           0x000000000009c270        0x0 ../../lib/libcircle.a(dmachannel.o)
 .bss           0x000000000009c270        0x0 ../../lib/libcircle.a(ptrlist.o)
 .bss           0x000000000009c270        0x0 ../../lib/libcircle.a(terminal.o)
 .bss           0x000000000009c270        0x0 ../../lib/libcircle.a(pageallocator.o)
 .bss           0x000000000009c270       0x80 ../../lib/libcircle.a(exceptionstub64.o)
 .bss           0x000000000009c2f0       0x10 ../../lib/libcircle.a(bcmpciehostbridge.o)
                0x000000000009c2f0                CBcmPCIeHostBridge::s_nDMAAddress
 .bss           0x000000000009c300        0x0 ../../lib/libcircle.a(dma4channel.o)
 .bss           0x000000000009c300        0x0 ../../lib/libcircle.a(gpiomanager2712.o)
 .bss           0x000000000009c300        0x0 ../../lib/libcircle.a(display.o)
 .bss           0x000000000009c300        0x4 ../../lib/libcircle.a(bcmmailbox.o)
                0x000000000009c300                CBcmMailBox::s_SpinLock
 .bss           0x000000000009c304        0x0 ../../lib/libcircle.a(chargenerator.o)
 *(COMMON)
                0x000000000009c304                __bss_end = .

.tbss           0x000000000009c308        0x0
                0x000000000009c308                __tbss_start = .
 *(.tbss .tbss.*)
                0x000000000009c308                __tbss_end = .
                0x000000000009c308                _end = .
LOAD main.o
LOAD kernel.o
START GROUP
LOAD ../../lib/usb/libusb.a
LOAD ../../lib/input/libinput.a
LOAD ../../lib/fs/libfs.a
LOAD ../../lib/libcircle.a
LOAD /home/yeokiwi/arm-gnu-toolchain-15.2.rel1-x86_64-aarch64-none-elf/bin/../lib/gcc/aarch64-none-elf/15.2.1/libgcc.a
LOAD /home/yeokiwi/arm-gnu-toolchain-15.2.rel1-x86_64-aarch64-none-elf/bin/../lib/gcc/aarch64-none-elf/15.2.1/../../../../aarch64-none-elf/lib/libm.a
END GROUP
OUTPUT(kernel_2712.elf elf64-littleaarch64)
LOAD linker stubs

.debug_info     0x0000000000000000    0x52cd8
 .debug_info    0x0000000000000000     0x18ab main.o
 .debug_info    0x00000000000018ab     0x2d36 kernel.o
 .debug_info    0x00000000000045e1     0x1720 ../../lib/libcircle.a(actled.o)
 .debug_info    0x0000000000005d01     0x12de ../../lib/libcircle.a(debug.o)
 .debug_info    0x0000000000006fdf     0x14f3 ../../lib/libcircle.a(devicenameservice.o)
 .debug_info    0x00000000000084d2     0x1c1b ../../lib/libcircle.a(koptions.o)
 .debug_info    0x000000000000a0ed     0x29f5 ../../lib/libcircle.a(logger.o)
 .debug_info    0x000000000000cae2     0x2c43 ../../lib/libcircle.a(machineinfo.o)
 .debug_info    0x000000000000f725     0x15b0 ../../lib/libcircle.a(screen.o)
 .debug_info    0x0000000000010cd5     0x36d6 ../../lib/libcircle.a(serial.o)
 .debug_info    0x00000000000143ab     0x34e7 ../../lib/libcircle.a(string.o)
 .debug_info    0x0000000000017892     0x2ca3 ../../lib/libcircle.a(sysinit.o)
 .debug_info    0x000000000001a535     0x2ca8 ../../lib/libcircle.a(timer.o)
 .debug_info    0x000000000001d1dd      0xb66 ../../lib/libcircle.a(util.o)
 .debug_info    0x000000000001dd43      0x288 ../../lib/libcircle.a(chainboot.o)
 .debug_info    0x000000000001dfcb      0xc9b ../../lib/libcircle.a(macaddress.o)
 .debug_info    0x000000000001ec66      0x708 ../../lib/libcircle.a(netdevice.o)
 .debug_info    0x000000000001f36e     0x123e ../../lib/libcircle.a(new.o)
 .debug_info    0x00000000000205ac     0x1a10 ../../lib/libcircle.a(heapallocator.o)
 .debug_info    0x0000000000021fbc       0xeb ../../lib/libcircle.a(font8x16.o)
 .debug_info    0x00000000000220a7     0x13b4 ../../lib/libcircle.a(exceptionhandler64.o)
 .debug_info    0x000000000002345b     0x1a6d ../../lib/libcircle.a(memory64.o)
 .debug_info    0x0000000000024ec8      0x616 ../../lib/libcircle.a(synchronize64.o)
 .debug_info    0x00000000000254de      0x696 ../../lib/libcircle.a(translationtable64.o)
 .debug_info    0x0000000000025b74     0x2fff ../../lib/libcircle.a(interruptgic.o)
 .debug_info    0x0000000000028b73     0x1a26 ../../lib/libcircle.a(devicetreeblob.o)
 .debug_info    0x000000000002a599     0x238c ../../lib/libcircle.a(southbridge.o)
 .debug_info    0x000000000002c925     0x4f34 ../../lib/libcircle.a(gpiopin2712.o)
 .debug_info    0x0000000000031859     0x6466 ../../lib/libcircle.a(macb.o)
 .debug_info    0x0000000000037cbf      0xf93 ../../lib/libcircle.a(alloc.o)
 .debug_info    0x0000000000038c52      0xfb9 ../../lib/libcircle.a(assert.o)
 .debug_info    0x0000000000039c0b     0x2ced ../../lib/libcircle.a(bcmframebuffer.o)
 .debug_info    0x000000000003c8f8     0x106e ../../lib/libcircle.a(bcmpropertytags.o)
 .debug_info    0x000000000003d966      0xeaa ../../lib/libcircle.a(device.o)
 .debug_info    0x000000000003e810     0x333f ../../lib/libcircle.a(dmachannel.o)
 .debug_info    0x0000000000041b4f      0x8d5 ../../lib/libcircle.a(ptrlist.o)
 .debug_info    0x0000000000042424     0x4e61 ../../lib/libcircle.a(terminal.o)
 .debug_info    0x0000000000047285      0x5fd ../../lib/libcircle.a(pageallocator.o)
 .debug_info    0x0000000000047882     0x62e7 ../../lib/libcircle.a(bcmpciehostbridge.o)
 .debug_info    0x000000000004db69     0x2438 ../../lib/libcircle.a(dma4channel.o)
 .debug_info    0x000000000004ffa1     0x1199 ../../lib/libcircle.a(gpiomanager2712.o)
 .debug_info    0x000000000005113a      0x5d0 ../../lib/libcircle.a(display.o)
 .debug_info    0x000000000005170a     0x1144 ../../lib/libcircle.a(bcmmailbox.o)
 .debug_info    0x000000000005284e      0x48a ../../lib/libcircle.a(chargenerator.o)

.debug_abbrev   0x0000000000000000     0xc041
 .debug_abbrev  0x0000000000000000      0x377 main.o
 .debug_abbrev  0x0000000000000377      0x574 kernel.o
 .debug_abbrev  0x00000000000008eb      0x44c ../../lib/libcircle.a(actled.o)
 .debug_abbrev  0x0000000000000d37      0x372 ../../lib/libcircle.a(debug.o)
 .debug_abbrev  0x00000000000010a9      0x427 ../../lib/libcircle.a(devicenameservice.o)
 .debug_abbrev  0x00000000000014d0      0x4a0 ../../lib/libcircle.a(koptions.o)
 .debug_abbrev  0x0000000000001970      0x61d ../../lib/libcircle.a(logger.o)
 .debug_abbrev  0x0000000000001f8d      0x61a ../../lib/libcircle.a(machineinfo.o)
 .debug_abbrev  0x00000000000025a7      0x42b ../../lib/libcircle.a(screen.o)
 .debug_abbrev  0x00000000000029d2      0x6d1 ../../lib/libcircle.a(serial.o)
 .debug_abbrev  0x00000000000030a3      0x4a6 ../../lib/libcircle.a(string.o)
 .debug_abbrev  0x0000000000003549      0x671 ../../lib/libcircle.a(sysinit.o)
 .debug_abbrev  0x0000000000003bba      0x650 ../../lib/libcircle.a(timer.o)
 .debug_abbrev  0x000000000000420a      0x2d4 ../../lib/libcircle.a(util.o)
 .debug_abbrev  0x00000000000044de      0x14b ../../lib/libcircle.a(chainboot.o)
 .debug_abbrev  0x0000000000004629      0x2e6 ../../lib/libcircle.a(macaddress.o)
 .debug_abbrev  0x000000000000490f      0x2ac ../../lib/libcircle.a(netdevice.o)
 .debug_abbrev  0x0000000000004bbb      0x422 ../../lib/libcircle.a(new.o)
 .debug_abbrev  0x0000000000004fdd      0x509 ../../lib/libcircle.a(heapallocator.o)
 .debug_abbrev  0x00000000000054e6       0x9e ../../lib/libcircle.a(font8x16.o)
 .debug_abbrev  0x0000000000005584      0x497 ../../lib/libcircle.a(exceptionhandler64.o)
 .debug_abbrev  0x0000000000005a1b      0x4df ../../lib/libcircle.a(memory64.o)
 .debug_abbrev  0x0000000000005efa      0x19a ../../lib/libcircle.a(synchronize64.o)
 .debug_abbrev  0x0000000000006094      0x2f8 ../../lib/libcircle.a(translationtable64.o)
 .debug_abbrev  0x000000000000638c      0x672 ../../lib/libcircle.a(interruptgic.o)
 .debug_abbrev  0x00000000000069fe      0x48e ../../lib/libcircle.a(devicetreeblob.o)
 .debug_abbrev  0x0000000000006e8c      0x4d8 ../../lib/libcircle.a(southbridge.o)
 .debug_abbrev  0x0000000000007364      0x638 ../../lib/libcircle.a(gpiopin2712.o)
 .debug_abbrev  0x000000000000799c      0x817 ../../lib/libcircle.a(macb.o)
 .debug_abbrev  0x00000000000081b3      0x3a7 ../../lib/libcircle.a(alloc.o)
 .debug_abbrev  0x000000000000855a      0x2f6 ../../lib/libcircle.a(assert.o)
 .debug_abbrev  0x0000000000008850      0x7a0 ../../lib/libcircle.a(bcmframebuffer.o)
 .debug_abbrev  0x0000000000008ff0      0x3b3 ../../lib/libcircle.a(bcmpropertytags.o)
 .debug_abbrev  0x00000000000093a3      0x3ec ../../lib/libcircle.a(device.o)
 .debug_abbrev  0x000000000000978f      0x54a ../../lib/libcircle.a(dmachannel.o)
 .debug_abbrev  0x0000000000009cd9      0x1f3 ../../lib/libcircle.a(ptrlist.o)
 .debug_abbrev  0x0000000000009ecc      0x746 ../../lib/libcircle.a(terminal.o)
 .debug_abbrev  0x000000000000a612      0x285 ../../lib/libcircle.a(pageallocator.o)
 .debug_abbrev  0x000000000000a897      0x5ed ../../lib/libcircle.a(bcmpciehostbridge.o)
 .debug_abbrev  0x000000000000ae84      0x4ed ../../lib/libcircle.a(dma4channel.o)
 .debug_abbrev  0x000000000000b371      0x411 ../../lib/libcircle.a(gpiomanager2712.o)
 .debug_abbrev  0x000000000000b782      0x2b6 ../../lib/libcircle.a(display.o)
 .debug_abbrev  0x000000000000ba38      0x419 ../../lib/libcircle.a(bcmmailbox.o)
 .debug_abbrev  0x000000000000be51      0x1f0 ../../lib/libcircle.a(chargenerator.o)

.debug_loclists
                0x0000000000000000    0x1d0e7
 .debug_loclists
                0x0000000000000000       0x24 main.o
 .debug_loclists