Archive member included to satisfy reference by file (symbol)

../../../lib/libcircle.a(actled.o)
                              kernel.o (CActLED::CActLED(bool))
../../../lib/libcircle.a(assert.o)
                              i2cechoclient.o (assertion_failed)
../../../lib/libcircle.a(debug.o)
                              ../../../lib/libcircle.a(assert.o) (DebugStackTrace(unsigned long const*, char const*))
../../../lib/libcircle.a(devicenameservice.o)
                              kernel.o (CDeviceNameService::CDeviceNameService())
../../../lib/libcircle.a(koptions.o)
                              kernel.o (CKernelOptions::~CKernelOptions())
../../../lib/libcircle.a(logger.o)
                              kernel.o (CLogger::CLogger(unsigned int, CTimer*, bool))
../../../lib/libcircle.a(machineinfo.o)
                              ../../../lib/libcircle.a(logger.o) (CMachineInfo::GetMachineName() const)
../../../lib/libcircle.a(screen.o)
                              kernel.o (CScreenDevice::~CScreenDevice())
../../../lib/libcircle.a(serial.o)
                              kernel.o (CSerialDevice::~CSerialDevice())
../../../lib/libcircle.a(string.o)
                              ../../../lib/libcircle.a(debug.o) (CString::~CString())
../../../lib/libcircle.a(sysinit.o)
                              ../../../lib/libcircle.a(logger.o) (set_qemu_exit_status)
../../../lib/libcircle.a(timer.o)
                              kernel.o (CTimer::CTimer(CInterruptSystem*))
../../../lib/libcircle.a(util.o)
                              ../../../lib/libcircle.a(devicenameservice.o) (strlen)
../../../lib/libcircle.a(util_fast.o)
                              ../../../lib/libcircle.a(sysinit.o) (memset)
../../../lib/libcircle.a(chainboot.o)
                              ../../../lib/libcircle.a(sysinit.o) (IsChainBootEnabled)
../../../lib/libcircle.a(new.o)
                              ../../../lib/libcircle.a(devicenameservice.o) (operator new(unsigned long))
../../../lib/libcircle.a(heapallocator.o)
                              ../../../lib/libcircle.a(new.o) (CHeapAllocator::Allocate(unsigned long))
../../../lib/libcircle.a(font8x16.o)
                              kernel.o (Font8x16)
../../../lib/libcircle.a(exceptionhandler64.o)
                              kernel.o (CExceptionHandler::~CExceptionHandler())
../../../lib/libcircle.a(memory64.o)
                              ../../../lib/libcircle.a(sysinit.o) (CMemorySystem::Destructor())
../../../lib/libcircle.a(startup64.o)
                              (_start)
../../../lib/libcircle.a(synchronize64.o)
                              ../../../lib/libcircle.a(devicenameservice.o) (EnterCritical)
../../../lib/libcircle.a(translationtable64.o)
                              ../../../lib/libcircle.a(memory64.o) (CTranslationTable::GetBaseAddress() const)
../../../lib/libcircle.a(interruptgic.o)
                              kernel.o (CInterruptSystem::CInterruptSystem())
../../../lib/libcircle.a(devicetreeblob.o)
                              ../../../lib/libcircle.a(machineinfo.o) (CDeviceTreeBlob::CDeviceTreeBlob(void const*))
../../../lib/libcircle.a(southbridge.o)
                              ../../../lib/libcircle.a(sysinit.o) (CSouthbridge::CSouthbridge(CInterruptSystem*))
../../../lib/libcircle.a(gpiopin2712.o)
                              ../../../lib/libcircle.a(serial.o) (CGPIOPin::CGPIOPin())
../../../lib/libcircle.a(i2cmaster-rp1.o)
                              kernel.o (CI2CMaster::CI2CMaster(unsigned int, bool, unsigned int))
../../../lib/libcircle.a(alloc.o)
                              ../../../lib/libcircle.a(translationtable64.o) (palloc)
../../../lib/libcircle.a(bcmframebuffer.o)
                              ../../../lib/libcircle.a(screen.o) (CBcmFrameBuffer::CBcmFrameBuffer(unsigned int, unsigned int, unsigned int, unsigned int, unsigned int, unsigned int, bool))
../../../lib/libcircle.a(bcmpropertytags.o)
                              ../../../lib/libcircle.a(koptions.o) (CBcmPropertyTags::CBcmPropertyTags(bool))
../../../lib/libcircle.a(delayloop.o)
                              ../../../lib/libcircle.a(timer.o) (DelayLoop)
../../../lib/libcircle.a(device.o)
                              ../../../lib/libcircle.a(screen.o) (CDevice::Read(void*, unsigned long))
../../../lib/libcircle.a(dmachannel.o)
                              ../../../lib/libcircle.a(bcmframebuffer.o) (CDMAChannel::CDMAChannel(unsigned int, CInterruptSystem*))
../../../lib/libcircle.a(ptrlist.o)
                              ../../../lib/libcircle.a(timer.o) (CPtrList::CPtrList())
../../../lib/libcircle.a(terminal.o)
                              ../../../lib/libcircle.a(screen.o) (CTerminalDevice::CTerminalDevice(CDisplay*, unsigned int, TFont const&, CCharGenerator::TFontFlags))
../../../lib/libcircle.a(pageallocator.o)
                              ../../../lib/libcircle.a(memory64.o) (CPageAllocator::CPageAllocator())
../../../lib/libcircle.a(exceptionstub64.o)
[...]
Memory Configuration

Name             Origin             Length             Attributes
*default*        0x0000000000000000 0xffffffffffffffff

Linker script and memory map

Address of section .init set to 0x80000

.init           0x0000000000080000       0xa8
 *(.init)
 .init          0x0000000000080000       0xa8 ../../../lib/libcircle.a(startup64.o)
                0x0000000000080000                _start

.text           0x0000000000080800    0x16ac8
 *(.text*)
 .text          0x0000000000080800        0x0 main.o
 .text.startup  0x0000000000080800       0x3c main.o
                0x0000000000080800                main
 *fill*         0x000000000008083c        0x4 
 .text          0x0000000000080840      0x2c8 kernel.o
                0x0000000000080840                CKernel::CKernel()
                0x0000000000080840                CKernel::CKernel()
                0x0000000000080960                CKernel::Initialize()
                0x0000000000080a20                CKernel::Run()
                0x0000000000080a80                CKernel::~CKernel()
                0x0000000000080a80                CKernel::~CKernel()
 *fill*         0x0000000000080b08       0x18 
 .text          0x0000000000080b20      0x3d0 i2cechoclient.o
                0x0000000000080b20                CI2CEchoClient::CI2CEchoClient(unsigned char, CI2CMaster*)
                0x0000000000080b20                CI2CEchoClient::CI2CEchoClient(unsigned char, CI2CMaster*)
                0x0000000000080b50                CI2CEchoClient::~CI2CEchoClient()
                0x0000000000080b50                CI2CEchoClient::~CI2CEchoClient()
                0x0000000000080b60                CI2CEchoClient::SendRequest(unsigned char, unsigned short)
                0x0000000000080d48                CI2CEchoClient::ReceiveResponse()
                0x0000000000080eb0                CI2CEchoClient::DoPing(unsigned char, unsigned short)
 *fill*         0x0000000000080ef0       0x10 
 .text          0x0000000000080f00      0x138 ../../../lib/libcircle.a(actled.o)
                0x0000000000080f00                CActLED::CActLED(bool)
                0x0000000000080f00                CActLED::CActLED(bool)
                0x0000000000080f60                CActLED::~CActLED()
                0x0000000000080f60                CActLED::~CActLED()
                0x0000000000080f6c                CActLED::On()
                0x0000000000080f88                CActLED::Off()
                0x0000000000080fa4                CActLED::Blink(unsigned int, unsigned int, unsigned int)
                0x000000000008102c                CActLED::Get()
 *fill*         0x0000000000081038        0x8 
 .text          0x0000000000081040       0x8c ../../../lib/libcircle.a(assert.o)
                0x0000000000081040                assertion_failed
 *fill*         0x00000000000810cc       0x14 
 .text          0x00000000000810e0      0x2ac ../../../lib/libcircle.a(debug.o)
                0x00000000000810e0                DebugStackTrace(unsigned long const*, char const*)
                0x0000000000081184                DebugHexDump(void const*, unsigned int, char const*, unsigned int)
 *fill*         0x000000000008138c       0x14 
 .text          0x00000000000813a0      0x82c ../../../lib/libcircle.a(devicenameservice.o)
                0x00000000000813a0                CDeviceNameService::CDeviceNameService()
                0x00000000000813a0                CDeviceNameService::CDeviceNameService()
                0x00000000000813e0                CDeviceNameService::~CDeviceNameService()
                0x00000000000813e0                CDeviceNameService::~CDeviceNameService()
                0x0000000000081440                CDeviceNameService::AddDevice(char const*, CDevice*, bool)
                0x0000000000081524                CDeviceNameService::RemoveDevice(char const*, bool)
                0x0000000000081660                CDeviceNameService::GetDevice(char const*, bool)
                0x0000000000081760                CDeviceNameService::EnumerateDevices(bool (*)(CDevice*, char const*, bool, void*), void*)
                0x0000000000081800                CDeviceNameService::Get()
                0x0000000000081830                CDeviceNameService::AddDevice(char const*, unsigned int, CDevice*, bool)
                0x00000000000818a8                CDeviceNameService::RemoveDevice(char const*, unsigned int, bool)
                0x0000000000081910                CDeviceNameService::GetDevice(char const*, unsigned int, bool)
                0x0000000000081980                CDeviceNameService::ListDevices(CDevice*, bool)
 *fill*         0x0000000000081bcc       0x14 
 .text          0x0000000000081be0      0x958 ../../../lib/libcircle.a(koptions.o)
                0x0000000000081be0                CKernelOptions::~CKernelOptions()
                0x0000000000081be0                CKernelOptions::~CKernelOptions()
                0x0000000000081c48                CKernelOptions::GetWidth() const
                0x0000000000081c50                CKernelOptions::GetHeight() const
                0x0000000000081c60                CKernelOptions::GetLogDevice() const
                0x0000000000081c68                CKernelOptions::GetLogLevel() const
                0x0000000000081c70                CKernelOptions::GetKeyMap() const
                0x0000000000081c80                CKernelOptions::GetUSBPowerDelay() const
                0x0000000000081c88                CKernelOptions::GetUSBFullSpeed() const
                0x0000000000081c90                CKernelOptions::GetUSBBoost() const
                0x0000000000081ca0                CKernelOptions::GetUSBIgnore() const
                0x0000000000081ca8                CKernelOptions::GetUSBSoundChannels() const
                0x0000000000081cb0                CKernelOptions::GetSoundDevice() const
                0x0000000000081cc0                CKernelOptions::GetSoundOption() const
                0x0000000000081cc8                CKernelOptions::GetCPUSpeed() const
                0x0000000000081cd0                CKernelOptions::GetSoCMaxTemp() const
                0x0000000000081ce0                CKernelOptions::GetGPIOFanPin() const
                0x0000000000081ce8                CKernelOptions::GetTouchScreen() const
                0x0000000000081d00                CKernelOptions::GetBacklight() const
                0x0000000000081d08                CKernelOptions::GetAppOptionString(char const*, char const*) const
                0x0000000000081d6c                CKernelOptions::GetAppOptionSignedDecimal(char const*, int) const
                0x0000000000081e00                CKernelOptions::Get()
                0x0000000000081e0c                CKernelOptions::GetToken()
                0x0000000000081e70                CKernelOptions::GetOptionValue(char*)
                0x0000000000081ea0                CKernelOptions::GetDecimal(char const*)
                0x0000000000081f00                CKernelOptions::GetAppOptionDecimal(char const*, unsigned int) const
                0x0000000000081f80                CKernelOptions::GetDecimals(char*, unsigned int*, unsigned int)
                0x0000000000082064                CKernelOptions::CKernelOptions()
                0x0000000000082064                CKernelOptions::CKernelOptions()
 *fill*         0x0000000000082538        0x8 
 .text          0x0000000000082540      0x9f4 ../../../lib/libcircle.a(logger.o)
                0x0000000000082540                CLogger::CLogger(unsigned int, CTimer*, bool)
                0x0000000000082540                CLogger::CLogger(unsigned int, CTimer*, bool)
                0x00000000000825a0                CLogger::~CLogger()
                0x00000000000825a0                CLogger::~CLogger()
                0x0000000000082624                CLogger::SetNewTarget(CDevice*)
                0x000000000008262c                CLogger::GetTarget() const
                0x0000000000082640                CLogger::Get()
                0x00000000000826a8                CLogger::Write(char const*)
                0x00000000000827a0                CLogger::WriteNoAlloc(char const*, TLogSeverity, char const*)
                0x00000000000828a0                CLogger::Read(void*, unsigned int, bool)
                0x000000000008296c                CLogger::WriteEvent(char const*, TLogSeverity, char const*)
                0x0000000000082ad0                CLogger::ReadEvent(TLogSeverity*, char*, char*, long*, unsigned int*, int*)
                0x0000000000082c00                CLogger::RegisterEventNotificationHandler(void (*)())
                0x0000000000082c08                CLogger::RegisterPanicHandler(void (*)())
                0x0000000000082c10                CLogger::WriteV(char const*, TLogSeverity, char const*, std::__va_list)
                0x0000000000082dc0                CLogger::Write(char const*, TLogSeverity, char const*, ...)
                0x0000000000082e20                CLogger::Initialize(CDevice*)
 *fill*         0x0000000000082f34        0xc 
 .text          0x0000000000082f40     0x11dc ../../../lib/libcircle.a(machineinfo.o)
                0x0000000000082f48                CMachineInfo::~CMachineInfo()
                0x0000000000082f48                CMachineInfo::~CMachineInfo()
                0x0000000000082fa0                CMachineInfo::GetMachineModel() const
                0x0000000000082fa8                CMachineInfo::GetMachineName() const
                0x0000000000082fc0                CMachineInfo::GetModelMajor() const
                0x0000000000082fc8                CMachineInfo::GetModelRevision() const
                0x0000000000082fd0                CMachineInfo::GetSoCType() const
                0x0000000000082fe0                CMachineInfo::GetSoCStepping() const
                0x0000000000082fe8                CMachineInfo::GetRAMSize() const
                0x0000000000082ff0                CMachineInfo::GetRAMSizeEarly()
                0x0000000000083000                CMachineInfo::GetSoCName() const
                0x0000000000083020                CMachineInfo::GetRevisionRaw() const
                0x0000000000083028                CMachineInfo::GetActLEDInfo() const
                0x0000000000083040                CMachineInfo::GetClockRate(unsigned int) const
                0x00000000000831e4                CMachineInfo::GetGPIOPin(TGPIOVirtualPin) const
                0x000000000008328c                CMachineInfo::GetGPIOClockSourceRate(unsigned int)
                0x00000000000832b0                CMachineInfo::GetDevice(TDeviceId) const
                0x00000000000832e4                CMachineInfo::ArePWMChannelsSwapped() const
                0x0000000000083320                CMachineInfo::AllocateDMAChannel(unsigned int)
                0x00000000000833f0                CMachineInfo::FreeDMAChannel(unsigned int)
                0x0000000000083480                CMachineInfo::AllocateDMAChannelRP1(unsigned int)
                0x0000000000083548                CMachineInfo::FreeDMAChannelRP1(unsigned int)
                0x00000000000835d0                CMachineInfo::FetchDTB()
                0x0000000000083648                CMachineInfo::CMachineInfo()
                0x0000000000083648                CMachineInfo::CMachineInfo()
                0x0000000000083d20                CMachineInfo::CheckDTB(bool)
                0x0000000000083ecc                CMachineInfo::GetDTB() const
                0x0000000000083ee0                CMachineInfo::GetPCIeMemory(unsigned int) const
                0x0000000000083f44                CMachineInfo::GetPCIeDMAMemory(unsigned int) const
                0x00000000000840ec                CMachineInfo::Get()
 *fill*         0x000000000008411c        0x4 
 .text          0x0000000000084120      0x414 ../../../lib/libcircle.a(screen.o)
                0x0000000000084120                CScreenDevice::Write(void const*, unsigned long)
                0x0000000000084140                CScreenDevice::~CScreenDevice()
                0x0000000000084140                CScreenDevice::~CScreenDevice()
                0x00000000000841c0                CScreenDevice::~CScreenDevice()
                0x00000000000841e0                CScreenDevice::CScreenDevice(unsigned int, unsigned int, TFont const&, CCharGenerator::TFontFlags, unsigned int)
                0x00000000000841e0                CScreenDevice::CScreenDevice(unsigned int, unsigned int, TFont const&, CCharGenerator::TFontFlags, unsigned int)
                0x0000000000084248                CScreenDevice::Initialize()
                0x0000000000084348                CScreenDevice::Resize(unsigned int, unsigned int)
                0x00000000000843ac                CScreenDevice::GetWidth() const
                0x00000000000843c0                CScreenDevice::GetHeight() const
                0x00000000000843c8                CScreenDevice::GetColumns() const
                0x00000000000843d0                CScreenDevice::GetRows() const
                0x00000000000843e0                CScreenDevice::GetFrameBuffer()
                0x00000000000843e8                CScreenDevice::SetPixel(unsigned int, unsigned int, unsigned short)
                0x0000000000084400                CScreenDevice::GetPixel(unsigned int, unsigned int)
                0x0000000000084488                CScreenDevice::Rotor(unsigned int, unsigned int)
                0x0000000000084524                CScreenDevice::SetCursorBlock(bool)
                0x000000000008452c                CScreenDevice::Update(unsigned int)
 *fill*         0x0000000000084534        0xc 
 .text          0x0000000000084540     0x1250 ../../../lib/libcircle.a(serial.o)
                0x0000000000084540                CSerialDevice::Read(void*, unsigned long)
                0x00000000000846a0                CSerialDevice::~CSerialDevice()
                0x00000000000846a0                CSerialDevice::~CSerialDevice()
                0x000000000008482c                CSerialDevice::~CSerialDevice()
                0x000000000008484c                CSerialDevice::CSerialDevice(CInterruptSystem*, bool, unsigned int)
                0x000000000008484c                CSerialDevice::CSerialDevice(CInterruptSystem*, bool, unsigned int)
                0x0000000000084a20                CSerialDevice::Initialize(unsigned int, unsigned int, unsigned int, CSerialDevice::TParity)
                0x0000000000084d68                CSerialDevice::GetOptions() const
                0x0000000000084d70                CSerialDevice::SetOptions(unsigned int)
                0x0000000000084d80                CSerialDevice::SetParity(CSerialDevice::TParity)
                0x0000000000084ec8                CSerialDevice::IsTransmitting() const
                0x0000000000084f00                CSerialDevice::RegisterCharReceivedHandler(void (*)(unsigned char, int, void*), void*)
                0x0000000000084f30                CSerialDevice::RegisterMagicReceivedHandler(char const*, void (*)())
                0x0000000000084fd0                CSerialDevice::AvailableForWrite()
                0x0000000000085080                CSerialDevice::AvailableForRead()
                0x0000000000085150                CSerialDevice::Peek()
                0x0000000000085220                CSerialDevice::Flush()
                0x0000000000085240                CSerialDevice::Write(unsigned char)
                0x0000000000085340                CSerialDevice::Write(void const*, unsigned long)
                0x00000000000854e0                CSerialDevice::InterruptHandler()
                0x0000000000085708                CSerialDevice::InterruptStub(void*)
 *fill*         0x0000000000085790       0x10 
 .text          0x00000000000857a0     0x1b4c ../../../lib/libcircle.a(string.o)
                0x00000000000857a0                CString::~CString()
                0x00000000000857a0                CString::~CString()
                0x00000000000857b0                CString::~CString()
                0x0000000000085888                CString::CString()
                0x0000000000085888                CString::CString()
                0x00000000000858a0                CString::CString(char const*)
                0x00000000000858a0                CString::CString(char const*)
                0x00000000000858e8                CString::CString(CString const&)
                0x00000000000858e8                CString::CString(CString const&)
                0x000000000008594c                CString::CString(CString&&)
                0x000000000008594c                CString::CString(CString&&)
                0x0000000000085970                CString::operator char const*() const
                0x0000000000085988                CString::operator=(char const*)
                0x00000000000859e0                CString::operator=(CString const&)
                0x0000000000085a50                CString::operator=(CString&&)
                0x0000000000085ac0                CString::c_str() const
                0x0000000000085ae0                CString::GetLength() const
                0x0000000000085af0                CString::Append(char const*)
                0x0000000000085ba0                CString::operator+=(char const*)
                0x0000000000085bc0                CString::operator+=(CString const&)
                0x0000000000085bf0                CString::Append(char)
                0x0000000000085c10                CString::operator+=(char)
                0x0000000000085c40                CString::Compare(char const*) const
                0x0000000000085c60                CString::Find(char) const
                0x0000000000085ca0                CString::TrimRight(char const*)
                0x0000000000085d24                CString::Replace(char const*, char const*)
                0x0000000000085ef0                CString::PutChar(char, unsigned long)
                0x0000000000085f4c                CString::PutString(char const*)
                0x0000000000085fa8                CString::ReserveSpace(unsigned long)
                0x0000000000086050                CString::ntoa(char*, unsigned long, unsigned int, bool)
                0x00000000000860c8                CString::lltoa(char*, unsigned long long, unsigned int, bool)
                0x0000000000086148                CString::ftoa(char*, double, unsigned int)
                0x00000000000863a0                CString::FormatV(char const*, std::__va_list)
                0x0000000000087288                CString::Format(char const*, ...)
 *fill*         0x00000000000872ec       0x14 
 .text          0x0000000000087300      0x328 ../../../lib/libcircle.a(sysinit.o)
                0x0000000000087300                __aeabi_atexit
                0x0000000000087304                __cxa_atexit
                0x0000000000087308                __errno
                0x0000000000087320                set_qemu_exit_status
                0x0000000000087324                __GetCurrentStackNoWeak
                0x0000000000087360                GetCurrentStack
                0x0000000000087390                halt
                0x00000000000873ac                error_halt
                0x00000000000873e8                reboot
                0x0000000000087410                poweroff
                0x0000000000087424                is_power_button_pressed
                0x00000000000874ac                sysinit
 *fill*         0x0000000000087628       0x18 
 .text          0x0000000000087640      0xff0 ../../../lib/libcircle.a(timer.o)
                0x0000000000087640                CTimer::CTimer(CInterruptSystem*)
                0x0000000000087640                CTimer::CTimer(CInterruptSystem*)
                0x00000000000876c4                CTimer::~CTimer()
                0x00000000000876c4                CTimer::~CTimer()
                0x00000000000877b0                CTimer::SetTimeZone(int)
                0x00000000000877d0                CTimer::GetTimeZone() const
                0x00000000000877e0                CTimer::SetTime(unsigned int, bool)
                0x0000000000087880                CTimer::GetClockTicks()
                0x00000000000878a0                CTimer::GetClockTicks64()
                0x00000000000878c0                CTimer::GetTicks() const
                0x00000000000878c8                CTimer::GetUptime() const
                0x00000000000878d0                CTimer::GetUptime(unsigned int*, unsigned int*)
                0x00000000000879a0                CTimer::GetTime() const
                0x00000000000879a8                CTimer::GetLocalTime(unsigned int*, unsigned int*)
                0x0000000000087a80                CTimer::GetUniversalTime() const
                0x0000000000087aa0                CTimer::GetUniversalTime(unsigned int*, unsigned int*)
                0x0000000000087ba0                CTimer::GetTimeString()
                0x0000000000087dd0                CTimer::StartKernelTimer(unsigned int, void (*)(unsigned long, void*, void*), void*, void*)
                0x0000000000087f30                CTimer::CancelKernelTimer(unsigned long)
                0x0000000000087fe8                CTimer::PollKernelTimers()
                0x0000000000088120                CTimer::InterruptHandler()
                0x0000000000088230                CTimer::InterruptHandler(void*)
                0x0000000000088260                CTimer::TuneMsDelay()
                0x0000000000088304                CTimer::Initialize()
                0x00000000000883e0                CTimer::RegisterUpdateTimeHandler(bool (*)(unsigned int, unsigned int))
                0x0000000000088430                CTimer::RegisterPeriodicHandler(void (*)())
                0x00000000000884a0                CTimer::SimpleMsDelay(unsigned int)
                0x0000000000088500                CTimer::SimpleusDelay(unsigned int)
                0x0000000000088548                CTimer::IsLeapYear(unsigned int)
                0x000000000008858c                CTimer::GetDaysOfMonth(unsigned int, unsigned int)
                0x0000000000088600                CTimer::Get()
 *fill*         0x0000000000088630       0x10 
 .text          0x0000000000088640      0x7f8 ../../../lib/libcircle.a(util.o)
                0x0000000000088640                memmove
                0x0000000000088680                memcmp
                0x00000000000886c4                memmem
                0x000000000008872c                strlen
                0x0000000000088760                strnlen
                0x000000000008878c                strcmp
                0x0000000000088800                strcasecmp
                0x0000000000088888                strncmp
                0x00000000000888ec                strncasecmp
                0x0000000000088988                strcpy
                0x00000000000889c0                strncpy
                0x00000000000889ec                strcat
                0x0000000000088a2c                strncat
                0x0000000000088a88                strchr
                0x0000000000088ab0                strstr
                0x0000000000088b00                strtok_r
                0x0000000000088be0                strtoul
                0x0000000000088d70                strtoull
                0x0000000000088d80                atoi
                0x0000000000088da0                char2int
                0x0000000000088da8                ether_crc
 .text          0x0000000000088e38       0xb0 ../../../lib/libcircle.a(util_fast.o)
                0x0000000000088e38                memset
                0x0000000000088e88                memcpy
 *fill*         0x0000000000088ee8       0x18 
 .text          0x0000000000088f00       0xbc ../../../lib/libcircle.a(chainboot.o)
                0x0000000000088f4c                EnableChainBoot
                0x0000000000088f8c                IsChainBootEnabled
                0x0000000000088fa0                DoChainBoot
 *fill*         0x0000000000088fbc        0x4 
 .text          0x0000000000088fc0      0x328 ../../../lib/libcircle.a(new.o)
                0x0000000000088fc0                operator new(unsigned long, int)
                0x0000000000089048                operator new[](unsigned long, int)
                0x00000000000890d0                operator new(unsigned long, void*)
                0x00000000000890e0                operator new[](unsigned long, void*)
                0x00000000000890e8                operator new(unsigned long)
                0x0000000000089100                operator new[](unsigned long)
                0x0000000000089120                operator delete(void*)
                0x0000000000089148                operator delete[](void*)
                0x0000000000089170                operator delete(void*, unsigned long)
                0x00000000000891a0                operator delete[](void*, unsigned long)
                0x00000000000891c8                operator new(unsigned long, std::align_val_t)
                0x0000000000089200                operator new[](unsigned long, std::align_val_t)
                0x0000000000089240                operator delete(void*, std::align_val_t)
                0x0000000000089268                operator delete[](void*, std::align_val_t)
                0x0000000000089290                operator delete(void*, unsigned long, std::align_val_t)
                0x00000000000892c0                operator delete[](void*, unsigned long, std::align_val_t)
 *fill*         0x00000000000892e8       0x18 
 .text          0x0000000000089300      0x534 ../../../lib/libcircle.a(heapallocator.o)
                0x0000000000089300                CHeapAllocator::CHeapAllocator(char const*)
                0x0000000000089300                CHeapAllocator::CHeapAllocator(char const*)
                0x0000000000089360                CHeapAllocator::~CHeapAllocator()
                0x0000000000089360                CHeapAllocator::~CHeapAllocator()
                0x0000000000089364                CHeapAllocator::Setup(unsigned long, unsigned long, unsigned long)
                0x0000000000089380                CHeapAllocator::GetFreeSpace() const
                0x000000000008938c                CHeapAllocator::DoAllocate(unsigned long)
                0x00000000000895a8                CHeapAllocator::Allocate(unsigned long)
                0x00000000000895ac                CHeapAllocator::DoFree(void*)
                0x0000000000089720                CHeapAllocator::Free(void*)
                0x0000000000089724                CHeapAllocator::DoReAllocate(void*, unsigned long)
                0x0000000000089830                CHeapAllocator::ReAllocate(void*, unsigned long)
 .text          0x0000000000089834        0x0 ../../../lib/libcircle.a(font8x16.o)
 *fill*         0x0000000000089834        0xc 
 .text          0x0000000000089840      0x37c ../../../lib/libcircle.a(exceptionhandler64.o)
                0x0000000000089840                CExceptionHandler::~CExceptionHandler()
                0x0000000000089840                CExceptionHandler::~CExceptionHandler()
                0x000000000008984c                CExceptionHandler::~CExceptionHandler()
                0x0000000000089860                CExceptionHandler::Throw(unsigned int, TAbortFrame*)
                0x0000000000089ac4                CExceptionHandler::CExceptionHandler()
                0x0000000000089ac4                CExceptionHandler::CExceptionHandler()
                0x0000000000089b04                CExceptionHandler::Get()
                0x0000000000089b40                ExceptionHandler
 *fill*         0x0000000000089bbc        0x4 
 .text          0x0000000000089bc0      0x350 ../../../lib/libcircle.a(memory64.o)
                0x0000000000089bc0                CMemorySystem::Destructor()
                0x0000000000089c20                CMemorySystem::~CMemorySystem()
                0x0000000000089c20                CMemorySystem::~CMemorySystem()
                0x0000000000089c60                CMemorySystem::SetupHighMem()
                0x0000000000089cc0                CMemorySystem::GetMemSize() const
                0x0000000000089d00                CMemorySystem::Get()
                0x0000000000089d2c                CMemorySystem::EnableMMU()
                0x0000000000089dc8                CMemorySystem::CMemorySystem(bool)
                0x0000000000089dc8                CMemorySystem::CMemorySystem(bool)
                0x0000000000089f04                CMemorySystem::GetCoherentPage(unsigned int)
 .text          0x0000000000089f10        0x0 ../../../lib/libcircle.a(startup64.o)
 *fill*         0x0000000000089f10       0x10 
 .text          0x0000000000089f20      0x5f0 ../../../lib/libcircle.a(synchronize64.o)
                0x0000000000089f20                CurrentExecutionLevel
                0x0000000000089f40                EnterCritical
                0x000000000008a000                LeaveCritical
                0x000000000008a060                InvalidateDataCache
                0x000000000008a224                InvalidateDataCacheL1Only
                0x000000000008a260                CleanDataCache
                0x000000000008a424                InvalidateDataCacheRange
                0x000000000008a468                CleanDataCacheRange
                0x000000000008a4ac                CleanAndInvalidateDataCacheRange
                0x000000000008a4f0                SyncDataAndInstructionCache
 *fill*         0x000000000008a510       0x10 
 .text          0x000000000008a520      0x63c ../../../lib/libcircle.a(translationtable64.o)
                0x000000000008a520                CTranslationTable::~CTranslationTable()
                0x000000000008a520                CTranslationTable::~CTranslationTable()
                0x000000000008a528                CTranslationTable::GetBaseAddress() const
                0x000000000008a560                CTranslationTable::CreateLevel3Table(unsigned long)
                0x000000000008a850                CTranslationTable::CTranslationTable(unsigned long)
                0x000000000008a850                CTranslationTable::CTranslationTable(unsigned long)
 *fill*         0x000000000008ab5c        0x4 
 .text          0x000000000008ab60      0xb64 ../../../lib/libcircle.a(interruptgic.o)
                0x000000000008ab60                CInterruptSystem::CInterruptSystem()
                0x000000000008ab60                CInterruptSystem::CInterruptSystem()
                0x000000000008aba0                CInterruptSystem::~CInterruptSystem()
                0x000000000008aba0                CInterruptSystem::~CInterruptSystem()
                0x000000000008abd0                CInterruptSystem::Destructor()
                0x000000000008ac00                CInterruptSystem::Initialize()
                0x000000000008ad88                CInterruptSystem::DisconnectFIQ()
                0x000000000008aea0                CInterruptSystem::EnableIRQ(unsigned int)
                0x000000000008af40                CInterruptSystem::ConnectIRQ(unsigned int, void (*)(void*), void*)
                0x000000000008b00c                CInterruptSystem::DisableIRQ(unsigned int)
                0x000000000008b0ac                CInterruptSystem::DisconnectIRQ(unsigned int)
                0x000000000008b184                CInterruptSystem::EnableFIQ(unsigned int)
                0x000000000008b24c                CInterruptSystem::ConnectFIQ(unsigned int, void (*)(void*), void*)
                0x000000000008b368                CInterruptSystem::DisableFIQ()
                0x000000000008b3e0                CInterruptSystem::Get()
                0x000000000008b40c                CInterruptSystem::CallIRQHandler(unsigned int)
                0x000000000008b464                CInterruptSystem::InterruptHandler()
                0x000000000008b50c                InterruptHandler
                0x000000000008b510                CInterruptSystem::InitializeSecondary()
                0x000000000008b540                CInterruptSystem::SendIPI(unsigned int, unsigned int)
                0x000000000008b5a8                CInterruptSystem::CallSecureMonitor(unsigned int, unsigned int)
                0x000000000008b5c0                CInterruptSystem::SecureMonitorHandler(unsigned int, unsigned int)
                0x000000000008b6c0                SecureMonitorHandler
 *fill*         0x000000000008b6c4       0x1c 
 .text          0x000000000008b6e0      0x7a4 ../../../lib/libcircle.a(devicetreeblob.o)
                0x000000000008b6e0                CDeviceTreeBlob::CDeviceTreeBlob(void const*)
                0x000000000008b6e0                CDeviceTreeBlob::CDeviceTreeBlob(void const*)
                0x000000000008b7a4                CDeviceTreeBlob::~CDeviceTreeBlob()
                0x000000000008b7a4                CDeviceTreeBlob::~CDeviceTreeBlob()
                0x000000000008b7c0                CDeviceTreeBlob::FindNodeInternal(char const*, TDeviceTreeNode const*, TDeviceTreeNode const**) const
                0x000000000008bb44                CDeviceTreeBlob::FindNode(char const*, TDeviceTreeNode const*) const
                0x000000000008bb4c                CDeviceTreeBlob::FindProperty(TDeviceTreeNode const*, char const*) const
                0x000000000008bd40                CDeviceTreeBlob::GetPropertyValueLength(TDeviceTreeProperty const*) const
                0x000000000008bd90                CDeviceTreeBlob::GetPropertyValue(TDeviceTreeProperty const*) const
                0x000000000008bdc8                CDeviceTreeBlob::GetPropertyValueWord(TDeviceTreeProperty const*, unsigned int) const
 *fill*         0x000000000008be84       0x1c 
 .text          0x000000000008bea0      0x818 ../../../lib/libcircle.a(southbridge.o)
                0x000000000008bea0                CSouthbridge::CSouthbridge(CInterruptSystem*)
                0x000000000008bea0                CSouthbridge::CSouthbridge(CInterruptSystem*)
                0x000000000008bf40                CSouthbridge::~CSouthbridge()
                0x000000000008bf40                CSouthbridge::~CSouthbridge()
                0x000000000008bfe0                CSouthbridge::Initialize()
                0x000000000008c128                CSouthbridge::EnableIRQ(unsigned int)
                0x000000000008c200                CSouthbridge::ConnectIRQ(unsigned int, void (*)(void*), void*)
                0x000000000008c2c0                CSouthbridge::DisableIRQ(unsigned int)
                0x000000000008c360                CSouthbridge::DisconnectIRQ(unsigned int)
                0x000000000008c420                CSouthbridge::InterruptHandler(void*)
                0x000000000008c56c                CSouthbridge::Get()
                0x000000000008c5a0                CSouthbridge::DumpStatus()
 *fill*         0x000000000008c6b8        0x8 
 .text          0x000000000008c6c0     0x16b0 ../../../lib/libcircle.a(gpiopin2712.o)
                0x000000000008c6c0                CGPIOPin::CGPIOPin()
                0x000000000008c6c0                CGPIOPin::CGPIOPin()
                0x000000000008c6ec                CGPIOPin::~CGPIOPin()
                0x000000000008c6ec                CGPIOPin::~CGPIOPin()
                0x000000000008c6f0                CGPIOPin::AssignPin(unsigned int)
                0x000000000008c7ec                CGPIOPin::SetPullMode(TGPIOPullMode)
                0x000000000008c8e0                CGPIOPin::SetSchmittTrigger(bool)
                0x000000000008c968                CGPIOPin::SetFilterConstant(unsigned int)
                0x000000000008ca00                CGPIOPin::SetDriveStrength(TGPIODriveStrength)
                0x000000000008caa0                CGPIOPin::SetSlewRate(TGPIOSlewRate)
                0x000000000008cb40                CGPIOPin::Write(unsigned int)
                0x000000000008cbe0                CGPIOPin::Read() const
                0x000000000008cc80                CGPIOPin::Invert()
                0x000000000008cd00                CGPIOPin::ConnectInterrupt(void (*)(void*), void*, bool)
                0x000000000008ce80                CGPIOPin::DisconnectInterrupt()
                0x000000000008cfe0                CGPIOPin::EnableInterrupt(TGPIOInterrupt)
                0x000000000008d160                CGPIOPin::DisableInterrupt()
                0x000000000008d280                CGPIOPin::EnableInterrupt2(TGPIOInterrupt)
                0x000000000008d400                CGPIOPin::DisableInterrupt2()
                0x000000000008d520                CGPIOPin::AcknowledgeInterrupt()
                0x000000000008d624                CGPIOPin::SetModeAll(unsigned int, unsigned int)
                0x000000000008d684                CGPIOPin::WriteAll(unsigned int, unsigned int)
                0x000000000008d6cc                CGPIOPin::ReadAll()
                0x000000000008d6e0                CGPIOPin::DumpStatus()
                0x000000000008d800                CGPIOPin::SetAlternateFunction(unsigned int)
                0x000000000008d8c4                CGPIOPin::SetMode(TGPIOMode, bool)
                0x000000000008db04                CGPIOPin::CGPIOPin(unsigned int, TGPIOMode, CGPIOManager*)
                0x000000000008db04                CGPIOPin::CGPIOPin(unsigned int, TGPIOMode, CGPIOManager*)
                0x000000000008db60                CGPIOPin::InterruptHandler()
                0x000000000008dbe8                CGPIOPin::DisableAllInterrupts(unsigned int)
                0x000000000008dcc8                CGPIOPin::Pin2Bank(unsigned int, unsigned int*, unsigned int*)
 *fill*         0x000000000008dd70       0x10 
 .text.startup  0x000000000008dd80       0x10 ../../../lib/libcircle.a(gpiopin2712.o)
 *fill*         0x000000000008dd90       0x10 
 .text          0x000000000008dda0      0xdb4 ../../../lib/libcircle.a(i2cmaster-rp1.o)
                0x000000000008de00                CI2CMaster::CI2CMaster(unsigned int, bool, unsigned int)
                0x000000000008de00                CI2CMaster::CI2CMaster(unsigned int, bool, unsigned int)
                0x000000000008df4c                CI2CMaster::DisableAdapter()
                0x000000000008dfb0                CI2CMaster::~CI2CMaster()
                0x000000000008dfb0                CI2CMaster::~CI2CMaster()
                0x000000000008e040                CI2CMaster::wait_bus_not_busy()
                0x000000000008e0c0                CI2CMaster::xfer_init(unsigned char, unsigned int)
                0x000000000008e140                CI2CMaster::read_clear_intrbits(unsigned int*)
                0x000000000008e250                CI2CMaster::read()
                0x000000000008e260                CI2CMaster::xfer_msg()
                0x000000000008e3e0                CI2CMaster::Transfer(bool, unsigned char, void*, unsigned int)
                0x000000000008e550                CI2CMaster::Read(unsigned char, void*, unsigned int)
                0x000000000008e5e0                CI2CMaster::Write(unsigned char, void const*, unsigned int)
                0x000000000008e670                CI2CMaster::set_timings(unsigned int)
                0x000000000008e6c4                CI2CMaster::set_sda_hold()
                0x000000000008e720                CI2CMaster::set_timings_master()
                0x000000000008e8a0                CI2CMaster::SetClock(unsigned int)
                0x000000000008e9a4                CI2CMaster::Initialize()
                0x000000000008eab0                CI2CMaster::scl_hcnt(unsigned int, unsigned int, unsigned int, int, int)
                0x000000000008eb20                CI2CMaster::scl_lcnt(unsigned int, unsigned int, unsigned int, int)
 *fill*         0x000000000008eb54        0xc 
 .text          0x000000000008eb60      0x154 ../../../lib/libcircle.a(alloc.o)
                0x000000000008eb60                malloc
                0x000000000008eb80                memalign
                0x000000000008ebc0                free
                0x000000000008ebe8                calloc
                0x000000000008ec60                realloc
                0x000000000008ec8c                palloc
                0x000000000008eca0                pfree
 *fill*         0x000000000008ecb4        0xc 
 .text          0x000000000008ecc0      0x974 ../../../lib/libcircle.a(bcmframebuffer.o)
                0x000000000008ecc0                CBcmFrameBuffer::SetPixel(unsigned int, unsigned int, unsigned int)
                0x000000000008ed24                CBcmFrameBuffer::GetWidth() const
                0x000000000008ed2c                CBcmFrameBuffer::GetHeight() const
                0x000000000008ed40                CBcmFrameBuffer::GetDepth() const
                0x000000000008ed48                CBcmFrameBuffer::~CBcmFrameBuffer()
                0x000000000008ed48                CBcmFrameBuffer::~CBcmFrameBuffer()
                0x000000000008eda0                CBcmFrameBuffer::SetArea(CDisplay::TArea const&, void const*, void (*)(void*), void*)
                0x000000000008ee80                CBcmFrameBuffer::DMACompletionRoutine(unsigned int, unsigned int, bool, void*)
                0x000000000008ef64                CBcmFrameBuffer::~CBcmFrameBuffer()
                0x000000000008efb0                CBcmFrameBuffer::CBcmFrameBuffer(unsigned int, unsigned int, unsigned int, unsigned int, unsigned int, unsigned int, bool)
                0x000000000008efb0                CBcmFrameBuffer::CBcmFrameBuffer(unsigned int, unsigned int, unsigned int, unsigned int, unsigned int, unsigned int, bool)
                0x000000000008f180                CBcmFrameBuffer::SetPalette(unsigned char, unsigned short)
                0x000000000008f1e0                CBcmFrameBuffer::SetPalette32(unsigned char, unsigned int)
                0x000000000008f220                CBcmFrameBuffer::GetVirtWidth() const
                0x000000000008f228                CBcmFrameBuffer::GetVirtHeight() const
                0x000000000008f230                CBcmFrameBuffer::GetPitch() const
                0x000000000008f240                CBcmFrameBuffer::GetBuffer() const
                0x000000000008f248                CBcmFrameBuffer::GetSize() const
                0x000000000008f250                CBcmFrameBuffer::UpdatePalette()
                0x000000000008f340                CBcmFrameBuffer::SetVirtualOffset(unsigned int, unsigned int)
                0x000000000008f400                CBcmFrameBuffer::WaitForVerticalSync()
                0x000000000008f468                CBcmFrameBuffer::SetBacklightBrightness(unsigned int)
                0x000000000008f4e0                CBcmFrameBuffer::Initialize()
                0x000000000008f600                CBcmFrameBuffer::SetDisplay()
                0x000000000008f620                CBcmFrameBuffer::GetNumDisplays()
 *fill*         0x000000000008f634        0xc 
 .text          0x000000000008f640      0x260 ../../../lib/libcircle.a(bcmpropertytags.o)
                0x000000000008f640                CBcmPropertyTags::CBcmPropertyTags(bool)
                0x000000000008f640                CBcmPropertyTags::CBcmPropertyTags(bool)
                0x000000000008f64c                CBcmPropertyTags::~CBcmPropertyTags()
                0x000000000008f64c                CBcmPropertyTags::~CBcmPropertyTags()
                0x000000000008f650                CBcmPropertyTags::GetTags(void*, unsigned int)
                0x000000000008f7a0                CBcmPropertyTags::GetTag(unsigned int, void*, unsigned int, unsigned int)
 *fill*         0x000000000008f8a0       0x20 
 .text          0x000000000008f8c0       0x14 ../../../lib/libcircle.a(delayloop.o)
                0x000000000008f8c0                DelayLoop
 *fill*         0x000000000008f8d4        0xc 
 .text          0x000000000008f8e0      0x360 ../../../lib/libcircle.a(device.o)
                0x000000000008f8e0                CDevice::Read(void*, unsigned long)
                0x000000000008f8e0                CDevice::Write(void const*, unsigned long)
                0x000000000008f8e8                CDevice::Seek(unsigned long)
                0x000000000008f8f0                CDevice::GetSize() const
                0x000000000008f900                CDevice::IOCtl(unsigned long, void*)
                0x000000000008f908                CDevice::RemoveDevice()
                0x000000000008f910                CDevice::CDevice(CDevice*)
                0x000000000008f910                CDevice::CDevice(CDevice*)
                0x000000000008f98c                CDevice::RegisterRemovedHandler(void (*)(CDevice*, void*), void*)
                0x000000000008fa24                CDevice::UnregisterRemovedHandler(void*)
                0x000000000008faa0                CDevice::SetProperty(CDevice::TProperty, char const*)
                0x000000000008fb20                CDevice::GetProperty(CDevice::TProperty) const
                0x000000000008fb60                CDevice::~CDevice()
                0x000000000008fb60                CDevice::~CDevice()
                0x000000000008fc20                CDevice::~CDevice()
 .text          0x000000000008fc40     0x12a4 ../../../lib/libcircle.a(dmachannel.o)
                0x000000000008fc40                CDMAChannel::CDMAChannel(unsigned int, CInterruptSystem*)
                0x000000000008fc40                CDMAChannel::CDMAChannel(unsigned int, CInterruptSystem*)
                0x000000000008fdc4                CDMAChannel::~CDMAChannel()
                0x000000000008fdc4                CDMAChannel::~CDMAChannel()
                0x000000000008ff20                CDMAChannel::SetupMemCopy(void*, void const*, unsigned long, unsigned int, bool)
                0x0000000000090110                CDMAChannel::SetupIORead(void*, unsigned long, unsigned long, TDREQ)
                0x00000000000902c0                CDMAChannel::SetupIOWrite(unsigned long, void const*, unsigned long, TDREQ)
                0x000000000009046c                CDMAChannel::SetupCyclicIOWrite(unsigned long, void const**, unsigned int, unsigned long, TDREQ)
                0x0000000000090720                CDMAChannel::SetupMemCopy2D(void*, void const*, unsigned long, unsigned int, unsigned long, unsigned int)
                0x0000000000090940                CDMAChannel::SetCompletionRoutine(void (*)(unsigned int, unsigned int, bool, void*), void*)
                0x0000000000090a00                CDMAChannel::Start()
                0x0000000000090ba0                CDMAChannel::Wait()
                0x0000000000090c60                CDMAChannel::GetStatus()
                0x0000000000090cd0                CDMAChannel::Cancel()
                0x0000000000090d24                CDMAChannel::InterruptHandler()
                0x0000000000090ec0                CDMAChannel::InterruptStub(void*)
 *fill*         0x0000000000090ee4       0x1c 
 .text          0x0000000000090f00      0x478 ../../../lib/libcircle.a(ptrlist.o)
                0x0000000000090f00                CPtrList::CPtrList()
                0x0000000000090f00                CPtrList::CPtrList()
                0x0000000000090f08                CPtrList::~CPtrList()
                0x0000000000090f08                CPtrList::~CPtrList()
                0x0000000000090f40                CPtrList::GetFirst() const
                0x0000000000090f48                CPtrList::GetNext(TPtrListElement*) const
                0x0000000000090fa4                CPtrList::GetPtr(TPtrListElement*)
                0x0000000000091000                CPtrList::InsertBefore(TPtrListElement*, void*)
                0x0000000000091100                CPtrList::InsertAfter(TPtrListElement*, void*)
                0x0000000000091200                CPtrList::Remove(TPtrListElement*)
                0x0000000000091320                CPtrList::Find(void*) const
 *fill*         0x0000000000091378        0x8 
 .text          0x0000000000091380     0x1fb0 ../../../lib/libcircle.a(terminal.o)
                0x0000000000091380                CTerminalDevice::~CTerminalDevice()
                0x0000000000091380                CTerminalDevice::~CTerminalDevice()
                0x00000000000913ec                CTerminalDevice::~CTerminalDevice()
                0x0000000000091608                CTerminalDevice::CTerminalDevice(CDisplay*, unsigned int, TFont const&, CCharGenerator::TFontFlags)
                0x0000000000091608                CTerminalDevice::CTerminalDevice(CDisplay*, unsigned int, TFont const&, CCharGenerator::TFontFlags)
                0x00000000000916a4                CTerminalDevice::GetWidth() const
                0x00000000000916ac                CTerminalDevice::GetHeight() const
                0x00000000000916c0                CTerminalDevice::GetColumns() const
                0x00000000000916d0                CTerminalDevice::GetRows() const
                0x00000000000916e0                CTerminalDevice::GetDisplay()
                0x00000000000916e8                CTerminalDevice::SetPixel(unsigned int, unsigned int, CDisplay::TColor)
                0x00000000000917d0                CTerminalDevice::SetPixel(unsigned int, unsigned int, unsigned int)
                0x0000000000091880                CTerminalDevice::GetPixel(unsigned int, unsigned int)
                0x0000000000091928                CTerminalDevice::SetCursorBlock(bool)
                0x0000000000091930                CTerminalDevice::Update(unsigned int)
                0x0000000000091a28                CTerminalDevice::CarriageReturn()
                0x0000000000091a30                CTerminalDevice::CursorHome()
                0x0000000000091a40                CTerminalDevice::CursorLeft()
                0x0000000000091a88                CTerminalDevice::CursorMove(unsigned int, unsigned int)
                0x0000000000091ad0                CTerminalDevice::CursorUp()
                0x0000000000091af0                CTerminalDevice::DeleteChars(unsigned int)
                0x0000000000091b00                CTerminalDevice::DeleteLines(unsigned int)
                0x0000000000091b04                CTerminalDevice::GetTextBackgroundColor()
                0x0000000000091b20                CTerminalDevice::GetTextColor()
                0x0000000000091b40                CTerminalDevice::InsertLines(unsigned int)
                0x0000000000091b44                CTerminalDevice::InsertMode(bool)
                0x0000000000091b4c                CTerminalDevice::ReverseScroll()
                0x0000000000091b50                CTerminalDevice::SetAutoPageMode(bool)
                0x0000000000091b60                CTerminalDevice::SetCursorMode(bool)
                0x0000000000091b68                CTerminalDevice::SetScrollRegion(unsigned int, unsigned int)
                0x0000000000091bac                CTerminalDevice::SetStandoutMode(unsigned int)
                0x0000000000091eec                CTerminalDevice::Scroll()
                0x0000000000092110                CTerminalDevice::CursorDown()
                0x000000000009216c                CTerminalDevice::NewLine()
                0x00000000000921cc                CTerminalDevice::CursorRight()
                0x0000000000092248                CTerminalDevice::Tabulator()
                0x00000000000922d0                CTerminalDevice::DisplayChar(char, unsigned int, unsigned int, unsigned int)
                0x0000000000092484                CTerminalDevice::DisplayChar(char)
                0x0000000000092540                CTerminalDevice::EraseChar(unsigned int, unsigned int)
                0x0000000000092640                CTerminalDevice::ClearLineEnd()
                0x00000000000928a0                CTerminalDevice::ClearDisplayEnd()
                0x0000000000092a0c                CTerminalDevice::Initialize()
                0x0000000000092ba8                CTerminalDevice::Write(char)
                0x00000000000931b0                CTerminalDevice::Write(void const*, unsigned long)
                0x00000000000932c4                CTerminalDevice::EraseChars(unsigned int)
                0x0000000000093320                CTerminalDevice::InvertCursor()
 *fill*         0x0000000000093330       0x10 
 .text          0x0000000000093340      0x1c4 ../../../lib/libcircle.a(pageallocator.o)
                0x0000000000093340                CPageAllocator::CPageAllocator()
                0x0000000000093340                CPageAllocator::CPageAllocator()
                0x0000000000093360                CPageAllocator::~CPageAllocator()
                0x0000000000093360                CPageAllocator::~CPageAllocator()
                0x0000000000093364                CPageAllocator::Setup(unsigned long, unsigned long)
                0x00000000000933c0                CPageAllocator::GetFreeSpace() const
                0x00000000000933cc                CPageAllocator::Allocate()
                0x0000000000093490                CPageAllocator::Free(void*)
 *fill*         0x0000000000093504      0x2fc 
 .text          0x0000000000093800      0xad8 ../../../lib/libcircle.a(exceptionstub64.o)
                0x0000000000093800                VectorTable
                0x0000000000093f84                UnexpectedStub
                0x0000000000093fbc                SynchronousStub
                0x0000000000093ff4                SErrorStub
                0x000000000009402c                IRQStub
                0x000000000009415c                FIQStub
                0x0000000000094288                SMCStub
 *fill*         0x00000000000942d8        0x8 
 .text          0x00000000000942e0     0x14e4 ../../../lib/libcircle.a(bcmpciehostbridge.o)
                0x00000000000942e0                CBcmPCIeHostBridge::InterruptHandler(void*)
                0x00000000000943b0                CBcmPCIeHostBridge::CBcmPCIeHostBridge(unsigned int, CInterruptSystem*)
                0x00000000000943b0                CBcmPCIeHostBridge::CBcmPCIeHostBridge(unsigned int, CInterruptSystem*)
                0x00000000000943e0                CBcmPCIeHostBridge::~CBcmPCIeHostBridge()
                0x00000000000943e0                CBcmPCIeHostBridge::~CBcmPCIeHostBridge()
                0x00000000000943e4                CBcmPCIeHostBridge::DumpStatus(unsigned int, unsigned int)
                0x00000000000944f0                CBcmPCIeHostBridge::enable_bridge()
                0x00000000000945c0                CBcmPCIeHostBridge::enable_device(unsigned int, unsigned int, unsigned int)
                0x0000000000094764                CBcmPCIeHostBridge::EnableDevice(unsigned int, unsigned int, unsigned int)
                0x0000000000094780                CBcmPCIeHostBridge::pcie_set_pci_ranges()
                0x00000000000947e4                CBcmPCIeHostBridge::pcie_set_dma_ranges()
                0x0000000000094860                CBcmPCIeHostBridge::pcie_set_outbound_win(unsigned int, unsigned long, unsigned long, unsigned long)
                0x0000000000094920                CBcmPCIeHostBridge::pcie_map_conf(unsigned int, unsigned int, int)
                0x0000000000094980                CBcmPCIeHostBridge::find_pci_capability(unsigned long, unsigned char)
                0x0000000000094a0c                CBcmPCIeHostBridge::pcie_bridge_sw_init_set(unsigned int)
                0x0000000000094a60                CBcmPCIeHostBridge::pcie_perst_set(unsigned int)
                0x0000000000094a88                CBcmPCIeHostBridge::pcie_link_up()
                0x0000000000094aac                CBcmPCIeHostBridge::pcie_rc_mode()
                0x0000000000094ac0                CBcmPCIeHostBridge::msi_set_regs(TPCIeMSIData*)
                0x0000000000094b40                CBcmPCIeHostBridge::pcie_enable_msi(void (*)(unsigned int, void*), void*)
                0x0000000000094c24                CBcmPCIeHostBridge::cfg_index(int, int, int)
                0x0000000000094c40                CBcmPCIeHostBridge::set_gen(unsigned long, int)
                0x0000000000094c6c                CBcmPCIeHostBridge::link_speed_to_str(int)
                0x0000000000094ca0                CBcmPCIeHostBridge::encode_ibar_size(unsigned long)
                0x0000000000094d00                CBcmPCIeHostBridge::rd_fld(unsigned long, unsigned int, int)
                0x0000000000094d10                CBcmPCIeHostBridge::wr_fld(unsigned long, unsigned int, int, unsigned int)
                0x0000000000094d2c                CBcmPCIeHostBridge::wr_fld_rb(unsigned long, unsigned int, int, unsigned int)
                0x0000000000094d4c                CBcmPCIeHostBridge::usleep_range(unsigned int, unsigned int)
                0x0000000000094d60                CBcmPCIeHostBridge::msleep(unsigned int)
                0x0000000000094d68                CBcmPCIeHostBridge::ilog2(unsigned long)
                0x0000000000094da0                CBcmPCIeHostBridge::pcie_set_tc_qos()
                0x0000000000094e40                CBcmPCIeHostBridge::pcie_config_clkreq()
                0x0000000000094e64                CBcmPCIeHostBridge::pcie_mdio_read(unsigned char, unsigned char, unsigned int*)
                0x0000000000094f24                CBcmPCIeHostBridge::pcie_mdio_write(unsigned char, unsigned char, unsigned short)
                0x0000000000094fe0                CBcmPCIeHostBridge::pcie_munge_pll()
                0x00000000000950a0                CBcmPCIeHostBridge::pcie_mdio_form_pkt(int, int, int)
                0x00000000000950ac                CBcmPCIeHostBridge::reset_assert(unsigned long)
                0x00000000000950e0                CBcmPCIeHostBridge::reset_deassert(unsigned long)
                0x0000000000095128                CBcmPCIeHostBridge::rescal_reset_deassert()
                0x0000000000095200                CBcmPCIeHostBridge::pcie_setup()
                0x00000000000956e8                CBcmPCIeHostBridge::pcie_probe()
                0x0000000000095720                CBcmPCIeHostBridge::Initialize()
 *fill*         0x00000000000957c4       0x1c 
 .text          0x00000000000957e0     0x1004 ../../../lib/libcircle.a(dma4channel.o)
                0x00000000000957e0                CDMA4Channel::CDMA4Channel(unsigned int, CInterruptSystem*)
                0x00000000000957e0                CDMA4Channel::CDMA4Channel(unsigned int, CInterruptSystem*)
                0x00000000000958c0                CDMA4Channel::~CDMA4Channel()
                0x00000000000958c0                CDMA4Channel::~CDMA4Channel()
                0x00000000000959a0                CDMA4Channel::SetupMemCopy(void*, void const*, unsigned long, unsigned int, bool)
                0x0000000000095b6c                CDMA4Channel::SetupIORead(void*, unsigned long, unsigned long, TDREQ)
                0x0000000000095ccc                CDMA4Channel::SetupIOWrite(unsigned long, void const*, unsigned long, TDREQ)
                0x0000000000095e30                CDMA4Channel::SetupCyclicIOWrite(unsigned long, void const**, unsigned int, unsigned long, TDREQ)
                0x0000000000096060                CDMA4Channel::SetupMemCopy2D(void*, void const*, unsigned long, unsigned int, unsigned long, unsigned int)
                0x0000000000096264                CDMA4Channel::SetCompletionRoutine(void (*)(unsigned int, unsigned int, bool, void*), void*)
                0x000000000009632c                CDMA4Channel::Start()
                0x00000000000964a4                CDMA4Channel::Wait()
                0x0000000000096564                CDMA4Channel::GetStatus()
                0x00000000000965e0                CDMA4Channel::Cancel()
                0x0000000000096644                CDMA4Channel::InterruptHandler()
                0x00000000000967c0                CDMA4Channel::InterruptStub(void*)
 *fill*         0x00000000000967e4       0x1c 
 .text          0x0000000000096800      0x3a8 ../../../lib/libcircle.a(gpiomanager2712.o)
                0x0000000000096800                CGPIOManager::CGPIOManager(CInterruptSystem*)
                0x0000000000096800                CGPIOManager::CGPIOManager(CInterruptSystem*)
                0x0000000000096820                CGPIOManager::~CGPIOManager()
                0x0000000000096820                CGPIOManager::~CGPIOManager()
                0x00000000000968c4                CGPIOManager::Initialize()
                0x0000000000096964                CGPIOManager::ConnectInterrupt(CGPIOPin*)
                0x0000000000096a00                CGPIOManager::DisconnectInterrupt(CGPIOPin*)
                0x0000000000096aa0                CGPIOManager::InterruptHandler()
                0x0000000000096b80                CGPIOManager::InterruptStub(void*)
 *fill*         0x0000000000096ba8       0x18 
 .text          0x0000000000096bc0      0x3cc ../../../lib/libcircle.a(display.o)
                0x0000000000096bc0                CDisplay::GetParent() const
                0x0000000000096bc8                CDisplay::GetOffsetX() const
                0x0000000000096bc8                CDisplay::GetOffsetY() const
                0x0000000000096bd0                CDisplay::CDisplay(CDisplay::TColorModel)
                0x0000000000096bd0                CDisplay::CDisplay(CDisplay::TColorModel)
                0x0000000000096be4                CDisplay::GetColorModel() const
                0x0000000000096bec                CDisplay::GetColor(CDisplay::TColor) const
                0x0000000000096d80                CDisplay::GetColor(unsigned int) const
 *fill*         0x0000000000096f8c       0x14 
 .text          0x0000000000096fa0      0x1c4 ../../../lib/libcircle.a(bcmmailbox.o)
                0x0000000000096fa0                CBcmMailBox::CBcmMailBox(unsigned int, bool)
                0x0000000000096fa0                CBcmMailBox::CBcmMailBox(unsigned int, bool)
                0x0000000000096fac                CBcmMailBox::~CBcmMailBox()
                0x0000000000096fac                CBcmMailBox::~CBcmMailBox()
                0x0000000000096fb0                CBcmMailBox::Flush()
                0x0000000000096ff0                CBcmMailBox::Read()
                0x0000000000097024                CBcmMailBox::Write(unsigned int)
                0x0000000000097080                CBcmMailBox::WriteRead(unsigned int)
 *fill*         0x0000000000097164       0x1c 
 .text.startup  0x0000000000097180        0xc ../../../lib/libcircle.a(bcmmailbox.o)
 *fill*         0x000000000009718c       0x14 
 .text          0x00000000000971a0      0x128 ../../../lib/libcircle.a(chargenerator.o)
                0x00000000000971a0                CCharGenerator::CCharGenerator(TFont const&, CCharGenerator::TFontFlags)
                0x00000000000971a0                CCharGenerator::CCharGenerator(TFont const&, CCharGenerator::TFontFlags)
                0x00000000000971e8                CCharGenerator::GetPixelLine(char, unsigned int) const
                0x00000000000972c8                _etext = .

.iplt           0x00000000000972c8        0x0
 .iplt          0x00000000000972c8        0x0 main.o

.rodata         0x00000000000972d0     0x4208
 *(.rodata*)
 .rodata        0x00000000000972d0       0x2f kernel.o
 *fill*         0x00000000000972ff        0x1 
 .rodata.str1.8
                0x0000000000097300      0xd1b i2cechoclient.o
                                        0x142 (size before relaxing)
 *fill*         0x000000000009801b        0x5 
 .rodata.cst16  0x0000000000098020       0x10 i2cechoclient.o
 .rodata        0x0000000000098030        0x8 i2cechoclient.o
 .rodata.str1.8
                0x0000000000098038        0x0 ../../../lib/libcircle.a(assert.o)
                                         0x1d (size before relaxing)
 .rodata.str1.8
                0x0000000000098038        0x0 ../../../lib/libcircle.a(debug.o)
                                         0x5c (size before relaxing)
 .rodata        0x0000000000098038        0x6 ../../../lib/libcircle.a(debug.o)
 .rodata.str1.8
                0x000000000009803e        0x0 ../../../lib/libcircle.a(devicenameservice.o)
                                         0xe2 (size before relaxing)
 .rodata.str1.8
                0x000000000009803e        0x0 ../../../lib/libcircle.a(koptions.o)
                                        0x10a (size before relaxing)
 *fill*         0x000000000009803e        0x2 
 .rodata        0x0000000000098040        0x2 ../../../lib/libcircle.a(koptions.o)
 *fill*         0x0000000000098042        0x6 
 .rodata        0x0000000000098048       0xac ../../../lib/libcircle.a(logger.o)
 *fill*         0x00000000000980f4        0xc 
 .rodata        0x0000000000098100      0x9bc ../../../lib/libcircle.a(machineinfo.o)
 *fill*         0x0000000000098abc        0x4 
 .rodata._ZTV13CScreenDevice
                0x0000000000098ac0       0x50 ../../../lib/libcircle.a(screen.o)
                0x0000000000098ac0                vtable for CScreenDevice
 .rodata        0x0000000000098b10       0x10 ../../../lib/libcircle.a(screen.o)
 .rodata._ZTV13CSerialDevice
                0x0000000000098b20       0x50 ../../../lib/libcircle.a(serial.o)
                0x0000000000098b20                vtable for CSerialDevice
 .rodata        0x0000000000098b70      0x2d0 ../../../lib/libcircle.a(serial.o)
 .rodata.str1.8
                0x0000000000098e40        0x0 ../../../lib/libcircle.a(string.o)
                                         0x23 (size before relaxing)
 .rodata._ZTV7CString
                0x0000000000098e40       0x20 ../../../lib/libcircle.a(string.o)
                0x0000000000098e40                vtable for CString
 .rodata.str1.8
                0x0000000000098e60        0x0 ../../../lib/libcircle.a(sysinit.o)
                                          0x3 (size before relaxing)
 .rodata.str1.8
                0x0000000000098e60        0x0 ../../../lib/libcircle.a(timer.o)
                                        0x23c (size before relaxing)
 .rodata        0x0000000000098e60       0x36 ../../../lib/libcircle.a(timer.o)
                0x0000000000098e60                CTimer::s_nDaysOfMonth
 *fill*         0x0000000000098e96        0x2 
 .rodata        0x0000000000098e98       0x2b ../../../lib/libcircle.a(new.o)
 .rodata.str1.8
                0x0000000000098ec3        0x0 ../../../lib/libcircle.a(heapallocator.o)
                                         0xb7 (size before relaxing)
 *fill*         0x0000000000098ec3        0xd 
 .rodata        0x0000000000098ed0      0xe10 ../../../lib/libcircle.a(font8x16.o)
                0x0000000000098ed0                Font8x16
 .rodata.str1.8
                0x0000000000099ce0        0x0 ../../../lib/libcircle.a(exceptionhandler64.o)
                                         0xd5 (size before relaxing)
 .rodata._ZTV17CExceptionHandler
                0x0000000000099ce0       0x28 ../../../lib/libcircle.a(exceptionhandler64.o)
                0x0000000000099ce0                vtable for CExceptionHandler
 .rodata        0x0000000000099d08        0x7 ../../../lib/libcircle.a(exceptionhandler64.o)
 *fill*         0x0000000000099d0f        0x1 
 .rodata        0x0000000000099d10       0x84 ../../../lib/libcircle.a(memory64.o)
 .rodata.str1.8
                0x0000000000099d94        0x0 ../../../lib/libcircle.a(synchronize64.o)
                                         0xbd (size before relaxing)
 .rodata.str1.8
                0x0000000000099d94        0x0 ../../../lib/libcircle.a(translationtable64.o)
                                         0x34 (size before relaxing)
 *fill*         0x0000000000099d94        0x4 
 .rodata        0x0000000000099d98      0x19b ../../../lib/libcircle.a(interruptgic.o)
 .rodata.str1.8
                0x0000000000099f33        0x0 ../../../lib/libcircle.a(devicetreeblob.o)
                                         0xf9 (size before relaxing)
 *fill*         0x0000000000099f33        0x5 
 .rodata        0x0000000000099f38        0x4 ../../../lib/libcircle.a(devicetreeblob.o)
 *fill*         0x0000000000099f3c        0x4 
 .rodata        0x0000000000099f40      0x19d ../../../lib/libcircle.a(southbridge.o)
 *fill*         0x000000000009a0dd        0x3 
 .rodata        0x000000000009a0e0      0x45a ../../../lib/libcircle.a(gpiopin2712.o)
 .rodata.str1.8
                0x000000000009a53a        0x0 ../../../lib/libcircle.a(i2cmaster-rp1.o)
                                         0xbb (size before relaxing)
 *fill*         0x000000000009a53a        0x6 
 .rodata        0x000000000009a540       0x80 ../../../lib/libcircle.a(i2cmaster-rp1.o)
 .rodata        0x000000000009a5c0       0x41 ../../../lib/libcircle.a(alloc.o)
 *fill*         0x000000000009a601        0x7 
 .rodata._ZTV15CBcmFrameBuffer
                0x000000000009a608       0x60 ../../../lib/libcircle.a(bcmframebuffer.o)
                0x000000000009a608                vtable for CBcmFrameBuffer
 .rodata        0x000000000009a668       0x70 ../../../lib/libcircle.a(bcmframebuffer.o)
                0x000000000009a668                CBcmFrameBuffer::s_InitTags
 .rodata        0x000000000009a6d8       0xa8 ../../../lib/libcircle.a(bcmpropertytags.o)
 .rodata.str1.8
                0x000000000009a780        0x0 ../../../lib/libcircle.a(device.o)
                                         0x8e (size before relaxing)
 .rodata._ZTV7CDevice
                0x000000000009a780       0x50 ../../../lib/libcircle.a(device.o)
                0x000000000009a780                vtable for CDevice
 .rodata        0x000000000009a7d0      0x4bb ../../../lib/libcircle.a(dmachannel.o)
 .rodata.str1.8
                0x000000000009ac8b        0x0 ../../../lib/libcircle.a(ptrlist.o)
                                        0x192 (size before relaxing)
 *fill*         0x000000000009ac8b        0x5 
 .rodata        0x000000000009ac90       0xdc ../../../lib/libcircle.a(terminal.o)
 *fill*         0x000000000009ad6c        0x4 
 .rodata._ZTV15CTerminalDevice
                0x000000000009ad70       0x50 ../../../lib/libcircle.a(terminal.o)
                0x000000000009ad70                vtable for CTerminalDevice
 .rodata        0x000000000009adc0       0x4c ../../../lib/libcircle.a(pageallocator.o)
 *fill*         0x000000000009ae0c        0x4 
 .rodata        0x000000000009ae10      0x314 ../../../lib/libcircle.a(bcmpciehostbridge.o)
 *fill*         0x000000000009b124        0x4 
 .rodata        0x000000000009b128      0x32b ../../../lib/libcircle.a(dma4channel.o)
 .rodata.str1.8
                0x000000000009b453        0x0 ../../../lib/libcircle.a(gpiomanager2712.o)
                                         0xbc (size before relaxing)
 *fill*         0x000000000009b453        0x5 
 .rodata        0x000000000009b458        0xc ../../../lib/libcircle.a(gpiomanager2712.o)
 .rodata        0x000000000009b464        0xf ../../../lib/libcircle.a(display.o)
 *fill*         0x000000000009b473        0x5 
 .rodata._ZTV8CDisplay
                0x000000000009b478       0x60 ../../../lib/libcircle.a(display.o)
                0x000000000009b478                vtable for CDisplay
 .rodata.str1.8
                0x000000000009b4d8        0x0 ../../../lib/libcircle.a(bcmmailbox.o)
                                         0x23 (size before relaxing)

.rela.dyn       0x000000000009b4d8        0x0
 .rela.iplt     0x000000000009b4d8        0x0 main.o
 .rela.text     0x000000000009b4d8        0x0 main.o
 .rela.rodata._ZTV8CDisplay
                0x000000000009b4d8        0x0 main.o

.init_array     0x000000000009b4d8       0x10
                0x000000000009b4d8                __init_start = .
 *(.init_array*)
 .init_array    0x000000000009b4d8        0x8 ../../../lib/libcircle.a(gpiopin2712.o)
 .init_array    0x000000000009b4e0        0x8 ../../../lib/libcircle.a(bcmmailbox.o)
                0x000000000009b4e8                __init_end = .

.ARM.exidx      0x000000000009b4e8        0x0
                0x000000000009b4e8                __exidx_start = .
 *(.ARM.exidx*)
                0x000000000009b4e8                __exidx_end = .

.eh_frame_hdr   0x000000000009b4e8        0x0
                0x000000000009b4e8                __eh_frame_hdr_start = .
 *(.eh_frame_hdr)
 *(.eh_frame_hdr.*)
                0x000000000009b4e8                __eh_frame_hdr_end = .

.eh_frame       0x000000000009b4e8        0x0
                0x000000000009b4e8                __eh_frame_start = .
 *(.eh_frame)
 *(.eh_frame.*)
                0x000000000009b4e8                __eh_frame_end = .

.data           0x000000000009b4f0      0x158
 *(.data*)
 .data          0x000000000009b4f0        0x0 main.o
 .data          0x000000000009b4f0        0x0 kernel.o
 .data          0x000000000009b4f0        0x0 i2cechoclient.o
 .data          0x000000000009b4f0        0x0 ../../../lib/libcircle.a(actled.o)
 .data          0x000000000009b4f0        0x0 ../../../lib/libcircle.a(assert.o)
 .data          0x000000000009b4f0        0x0 ../../../lib/libcircle.a(debug.o)
 .data          0x000000000009b4f0       0x36 ../../../lib/libcircle.a(devicenameservice.o)
 .data          0x000000000009b526        0x0 ../../../lib/libcircle.a(koptions.o)
 .data          0x000000000009b526        0x0 ../../../lib/libcircle.a(logger.o)
 .data          0x000000000009b526        0x0 ../../../lib/libcircle.a(machineinfo.o)
 .data          0x000000000009b526        0x0 ../../../lib/libcircle.a(screen.o)
 *fill*         0x000000000009b526        0xa 
 .data          0x000000000009b530       0x2c ../../../lib/libcircle.a(serial.o)
 .data          0x000000000009b55c        0x0 ../../../lib/libcircle.a(string.o)
 .data          0x000000000009b55c        0x0 ../../../lib/libcircle.a(sysinit.o)
 *fill*         0x000000000009b55c        0x4 
 .data          0x000000000009b560       0x60 ../../../lib/libcircle.a(timer.o)
                0x000000000009b560                CTimer::s_pMonthName
 .data          0x000000000009b5c0        0x0 ../../../lib/libcircle.a(util.o)
 .data          0x000000000009b5c0        0x0 ../../../lib/libcircle.a(util_fast.o)
 .data          0x000000000009b5c0        0x0 ../../../lib/libcircle.a(chainboot.o)
 .data          0x000000000009b5c0        0x0 ../../../lib/libcircle.a(new.o)
 .data          0x000000000009b5c0       0x1c ../../../lib/libcircle.a(heapallocator.o)
                0x000000000009b5c0                CHeapAllocator::s_nBucketSize
 .data          0x000000000009b5dc        0x0 ../../../lib/libcircle.a(font8x16.o)
 *fill*         0x000000000009b5dc        0x4 
 .data          0x000000000009b5e0       0x18 ../../../lib/libcircle.a(exceptionhandler64.o)
                0x000000000009b5e0                CExceptionHandler::s_pExceptionName
 .data          0x000000000009b5f8        0x0 ../../../lib/libcircle.a(memory64.o)
 .data          0x000000000009b5f8        0x0 ../../../lib/libcircle.a(startup64.o)
 .data          0x000000000009b5f8        0x0 ../../../lib/libcircle.a(synchronize64.o)
 .data          0x000000000009b5f8        0x0 ../../../lib/libcircle.a(translationtable64.o)
 .data          0x000000000009b5f8        0x0 ../../../lib/libcircle.a(interruptgic.o)
 .data          0x000000000009b5f8        0x0 ../../../lib/libcircle.a(devicetreeblob.o)
 .data          0x000000000009b5f8        0x0 ../../../lib/libcircle.a(southbridge.o)
 *fill*         0x000000000009b5f8        0x8 
 .data          0x000000000009b600       0x20 ../../../lib/libcircle.a(gpiopin2712.o)
                0x000000000009b600                CGPIOPin::s_nInterruptMap
 .data          0x000000000009b620        0x0 ../../../lib/libcircle.a(i2cmaster-rp1.o)
 .data          0x000000000009b620        0x0 ../../../lib/libcircle.a(alloc.o)
 .data          0x000000000009b620        0x4 ../../../lib/libcircle.a(bcmframebuffer.o)
                0x000000000009b620                CBcmFrameBuffer::s_nCurrentDisplay
 .data          0x000000000009b624        0x0 ../../../lib/libcircle.a(bcmpropertytags.o)
 .data          0x000000000009b624        0x0 ../../../lib/libcircle.a(delayloop.o)
 .data          0x000000000009b624        0x0 ../../../lib/libcircle.a(device.o)
 .data          0x000000000009b624        0x0 ../../../lib/libcircle.a(dmachannel.o)
 .data          0x000000000009b624        0x0 ../../../lib/libcircle.a(ptrlist.o)
 .data          0x000000000009b624        0x0 ../../../lib/libcircle.a(terminal.o)
 .data          0x000000000009b624        0x0 ../../../lib/libcircle.a(pageallocator.o)
 *fill*         0x000000000009b624        0x4 
 .data          0x000000000009b628       0x20 ../../../lib/libcircle.a(exceptionstub64.o)
                0x000000000009b628                FIQData
                0x000000000009b640                IRQReturnAddress
 .data          0x000000000009b648        0x0 ../../../lib/libcircle.a(bcmpciehostbridge.o)
 .data          0x000000000009b648        0x0 ../../../lib/libcircle.a(dma4channel.o)
 .data          0x000000000009b648        0x0 ../../../lib/libcircle.a(gpiomanager2712.o)
 .data          0x000000000009b648        0x0 ../../../lib/libcircle.a(display.o)
 .data          0x000000000009b648        0x0 ../../../lib/libcircle.a(bcmmailbox.o)
 .data          0x000000000009b648        0x0 ../../../lib/libcircle.a(chargenerator.o)

.igot.plt       0x000000000009b648        0x0
 .igot.plt      0x000000000009b648        0x0 main.o

.tdata          0x000000000009b648        0x0
                0x000000000009b648                __tdata_start = .
 *(.tdata .tdata.*)
                0x000000000009b648                __tdata_end = .

.bss            0x000000000009b650      0x264
                0x000000000009b650                __bss_start = .
 *(.bss*)
 .bss           0x000000000009b650        0x0 main.o
 .bss           0x000000000009b650        0x0 kernel.o
 .bss           0x000000000009b650        0x0 i2cechoclient.o
 .bss           0x000000000009b650        0x8 ../../../lib/libcircle.a(actled.o)
                0x000000000009b650                CActLED::s_pThis
 .bss           0x000000000009b658        0x0 ../../../lib/libcircle.a(assert.o)
 .bss           0x000000000009b658        0x0 ../../../lib/libcircle.a(debug.o)
 .bss           0x000000000009b658        0x8 ../../../lib/libcircle.a(devicenameservice.o)
                0x000000000009b658                CDeviceNameService::s_This
 .bss           0x000000000009b660        0x8 ../../../lib/libcircle.a(koptions.o)
                0x000000000009b660                CKernelOptions::s_pThis
 .bss           0x000000000009b668        0x8 ../../../lib/libcircle.a(logger.o)
                0x000000000009b668                CLogger::s_pThis
 .bss           0x000000000009b670        0x8 ../../../lib/libcircle.a(machineinfo.o)
                0x000000000009b670                CMachineInfo::s_pThis
 .bss           0x000000000009b678        0x0 ../../../lib/libcircle.a(screen.o)
 *fill*         0x000000000009b678        0x8 
 .bss           0x000000000009b680       0x79 ../../../lib/libcircle.a(serial.o)
                0x000000000009b680                CSerialDevice::s_nInterruptDeviceMask
                0x000000000009b688                CSerialDevice::s_pInterruptSystem
                0x000000000009b690                CSerialDevice::s_nInterruptUseCount
                0x000000000009b6a0                CSerialDevice::s_pThis
                0x000000000009b6f8                CSerialDevice::s_bUseFIQ
 .bss           0x000000000009b6f9        0x0 ../../../lib/libcircle.a(string.o)
 *fill*         0x000000000009b6f9        0x7 
 .bss           0x000000000009b700       0x20 ../../../lib/libcircle.a(sysinit.o)
                0x000000000009b708                circle_version_string
                0x000000000009b718                __dso_handle
 .bss           0x000000000009b720        0x8 ../../../lib/libcircle.a(timer.o)
                0x000000000009b720                CTimer::s_pThis
 .bss           0x000000000009b728        0x0 ../../../lib/libcircle.a(util.o)
 .bss           0x000000000009b728        0x0 ../../../lib/libcircle.a(util_fast.o)
 .bss           0x000000000009b728       0x10 ../../../lib/libcircle.a(chainboot.o)
 .bss           0x000000000009b738        0x0 ../../../lib/libcircle.a(new.o)
 .bss           0x000000000009b738        0x0 ../../../lib/libcircle.a(heapallocator.o)
 .bss           0x000000000009b738        0x0 ../../../lib/libcircle.a(font8x16.o)
 .bss           0x000000000009b738        0x8 ../../../lib/libcircle.a(exceptionhandler64.o)
                0x000000000009b738                CExceptionHandler::s_pThis
 .bss           0x000000000009b740        0x8 ../../../lib/libcircle.a(memory64.o)
                0x000000000009b740                CMemorySystem::s_pThis
 .bss           0x000000000009b748        0x0 ../../../lib/libcircle.a(startup64.o)
 *fill*         0x000000000009b748        0x8 
 .bss           0x000000000009b750       0xb0 ../../../lib/libcircle.a(synchronize64.o)
 .bss           0x000000000009b800        0x0 ../../../lib/libcircle.a(translationtable64.o)
 .bss           0x000000000009b800        0x8 ../../../lib/libcircle.a(interruptgic.o)
                0x000000000009b800                CInterruptSystem::s_pThis
 .bss           0x000000000009b808        0x0 ../../../lib/libcircle.a(devicetreeblob.o)
 .bss           0x000000000009b808        0x9 ../../../lib/libcircle.a(southbridge.o)
                0x000000000009b808                CSouthbridge::s_pThis
                0x000000000009b810                CSouthbridge::s_bIsInitialized
 *fill*         0x000000000009b811        0x7 
 .bss           0x000000000009b818        0x4 ../../../lib/libcircle.a(gpiopin2712.o)
                0x000000000009b818                CGPIOPin::s_SpinLock
 .bss           0x000000000009b81c        0x0 ../../../lib/libcircle.a(i2cmaster-rp1.o)
 .bss           0x000000000009b81c        0x0 ../../../lib/libcircle.a(alloc.o)
 .bss           0x000000000009b81c        0x4 ../../../lib/libcircle.a(bcmframebuffer.o)
                0x000000000009b81c                CBcmFrameBuffer::s_nDisplays
 .bss           0x000000000009b820        0x0 ../../../lib/libcircle.a(bcmpropertytags.o)
 .bss           0x000000000009b820        0x0 ../../../lib/libcircle.a(delayloop.o)
 .bss           0x000000000009b820        0x0 ../../../lib/libcircle.a(device.o)
 .bss           0x000000000009b820        0x0 ../../../lib/libcircle.a(dmachannel.o)
 .bss           0x000000000009b820        0x0 ../../../lib/libcircle.a(ptrlist.o)
 .bss           0x000000000009b820        0x0 ../../../lib/libcircle.a(terminal.o)
 .bss           0x000000000009b820        0x0 ../../../lib/libcircle.a(pageallocator.o)
 .bss           0x000000000009b820       0x80 ../../../lib/libcircle.a(exceptionstub64.o)
 .bss           0x000000000009b8a0       0x10 ../../../lib/libcircle.a(bcmpciehostbridge.o)
                0x000000000009b8a0                CBcmPCIeHostBridge::s_nDMAAddress
 .bss           0x000000000009b8b0        0x0 ../../../lib/libcircle.a(dma4channel.o)
 .bss           0x000000000009b8b0        0x0 ../../../lib/libcircle.a(gpiomanager2712.o)
 .bss           0x000000000009b8b0        0x0 ../../../lib/libcircle.a(display.o)
 .bss           0x000000000009b8b0        0x4 ../../../lib/libcircle.a(bcmmailbox.o)
                0x000000000009b8b0                CBcmMailBox::s_SpinLock
 .bss           0x000000000009b8b4        0x0 ../../../lib/libcircle.a(chargenerator.o)
 *(COMMON)
                0x000000000009b8b4                __bss_end = .

.tbss           0x000000000009b8b8        0x0
                0x000000000009b8b8                __tbss_start = .
 *(.tbss .tbss.*)
                0x000000000009b8b8                __tbss_end = .
                0x000000000009b8b8                _end = .
LOAD main.o
LOAD kernel.o
LOAD i2cechoclient.o
START GROUP
LOAD ../../../lib/libcircle.a
LOAD /home/yeokiwi/arm-gnu-toolchain-15.2.rel1-x86_64-aarch64-none-elf/bin/../lib/gcc/aarch64-none-elf/15.2.1/libgcc.a
LOAD /home/yeokiwi/arm-gnu-toolchain-15.2.rel1-x86_64-aarch64-none-elf/bin/../lib/gcc/aarch64-none-elf/15.2.1/../../../../aarch64-none-elf/lib/libm.a
END GROUP
OUTPUT(kernel_2712.elf elf64-littleaarch64)
LOAD linker stubs

.debug_info     0x0000000000000000    0x50edc
 .debug_info    0x0000000000000000     0x2250 main.o
 .debug_info    0x0000000000002250     0x2e86 kernel.o
 .debug_info    0x00000000000050d6     0x1f32 i2cechoclient.o
 .debug_info    0x0000000000007008     0x1720 ../../../lib/libcircle.a(actled.o)
 .debug_info    0x0000000000008728      0xfb9 ../../../lib/libcircle.a(assert.o)
 .debug_info    0x00000000000096e1     0x12de ../../../lib/libcircle.a(debug.o)
 .debug_info    0x000000000000a9bf     0x14f3 ../../../lib/libcircle.a(devicenameservice.o)
 .debug_info    0x000000000000beb2     0x1c1b ../../../lib/libcircle.a(koptions.o)
 .debug_info    0x000000000000dacd     0x29f5 ../../../lib/libcircle.a(logger.o)
 .debug_info    0x00000000000104c2     0x2c43 ../../../lib/libcircle.a(machineinfo.o)
 .debug_info    0x0000000000013105     0x15b0 ../../../lib/libcircle.a(screen.o)
 .debug_info    0x00000000000146b5     0x36d6 ../../../lib/libcircle.a(serial.o)
 .debug_info    0x0000000000017d8b     0x34e7 ../../../lib/libcircle.a(string.o)
 .debug_info    0x000000000001b272     0x2ca3 ../../../lib/libcircle.a(sysinit.o)
 .debug_info    0x000000000001df15     0x2ca8 ../../../lib/libcircle.a(timer.o)
 .debug_info    0x0000000000020bbd      0xb66 ../../../lib/libcircle.a(util.o)
 .debug_info    0x0000000000021723      0x288 ../../../lib/libcircle.a(chainboot.o)
 .debug_info    0x00000000000219ab     0x123e ../../../lib/libcircle.a(new.o)
 .debug_info    0x0000000000022be9     0x1a10 ../../../lib/libcircle.a(heapallocator.o)
 .debug_info    0x00000000000245f9       0xeb ../../../lib/libcircle.a(font8x16.o)
 .debug_info    0x00000000000246e4     0x13b4 ../../../lib/libcircle.a(exceptionhandler64.o)
 .debug_info    0x0000000000025a98     0x1a6d ../../../lib/libcircle.a(memory64.o)
 .debug_info    0x0000000000027505      0x616 ../../../lib/libcircle.a(synchronize64.o)
 .debug_info    0x0000000000027b1b      0x696 ../../../lib/libcircle.a(translationtable64.o)
 .debug_info    0x00000000000281b1     0x2fff ../../../lib/libcircle.a(interruptgic.o)
 .debug_info    0x000000000002b1b0     0x1a26 ../../../lib/libcircle.a(devicetreeblob.o)
 .debug_info    0x000000000002cbd6     0x238c ../../../lib/libcircle.a(southbridge.o)
 .debug_info    0x000000000002ef62     0x4f34 ../../../lib/libcircle.a(gpiopin2712.o)
 .debug_info    0x0000000000033e96     0x2fe6 ../../../lib/libcircle.a(i2cmaster-rp1.o)
 .debug_info    0x0000000000036e7c      0xf93 ../../../lib/libcircle.a(alloc.o)
 .debug_info    0x0000000000037e0f     0x2ced ../../../lib/libcircle.a(bcmframebuffer.o)
 .debug_info    0x000000000003aafc     0x106e ../../../lib/libcircle.a(bcmpropertytags.o)
 .debug_info    0x000000000003bb6a      0xeaa ../../../lib/libcircle.a(device.o)
 .debug_info    0x000000000003ca14     0x333f ../../../lib/libcircle.a(dmachannel.o)
 .debug_info    0x000000000003fd53      0x8d5 ../../../lib/libcircle.a(ptrlist.o)
 .debug_info    0x0000000000040628     0x4e61 ../../../lib/libcircle.a(terminal.o)
 .debug_info    0x0000000000045489      0x5fd ../../../lib/libcircle.a(pageallocator.o)
 .debug_info    0x0000000000045a86     0x62e7 ../../../lib/libcircle.a(bcmpciehostbridge.o)
 .debug_info    0x000000000004bd6d     0x2438 ../../../lib/libcircle.a(dma4channel.o)
 .debug_info    0x000000000004e1a5     0x1199 ../../../lib/libcircle.a(gpiomanager2712.o)
 .debug_info    0x000000000004f33e      0x5d0 ../../../lib/libcircle.a(display.o)
 .debug_info    0x000000000004f90e     0x1144 ../../../lib/libcircle.a(bcmmailbox.o)
 .debug_info    0x0000000000050a52      0x48a ../../../lib/libcircle.a(chargenerator.o)

.debug_abbrev   0x0000000000000000     0xbbb8
 .debug_abbrev  0x0000000000000000      0x389 main.o
 .debug_abbrev  0x0000000000000389      0x4b5 kernel.o
 .debug_abbrev  0x000000000000083e      0x41c i2cechoclient.o
 .debug_abbrev  0x0000000000000c5a      0x44c ../../../lib/libcircle.a(actled.o)
 .debug_abbrev  0x00000000000010a6      0x2f6 ../../../lib/libcircle.a(assert.o)
 .debug_abbrev  0x000000000000139c      0x372 ../../../lib/libcircle.a(debug.o)
 .debug_abbrev  0x000000000000170e      0x427 ../../../lib/libcircle.a(devicenameservice.o)
 .debug_abbrev  0x0000000000001b35      0x4a0 ../../../lib/libcircle.a(koptions.o)
 .debug_abbrev  0x0000000000001fd5      0x61d ../../../lib/libcircle.a(logger.o)
 .debug_abbrev  0x00000000000025f2      0x61a ../../../lib/libcircle.a(machineinfo.o)
 .debug_abbrev  0x0000000000002c0c      0x42b ../../../lib/libcircle.a(screen.o)
 .debug_abbrev  0x0000000000003037      0x6d1 ../../../lib/libcircle.a(serial.o)
 .debug_abbrev  0x0000000000003708      0x4a6 ../../../lib/libcircle.a(string.o)
 .debug_abbrev  0x0000000000003bae      0x671 ../../../lib/libcircle.a(sysinit.o)
 .debug_abbrev  0x000000000000421f      0x650 ../../../lib/libcircle.a(timer.o)
 .debug_abbrev  0x000000000000486f      0x2d4 ../../../lib/libcircle.a(util.o)
 .debug_abbrev  0x0000000000004b43      0x14b ../../../lib/libcircle.a(chainboot.o)
 .debug_abbrev  0x0000000000004c8e      0x422 ../../../lib/libcircle.a(new.o)
 .debug_abbrev  0x00000000000050b0      0x509 ../../../lib/libcircle.a(heapallocator.o)
 .debug_abbrev  0x00000000000055b9       0x9e ../../../lib/libcircle.a(font8x16.o)
 .debug_abbrev  0x0000000000005657      0x497 ../../../lib/libcircle.a(exceptionhandler64.o)
 .debug_abbrev  0x0000000000005aee      0x4df ../../../lib/libcircle.a(memory64.o)
 .debug_abbrev  0x0000000000005fcd      0x19a ../../../lib/libcircle.a(synchronize64.o)
 .debug_abbrev  0x0000000000006167      0x2f8 ../../../lib/libcircle.a(translationtable64.o)
 .debug_abbrev  0x000000000000645f      0x672 ../../../lib/libcircle.a(interruptgic.o)
 .debug_abbrev  0x0000000000006ad1      0x48e ../../../lib/libcircle.a(devicetreeblob.o)
 .debug_abbrev  0x0000000000006f5f      0x4d8 ../../../lib/libcircle.a(southbridge.o)
 .debug_abbrev  0x0000000000007437      0x638 ../../../lib/libcircle.a(gpiopin2712.o)
 .debug_abbrev  0x0000000000007a6f      0x5b1 ../../../lib/libcircle.a(i2cmaster-rp1.o)
 .debug_abbrev  0x0000000000008020      0x3a7 ../../../lib/libcircle.a(alloc.o)
 .debug_abbrev  0x00000000000083c7      0x7a0 ../../../lib/libcircle.a(bcmframebuffer.o)
 .debug_abbrev  0x0000000000008b67      0x3b3 ../../../lib/libcircle.a(bcmpropertytags.o)
 .debug_abbrev  0x0000000000008f1a      0x3ec ../../../lib/libcircle.a(device.o)
 .debug_abbrev  0x0000000000009306      0x54a ../../../lib/libcircle.a(dmachannel.o)
 .debug_abbrev  0x0000000000009850      0x1f3 ../../../lib/libcircle.a(ptrlist.o)
 .debug_abbrev  0x0000000000009a43      0x746 ../../../lib/libcircle.a(terminal.o)
 .debug_abbrev  0x000000000000a189      0x285 ../../../lib/libcircle.a(pageallocator.o)
 .debug_abbrev  0x000000000000a40e      0x5ed ../../../lib/libcircle.a(bcmpciehostbridge.o)
 .debug_abbrev  0x000000000000a9fb      0x4ed ../../../lib/libcircle.a(dma4channel.o)
 .debug_abbrev  0x000000000000aee8      0x411 ../../../lib/libcircle.a(gpiomanager2712.o)
 .debug_abbrev  0x000000000000b2f9      0x2b6 ../../../lib/libcircle.a(display.o)
 .debug_abbrev  0x000000000000b5af      0x419 ../../../lib/libcircle.a(bcmmailbox.o)
 .debug_abbrev  0x000000000000b9c8      0x1f0 ../../../lib/libcircle.a(chargenerator.o)

.debug_loclists
                0x0000000000000000    0x1bded
 .debug_loclists
                0x0000000000000000       0x24 main.o
 .debug_loclists
                0x0000000000000024      0x167 kernel.o
 .debug_loclists
                0x000000000000018b      0x305 i2cechoclient.o
 .debug_loclists
                0x0000000000000490      0x2b3 ../../../lib/libcircle.a(actled.o)
 .debug_loclists
                0x0000000000000743       0x44 ../../../lib/libcircle.a(assert.o)
 .debug_loclists
                0x0000000000000787      0x23f ../../../lib/libcircle.a(debug.o)
 .debug_loclists
                0x00000000000009c6      0x8ca ../../../lib/libcircle.a(devicenameservice.o)
 .debug_loclists
                0x0000000000001290      0x64f ../../../lib/libcircle.a(koptions.o)
 .debug_loclists
                0x00000000000018df      0xa2b ../../../lib/libcircle.a(logger.o)
 .debug_loclists
                0x000000000000230a      0x986 ../../../lib/libcircle.a(machineinfo.o)
 .debug_loclists
                0x0000000000002c90      0x5fa ../../../lib/libcircle.a(screen.o)
 .debug_loclists
                0x000000000000328a     0x16f5 ../../../lib/libcircle.a(serial.o)
 .debug_loclists
                0x000000000000497f     0x2ca0 ../../../lib/libcircle.a(string.o)
 .debug_loclists
                0x000000000000761f      0x12b ../../../lib/libcircle.a(sysinit.o)
 .debug_loclists
                0x000000000000774a     0x11d4 ../../../lib/libcircle.a(timer.o)
 .debug_loclists
                0x000000000000891e      0xd6c ../../../lib/libcircle.a(util.o)
 .debug_loclists
                0x000000000000968a       0xe7 ../../../lib/libcircle.a(chainboot.o)
 .debug_loclists
                0x0000000000009771      0x4b8 ../../../lib/libcircle.a(new.o)
 .debug_loclists
                0x0000000000009c29      0x748 ../../../lib/libcircle.a(heapallocator.o)
 .debug_loclists
                0x000000000000a371      0x1a5 ../../../lib/libcircle.a(exceptionhandler64.o)
 .debug_loclists
                0x000000000000a516      0x25d ../../../lib/libcircle.a(memory64.o)
 .debug_loclists
                0x000000000000a773      0xc26 ../../../lib/libcircle.a(synchronize64.o)
 .debug_loclists
                0x000000000000b399       0x30 ../../../lib/libcircle.a(translationtable64.o)
 .debug_loclists
                0x000000000000b3c9     0x10f1 ../../../lib/libcircle.a(interruptgic.o)
 .debug_loclists
                0x000000000000c4ba      0x60b ../../../lib/libcircle.a(devicetreeblob.o)
 .debug_loclists
                0x000000000000cac5      0x72f ../../../lib/libcircle.a(southbridge.o)
 .debug_loclists
                0x000000000000d1f4     0x2b2e ../../../lib/libcircle.a(gpiopin2712.o)
 .debug_loclists
                0x000000000000fd22     0x110b ../../../lib/libcircle.a(i2cmaster-rp1.o)
 .debug_loclists