
bootloader07_64_rpi4.elf:     file format elf64-littleaarch64


Disassembly of section .text:

0000000000080000 <_start>:
   80000:	b26503ff 	mov	sp, #0x8000000             	// #134217728
   80004:	10ffffe0 	adr	x0, 80000 <_start>
   80008:	10005101 	adr	x1, 80a28 <_end>
   8000c:	d2a01002 	mov	x2, #0x800000              	// #8388608
   80010:	10002983 	adr	x3, 80540 <notmain>
   80014:	94000213 	bl	80860 <copy_and_jump>

0000000000080018 <hang>:
   80018:	14000000 	b	80018 <hang>

000000000008001c <PUT32>:
   8001c:	b9000001 	str	w1, [x0]
   80020:	d65f03c0 	ret

0000000000080024 <PUT8>:
   80024:	39000001 	strb	w1, [x0]
   80028:	d65f03c0 	ret

000000000008002c <GET32>:
   8002c:	b9400000 	ldr	w0, [x0]
   80030:	d65f03c0 	ret

0000000000080034 <GETPC>:
   80034:	aa1e03e0 	mov	x0, x30
   80038:	d65f03c0 	ret

000000000008003c <BRANCHTO>:
   8003c:	2a0003fe 	mov	w30, w0
   80040:	d65f03c0 	ret

0000000000080044 <dummy>:
   80044:	d65f03c0 	ret
	...

0000000000080060 <uart_lcr>:
   80060:	d2820580 	mov	x0, #0x102c                	// #4140
   80064:	f2bfc400 	movk	x0, #0xfe20, lsl #16
   80068:	17fffff1 	b	8002c <GET32>

000000000008006c <uart_recv>:
   8006c:	a9bf7bfd 	stp	x29, x30, [sp, #-16]!
   80070:	910003fd 	mov	x29, sp
   80074:	d503201f 	nop
   80078:	d503201f 	nop
   8007c:	d503201f 	nop
   80080:	d2820300 	mov	x0, #0x1018                	// #4120
   80084:	f2bfc400 	movk	x0, #0xfe20, lsl #16
   80088:	97ffffe9 	bl	8002c <GET32>
   8008c:	3727ffa0 	tbnz	w0, #4, 80080 <uart_recv+0x14>
   80090:	d2820000 	mov	x0, #0x1000                	// #4096
   80094:	f2bfc400 	movk	x0, #0xfe20, lsl #16
   80098:	97ffffe5 	bl	8002c <GET32>
   8009c:	a8c17bfd 	ldp	x29, x30, [sp], #16
   800a0:	12001c00 	and	w0, w0, #0xff
   800a4:	d65f03c0 	ret

00000000000800a8 <uart_check>:
   800a8:	a9bf7bfd 	stp	x29, x30, [sp, #-16]!
   800ac:	d2820300 	mov	x0, #0x1018                	// #4120
   800b0:	f2bfc400 	movk	x0, #0xfe20, lsl #16
   800b4:	910003fd 	mov	x29, sp
   800b8:	97ffffdd 	bl	8002c <GET32>
   800bc:	d3441000 	ubfx	x0, x0, #4, #1
   800c0:	52000000 	eor	w0, w0, #0x1
   800c4:	a8c17bfd 	ldp	x29, x30, [sp], #16
   800c8:	d65f03c0 	ret

00000000000800cc <uart_send>:
   800cc:	a9be7bfd 	stp	x29, x30, [sp, #-32]!
   800d0:	910003fd 	mov	x29, sp
   800d4:	f9000bf3 	str	x19, [sp, #16]
   800d8:	2a0003f3 	mov	w19, w0
   800dc:	d503201f 	nop
   800e0:	d2820300 	mov	x0, #0x1018                	// #4120
   800e4:	f2bfc400 	movk	x0, #0xfe20, lsl #16
   800e8:	97ffffd1 	bl	8002c <GET32>
   800ec:	372fffa0 	tbnz	w0, #5, 800e0 <uart_send+0x14>
   800f0:	2a1303e1 	mov	w1, w19
   800f4:	d2820000 	mov	x0, #0x1000                	// #4096
   800f8:	f9400bf3 	ldr	x19, [sp, #16]
   800fc:	f2bfc400 	movk	x0, #0xfe20, lsl #16
   80100:	a8c27bfd 	ldp	x29, x30, [sp], #32
   80104:	17ffffc6 	b	8001c <PUT32>

0000000000080108 <uart_flush>:
   80108:	a9bf7bfd 	stp	x29, x30, [sp, #-16]!
   8010c:	910003fd 	mov	x29, sp
   80110:	d2820300 	mov	x0, #0x1018                	// #4120
   80114:	f2bfc400 	movk	x0, #0xfe20, lsl #16
   80118:	97ffffc5 	bl	8002c <GET32>
   8011c:	371fffa0 	tbnz	w0, #3, 80110 <uart_flush+0x8>
   80120:	a8c17bfd 	ldp	x29, x30, [sp], #16
   80124:	d65f03c0 	ret

0000000000080128 <hexstrings>:
   80128:	a9be7bfd 	stp	x29, x30, [sp, #-32]!
   8012c:	910003fd 	mov	x29, sp
   80130:	a90153f3 	stp	x19, x20, [sp, #16]
   80134:	2a0003f4 	mov	w20, w0
   80138:	52800413 	mov	w19, #0x20                  	// #32
   8013c:	d503201f 	nop
   80140:	51001273 	sub	w19, w19, #0x4
   80144:	1ad32681 	lsr	w1, w20, w19
   80148:	12000c21 	and	w1, w1, #0xf
   8014c:	1100c022 	add	w2, w1, #0x30
   80150:	7100283f 	cmp	w1, #0xa
   80154:	1100dc20 	add	w0, w1, #0x37
   80158:	1a803040 	csel	w0, w2, w0, cc	// cc = lo, ul, last
   8015c:	97ffffdc 	bl	800cc <uart_send>
   80160:	35ffff13 	cbnz	w19, 80140 <hexstrings+0x18>
   80164:	a94153f3 	ldp	x19, x20, [sp, #16]
   80168:	52800400 	mov	w0, #0x20                  	// #32
   8016c:	a8c27bfd 	ldp	x29, x30, [sp], #32
   80170:	17ffffd7 	b	800cc <uart_send>
   80174:	d503201f 	nop
   80178:	d503201f 	nop
   8017c:	d503201f 	nop

0000000000080180 <hexstring>:
   80180:	a9bf7bfd 	stp	x29, x30, [sp, #-16]!
   80184:	910003fd 	mov	x29, sp
   80188:	97ffffe8 	bl	80128 <hexstrings>
   8018c:	528001a0 	mov	w0, #0xd                   	// #13
   80190:	97ffffcf 	bl	800cc <uart_send>
   80194:	a8c17bfd 	ldp	x29, x30, [sp], #16
   80198:	52800140 	mov	w0, #0xa                   	// #10
   8019c:	17ffffcc 	b	800cc <uart_send>

00000000000801a0 <timer_init>:
   801a0:	d65f03c0 	ret

00000000000801a4 <timer_tick>:
   801a4:	d2860080 	mov	x0, #0x3004                	// #12292
   801a8:	f2bfc000 	movk	x0, #0xfe00, lsl #16
   801ac:	17ffffa0 	b	8002c <GET32>

00000000000801b0 <mbox_writeread>:
   801b0:	a9be7bfd 	stp	x29, x30, [sp, #-32]!
   801b4:	910003fd 	mov	x29, sp
   801b8:	f9000bf3 	str	x19, [sp, #16]
   801bc:	2a0003f3 	mov	w19, w0
   801c0:	d2971700 	mov	x0, #0xb8b8                	// #47288
   801c4:	f2bfc000 	movk	x0, #0xfe00, lsl #16
   801c8:	97ffff99 	bl	8002c <GET32>
   801cc:	37ffffa0 	tbnz	w0, #31, 801c0 <mbox_writeread+0x10>
   801d0:	52800101 	mov	w1, #0x8                   	// #8
   801d4:	d2971400 	mov	x0, #0xb8a0                	// #47264
   801d8:	72b80001 	movk	w1, #0xc000, lsl #16
   801dc:	f2bfc000 	movk	x0, #0xfe00, lsl #16
   801e0:	2a010261 	orr	w1, w19, w1
   801e4:	97ffff8e 	bl	8001c <PUT32>
   801e8:	d2971300 	mov	x0, #0xb898                	// #47256
   801ec:	f2bfc000 	movk	x0, #0xfe00, lsl #16
   801f0:	97ffff8f 	bl	8002c <GET32>
   801f4:	37f7ffa0 	tbnz	w0, #30, 801e8 <mbox_writeread+0x38>
   801f8:	d2971000 	mov	x0, #0xb880                	// #47232
   801fc:	f2bfc000 	movk	x0, #0xfe00, lsl #16
   80200:	97ffff8b 	bl	8002c <GET32>
   80204:	12000c01 	and	w1, w0, #0xf
   80208:	7100203f 	cmp	w1, #0x8
   8020c:	54fffee1 	b.ne	801e8 <mbox_writeread+0x38>  // b.any
   80210:	f9400bf3 	ldr	x19, [sp, #16]
   80214:	121c6c00 	and	w0, w0, #0xfffffff0
   80218:	a8c27bfd 	ldp	x29, x30, [sp], #32
   8021c:	d65f03c0 	ret

0000000000080220 <get_clock>:
   80220:	a9b87bfd 	stp	x29, x30, [sp, #-128]!
   80224:	5290d3e2 	mov	w2, #0x869f                	// #34463
   80228:	72a00022 	movk	w2, #0x1, lsl #16
   8022c:	910003fd 	mov	x29, sp
   80230:	b9003fff 	str	wzr, [sp, #60]
   80234:	a90153f3 	stp	x19, x20, [sp, #16]
   80238:	2a0003f3 	mov	w19, w0
   8023c:	b9403fe0 	ldr	w0, [sp, #60]
   80240:	a9025bf5 	stp	x21, x22, [sp, #32]
   80244:	6b02001f 	cmp	w0, w2
   80248:	540000e8 	b.hi	80264 <get_clock+0x44>  // b.pmore
   8024c:	b9403fe1 	ldr	w1, [sp, #60]
   80250:	11000421 	add	w1, w1, #0x1
   80254:	b9003fe1 	str	w1, [sp, #60]
   80258:	b9403fe1 	ldr	w1, [sp, #60]
   8025c:	6b02003f 	cmp	w1, w2
   80260:	54ffff69 	b.ls	8024c <get_clock+0x2c>  // b.plast
   80264:	d2800054 	mov	x20, #0x2                   	// #2
   80268:	110103e0 	add	w0, wsp, #0x40
   8026c:	f2a00074 	movk	x20, #0x3, lsl #16
   80270:	d2800416 	mov	x22, #0x20                  	// #32
   80274:	f2c00214 	movk	x20, #0x10, lsl #32
   80278:	52800095 	mov	w21, #0x4                   	// #4
   8027c:	a90453f6 	stp	x22, x20, [sp, #64]
   80280:	290a4ff5 	stp	w21, w19, [sp, #80]
   80284:	f9002fff 	str	xzr, [sp, #88]
   80288:	97ffffca 	bl	801b0 <mbox_writeread>
   8028c:	b9405be0 	ldr	w0, [sp, #88]
   80290:	340000a0 	cbz	w0, 802a4 <get_clock+0x84>
   80294:	a94153f3 	ldp	x19, x20, [sp, #16]
   80298:	a9425bf5 	ldp	x21, x22, [sp, #32]
   8029c:	a8c87bfd 	ldp	x29, x30, [sp], #128
   802a0:	d65f03c0 	ret
   802a4:	91011694 	add	x20, x20, #0x45
   802a8:	110183e0 	add	w0, wsp, #0x60
   802ac:	a90653f6 	stp	x22, x20, [sp, #96]
   802b0:	290e4ff5 	stp	w21, w19, [sp, #112]
   802b4:	f9003fff 	str	xzr, [sp, #120]
   802b8:	97ffffbe 	bl	801b0 <mbox_writeread>
   802bc:	b9405be0 	ldr	w0, [sp, #88]
   802c0:	35fffea0 	cbnz	w0, 80294 <get_clock+0x74>
   802c4:	71000a7f 	cmp	w19, #0x2
   802c8:	528d8000 	mov	w0, #0x6c00                	// #27648
   802cc:	a94153f3 	ldp	x19, x20, [sp, #16]
   802d0:	72a05b80 	movk	w0, #0x2dc, lsl #16
   802d4:	a9425bf5 	ldp	x21, x22, [sp, #32]
   802d8:	1a8013e0 	csel	w0, wzr, w0, ne	// ne = any
   802dc:	a8c87bfd 	ldp	x29, x30, [sp], #128
   802e0:	d65f03c0 	ret

00000000000802e4 <uart_init>:
   802e4:	a9bd7bfd 	stp	x29, x30, [sp, #-48]!
   802e8:	d2800080 	mov	x0, #0x4                   	// #4
   802ec:	f2bfc400 	movk	x0, #0xfe20, lsl #16
   802f0:	910003fd 	mov	x29, sp
   802f4:	a90153f3 	stp	x19, x20, [sp, #16]
   802f8:	97ffff4d 	bl	8002c <GET32>
   802fc:	52880013 	mov	w19, #0x4000                	// #16384
   80300:	120e6401 	and	w1, w0, #0xfffc0fff
   80304:	72a00053 	movk	w19, #0x2, lsl #16
   80308:	d2800080 	mov	x0, #0x4                   	// #4
   8030c:	2a130021 	orr	w1, w1, w19
   80310:	f2bfc400 	movk	x0, #0xfe20, lsl #16
   80314:	97ffff42 	bl	8001c <PUT32>
   80318:	d2801c80 	mov	x0, #0xe4                  	// #228
   8031c:	11467a73 	add	w19, w19, #0x19e, lsl #12
   80320:	f2bfc400 	movk	x0, #0xfe20, lsl #16
   80324:	f90017e0 	str	x0, [sp, #40]
   80328:	97ffff41 	bl	8002c <GET32>
   8032c:	12006c01 	and	w1, w0, #0xfffffff
   80330:	f94017e0 	ldr	x0, [sp, #40]
   80334:	32020021 	orr	w1, w1, #0x40000000
   80338:	97ffff39 	bl	8001c <PUT32>
   8033c:	52800040 	mov	w0, #0x2                   	// #2
   80340:	97ffffb8 	bl	80220 <get_clock>
   80344:	529678a1 	mov	w1, #0xb3c5                	// #46021
   80348:	72b23441 	movk	w1, #0x91a2, lsl #16
   8034c:	9ba17c14 	umull	x20, w0, w1
   80350:	d374fe94 	lsr	x20, x20, #52
   80354:	1b138293 	msub	w19, w20, w19, w0
   80358:	531d7273 	lsl	w19, w19, #3
   8035c:	9ba17e73 	umull	x19, w19, w1
   80360:	52800001 	mov	w1, #0x0                   	// #0
   80364:	d371fe60 	lsr	x0, x19, #49
   80368:	d370c273 	ubfx	x19, x19, #48, #1
   8036c:	0b130013 	add	w19, w0, w19
   80370:	f94017e0 	ldr	x0, [sp, #40]
   80374:	913d5000 	add	x0, x0, #0xf54
   80378:	97ffff29 	bl	8001c <PUT32>
   8037c:	f94017e0 	ldr	x0, [sp, #40]
   80380:	5280ffe1 	mov	w1, #0x7ff                 	// #2047
   80384:	913d8000 	add	x0, x0, #0xf60
   80388:	97ffff25 	bl	8001c <PUT32>
   8038c:	f94017e0 	ldr	x0, [sp, #40]
   80390:	2a1403e1 	mov	w1, w20
   80394:	913d0000 	add	x0, x0, #0xf40
   80398:	97ffff21 	bl	8001c <PUT32>
   8039c:	f94017e0 	ldr	x0, [sp, #40]
   803a0:	2a1303e1 	mov	w1, w19
   803a4:	913d1000 	add	x0, x0, #0xf44
   803a8:	97ffff1d 	bl	8001c <PUT32>
   803ac:	f94017e0 	ldr	x0, [sp, #40]
   803b0:	52800e01 	mov	w1, #0x70                  	// #112
   803b4:	913d2000 	add	x0, x0, #0xf48
   803b8:	97ffff19 	bl	8001c <PUT32>
   803bc:	f94017e0 	ldr	x0, [sp, #40]
   803c0:	52806021 	mov	w1, #0x301                 	// #769
   803c4:	a94153f3 	ldp	x19, x20, [sp, #16]
   803c8:	913d3000 	add	x0, x0, #0xf4c
   803cc:	a8c37bfd 	ldp	x29, x30, [sp], #48
   803d0:	17ffff13 	b	8001c <PUT32>
   803d4:	d503201f 	nop
   803d8:	d503201f 	nop
   803dc:	d503201f 	nop

00000000000803e0 <div>:
   803e0:	2a0003e2 	mov	w2, w0
   803e4:	52800000 	mov	w0, #0x0                   	// #0
   803e8:	34000321 	cbz	w1, 8044c <div+0x6c>
   803ec:	2a0103e1 	mov	w1, w1
   803f0:	2a0203e4 	mov	w4, w2
   803f4:	eb04003f 	cmp	x1, x4
   803f8:	540002c2 	b.cs	80450 <div+0x70>  // b.hs, b.nlast
   803fc:	52800020 	mov	w0, #0x1                   	// #1
   80400:	d37ff821 	lsl	x1, x1, #1
   80404:	2a0003e3 	mov	w3, w0
   80408:	11000400 	add	w0, w0, #0x1
   8040c:	eb04003f 	cmp	x1, x4
   80410:	54ffff83 	b.cc	80400 <div+0x20>  // b.lo, b.ul, b.last
   80414:	340001c0 	cbz	w0, 8044c <div+0x6c>
   80418:	52800000 	mov	w0, #0x0                   	// #0
   8041c:	14000002 	b	80424 <div+0x44>
   80420:	2a0203e4 	mov	w4, w2
   80424:	531f7800 	lsl	w0, w0, #1
   80428:	eb01009f 	cmp	x4, x1
   8042c:	32000005 	orr	w5, w0, #0x1
   80430:	4b010044 	sub	w4, w2, w1
   80434:	51000463 	sub	w3, w3, #0x1
   80438:	1a8020a0 	csel	w0, w5, w0, cs	// cs = hs, nlast
   8043c:	1a822082 	csel	w2, w4, w2, cs	// cs = hs, nlast
   80440:	d341fc21 	lsr	x1, x1, #1
   80444:	3100047f 	cmn	w3, #0x1
   80448:	54fffec1 	b.ne	80420 <div+0x40>  // b.any
   8044c:	d65f03c0 	ret
   80450:	52800003 	mov	w3, #0x0                   	// #0
   80454:	17fffff1 	b	80418 <div+0x38>
	...

0000000000080460 <nibble_from_hex>:
   80460:	5100c001 	sub	w1, w0, #0x30
   80464:	7100243f 	cmp	w1, #0x9
   80468:	540000e9 	b.ls	80484 <nibble_from_hex+0x24>  // b.plast
   8046c:	51010401 	sub	w1, w0, #0x41
   80470:	51001c00 	sub	w0, w0, #0x7
   80474:	7100183f 	cmp	w1, #0x6
   80478:	12000c00 	and	w0, w0, #0xf
   8047c:	5a9f3000 	csinv	w0, w0, wzr, cc	// cc = lo, ul, last
   80480:	d65f03c0 	ret
   80484:	12000c00 	and	w0, w0, #0xf
   80488:	d65f03c0 	ret

000000000008048c <uart_send_hex_nibble>:
   8048c:	1100dc01 	add	w1, w0, #0x37
   80490:	1100c002 	add	w2, w0, #0x30
   80494:	7100281f 	cmp	w0, #0xa
   80498:	1a81b040 	csel	w0, w2, w1, lt	// lt = tstop
   8049c:	17ffff0c 	b	800cc <uart_send>

00000000000804a0 <uart_send_hex_byte>:
   804a0:	a9be7bfd 	stp	x29, x30, [sp, #-32]!
   804a4:	910003fd 	mov	x29, sp
   804a8:	f9000bf3 	str	x19, [sp, #16]
   804ac:	2a0003f3 	mov	w19, w0
   804b0:	d3441e60 	ubfx	x0, x19, #4, #4
   804b4:	97fffff6 	bl	8048c <uart_send_hex_nibble>
   804b8:	12000e60 	and	w0, w19, #0xf
   804bc:	f9400bf3 	ldr	x19, [sp, #16]
   804c0:	a8c27bfd 	ldp	x29, x30, [sp], #32
   804c4:	17fffff2 	b	8048c <uart_send_hex_nibble>

00000000000804c8 <uart_send_str>:
   804c8:	a9be7bfd 	stp	x29, x30, [sp, #-32]!
   804cc:	910003fd 	mov	x29, sp
   804d0:	f9000bf3 	str	x19, [sp, #16]
   804d4:	aa0003f3 	mov	x19, x0
   804d8:	39400000 	ldrb	w0, [x0]
   804dc:	34000080 	cbz	w0, 804ec <uart_send_str+0x24>
   804e0:	97fffefb 	bl	800cc <uart_send>
   804e4:	38401e60 	ldrb	w0, [x19, #1]!
   804e8:	35ffffc0 	cbnz	w0, 804e0 <uart_send_str+0x18>
   804ec:	f9400bf3 	ldr	x19, [sp, #16]
   804f0:	a8c27bfd 	ldp	x29, x30, [sp], #32
   804f4:	d65f03c0 	ret
   804f8:	d503201f 	nop
   804fc:	d503201f 	nop

0000000000080500 <delay_micros>:
   80500:	a9be7bfd 	stp	x29, x30, [sp, #-32]!
   80504:	910003fd 	mov	x29, sp
   80508:	a90153f3 	stp	x19, x20, [sp, #16]
   8050c:	2a0003f4 	mov	w20, w0
   80510:	97ffff25 	bl	801a4 <timer_tick>
   80514:	2a0003f3 	mov	w19, w0
   80518:	d503201f 	nop
   8051c:	d503201f 	nop
   80520:	97ffff21 	bl	801a4 <timer_tick>
   80524:	4b130000 	sub	w0, w0, w19
   80528:	6b14001f 	cmp	w0, w20
   8052c:	54ffffa3 	b.cc	80520 <delay_micros+0x20>  // b.lo, b.ul, b.last
   80530:	a94153f3 	ldp	x19, x20, [sp, #16]
   80534:	a8c27bfd 	ldp	x29, x30, [sp], #32
   80538:	d65f03c0 	ret
   8053c:	d503201f 	nop

0000000000080540 <notmain>:
   80540:	a9ba7bfd 	stp	x29, x30, [sp, #-96]!
   80544:	910003fd 	mov	x29, sp
   80548:	a90573fb 	stp	x27, x28, [sp, #80]
   8054c:	9000001b 	adrp	x27, 80000 <_start>
   80550:	9123637b 	add	x27, x27, #0x8d8
   80554:	a9025bf5 	stp	x21, x22, [sp, #32]
   80558:	5284e215 	mov	w21, #0x2710                	// #10000
   8055c:	a9046bf9 	stp	x25, x26, [sp, #64]
   80560:	5280101a 	mov	w26, #0x80                  	// #128
   80564:	a90153f3 	stp	x19, x20, [sp, #16]
   80568:	a90363f7 	stp	x23, x24, [sp, #48]
   8056c:	97ffff5e 	bl	802e4 <uart_init>
   80570:	97ffff0c 	bl	801a0 <timer_init>
   80574:	d503201f 	nop
   80578:	d503201f 	nop
   8057c:	d503201f 	nop
   80580:	52800014 	mov	w20, #0x0                   	// #0
   80584:	52800018 	mov	w24, #0x0                   	// #0
   80588:	52800019 	mov	w25, #0x0                   	// #0
   8058c:	52800017 	mov	w23, #0x0                   	// #0
   80590:	52800016 	mov	w22, #0x0                   	// #0
   80594:	52800013 	mov	w19, #0x0                   	// #0
   80598:	5280001c 	mov	w28, #0x0                   	// #0
   8059c:	aa1b03e0 	mov	x0, x27
   805a0:	97ffffca 	bl	804c8 <uart_send_str>
   805a4:	97fffeb2 	bl	8006c <uart_recv>
   805a8:	7101481f 	cmp	w0, #0x52
   805ac:	7a420b84 	ccmp	w28, #0x2, #0x4, eq	// eq = none
   805b0:	54fffe81 	b.ne	80580 <notmain+0x40>  // b.any
   805b4:	71000f9f 	cmp	w28, #0x3
   805b8:	54000500 	b.eq	80658 <notmain+0x118>  // b.none
   805bc:	3400073c 	cbz	w28, 806a0 <notmain+0x160>
   805c0:	7100079f 	cmp	w28, #0x1
   805c4:	540002c0 	b.eq	8061c <notmain+0xdc>  // b.none
   805c8:	0b000294 	add	w20, w20, w0
   805cc:	5280005c 	mov	w28, #0x2                   	// #2
   805d0:	7100167f 	cmp	w19, #0x5
   805d4:	540003a0 	b.eq	80648 <notmain+0x108>  // b.none
   805d8:	540007c8 	b.hi	806d0 <notmain+0x190>  // b.pmore
   805dc:	71000e7f 	cmp	w19, #0x3
   805e0:	54000d00 	b.eq	80780 <notmain+0x240>  // b.none
   805e4:	7100127f 	cmp	w19, #0x4
   805e8:	54000ba0 	b.eq	8075c <notmain+0x21c>  // b.none
   805ec:	7100067f 	cmp	w19, #0x1
   805f0:	54000dc0 	b.eq	807a8 <notmain+0x268>  // b.none
   805f4:	71000a7f 	cmp	w19, #0x2
   805f8:	54000ca1 	b.ne	8078c <notmain+0x24c>  // b.any
   805fc:	53185c17 	lsl	w23, w0, #8
   80600:	52800073 	mov	w19, #0x3                   	// #3
   80604:	17ffffe8 	b	805a4 <notmain+0x64>
   80608:	97fffe99 	bl	8006c <uart_recv>
   8060c:	7101481f 	cmp	w0, #0x52
   80610:	54fffb80 	b.eq	80580 <notmain+0x40>  // b.none
   80614:	52800014 	mov	w20, #0x0                   	// #0
   80618:	52800033 	mov	w19, #0x1                   	// #1
   8061c:	97ffff91 	bl	80460 <nibble_from_hex>
   80620:	2a0003fc 	mov	w28, w0
   80624:	97fffe92 	bl	8006c <uart_recv>
   80628:	97ffff8e 	bl	80460 <nibble_from_hex>
   8062c:	2a000382 	orr	w2, w28, w0
   80630:	37f80e42 	tbnz	w2, #31, 807f8 <notmain+0x2b8>
   80634:	2a1c1000 	orr	w0, w0, w28, lsl #4
   80638:	5280003c 	mov	w28, #0x1                   	// #1
   8063c:	0b000294 	add	w20, w20, w0
   80640:	7100167f 	cmp	w19, #0x5
   80644:	54fffca1 	b.ne	805d8 <notmain+0x98>  // b.any
   80648:	53185c18 	lsl	w24, w0, #8
   8064c:	510006d6 	sub	w22, w22, #0x1
   80650:	528000d3 	mov	w19, #0x6                   	// #6
   80654:	17ffffd4 	b	805a4 <notmain+0x64>
   80658:	7101cc1f 	cmp	w0, #0x73
   8065c:	54000120 	b.eq	80680 <notmain+0x140>  // b.none
   80660:	121a7800 	and	w0, w0, #0xffffffdf
   80664:	71011c1f 	cmp	w0, #0x47
   80668:	540004c0 	b.eq	80700 <notmain+0x1c0>  // b.none
   8066c:	97fffe80 	bl	8006c <uart_recv>
   80670:	7101481f 	cmp	w0, #0x52
   80674:	54fff860 	b.eq	80580 <notmain+0x40>  // b.none
   80678:	7101cc1f 	cmp	w0, #0x73
   8067c:	54ffff21 	b.ne	80660 <notmain+0x120>  // b.any
   80680:	52800015 	mov	w21, #0x0                   	// #0
   80684:	14000002 	b	8068c <notmain+0x14c>
   80688:	2a151015 	orr	w21, w0, w21, lsl #4
   8068c:	97fffe78 	bl	8006c <uart_recv>
   80690:	97ffff74 	bl	80460 <nibble_from_hex>
   80694:	36ffffa0 	tbz	w0, #31, 80688 <notmain+0x148>
   80698:	5280007c 	mov	w28, #0x3                   	// #3
   8069c:	17ffffc2 	b	805a4 <notmain+0x64>
   806a0:	7100e81f 	cmp	w0, #0x3a
   806a4:	54fffb20 	b.eq	80608 <notmain+0xc8>  // b.none
   806a8:	7100f41f 	cmp	w0, #0x3d
   806ac:	54000b40 	b.eq	80814 <notmain+0x2d4>  // b.none
   806b0:	7100341f 	cmp	w0, #0xd
   806b4:	7a4a1804 	ccmp	w0, #0xa, #0x4, ne	// ne = any
   806b8:	7a5a1004 	ccmp	w0, w26, #0x4, ne	// ne = any
   806bc:	54000421 	b.ne	80740 <notmain+0x200>  // b.any
   806c0:	97fffe6b 	bl	8006c <uart_recv>
   806c4:	7101481f 	cmp	w0, #0x52
   806c8:	54fffec1 	b.ne	806a0 <notmain+0x160>  // b.any
   806cc:	17ffffad 	b	80580 <notmain+0x40>
   806d0:	71001e7f 	cmp	w19, #0x7
   806d4:	54000820 	b.eq	807d8 <notmain+0x298>  // b.none
   806d8:	7100227f 	cmp	w19, #0x8
   806dc:	540006c0 	b.eq	807b4 <notmain+0x274>  // b.none
   806e0:	2a000300 	orr	w0, w24, w0
   806e4:	7100133f 	cmp	w25, #0x4
   806e8:	510006d6 	sub	w22, w22, #0x1
   806ec:	52800113 	mov	w19, #0x8                   	// #8
   806f0:	531c6c18 	lsl	w24, w0, #4
   806f4:	53103c00 	lsl	w0, w0, #16
   806f8:	1a980018 	csel	w24, w0, w24, eq	// eq = none
   806fc:	17ffffaa 	b	805a4 <notmain+0x64>
   80700:	528001a0 	mov	w0, #0xd                   	// #13
   80704:	97fffe72 	bl	800cc <uart_send>
   80708:	528005a0 	mov	w0, #0x2d                  	// #45
   8070c:	97fffe70 	bl	800cc <uart_send>
   80710:	528005a0 	mov	w0, #0x2d                  	// #45
   80714:	97fffe6e 	bl	800cc <uart_send>
   80718:	528001a0 	mov	w0, #0xd                   	// #13
   8071c:	97fffe6c 	bl	800cc <uart_send>
   80720:	52800140 	mov	w0, #0xa                   	// #10
   80724:	97fffe6a 	bl	800cc <uart_send>
   80728:	52800140 	mov	w0, #0xa                   	// #10
   8072c:	97fffe68 	bl	800cc <uart_send>
   80730:	350007f5 	cbnz	w21, 8082c <notmain+0x2ec>
   80734:	52a00100 	mov	w0, #0x80000               	// #524288
   80738:	97fffe41 	bl	8003c <BRANCHTO>
   8073c:	17ffffcc 	b	8066c <notmain+0x12c>
   80740:	90000000 	adrp	x0, 80000 <_start>
   80744:	9123a000 	add	x0, x0, #0x8e8
   80748:	97ffff60 	bl	804c8 <uart_send_str>
   8074c:	97fffe48 	bl	8006c <uart_recv>
   80750:	7101481f 	cmp	w0, #0x52
   80754:	54ffffc1 	b.ne	8074c <notmain+0x20c>  // b.any
   80758:	17ffff8a 	b	80580 <notmain+0x40>
   8075c:	51000801 	sub	w1, w0, #0x2
   80760:	721e783f 	tst	w1, #0xfffffffd
   80764:	54000780 	b.eq	80854 <notmain+0x314>  // b.none
   80768:	7100001f 	cmp	w0, #0x0
   8076c:	2a0003f9 	mov	w25, w0
   80770:	528000f3 	mov	w19, #0x7                   	// #7
   80774:	52800100 	mov	w0, #0x8                   	// #8
   80778:	1a800273 	csel	w19, w19, w0, eq	// eq = none
   8077c:	17ffff8a 	b	805a4 <notmain+0x64>
   80780:	2a0002f7 	orr	w23, w23, w0
   80784:	52800093 	mov	w19, #0x4                   	// #4
   80788:	17ffff87 	b	805a4 <notmain+0x64>
   8078c:	90000000 	adrp	x0, 80000 <_start>
   80790:	91242000 	add	x0, x0, #0x908
   80794:	97ffff4d 	bl	804c8 <uart_send_str>
   80798:	97fffe35 	bl	8006c <uart_recv>
   8079c:	7101481f 	cmp	w0, #0x52
   807a0:	54fffd61 	b.ne	8074c <notmain+0x20c>  // b.any
   807a4:	17ffff77 	b	80580 <notmain+0x40>
   807a8:	2a0003f6 	mov	w22, w0
   807ac:	52800053 	mov	w19, #0x2                   	// #2
   807b0:	17ffff7d 	b	805a4 <notmain+0x64>
   807b4:	35000396 	cbnz	w22, 80824 <notmain+0x2e4>
   807b8:	72001e9f 	tst	w20, #0xff
   807bc:	540003e1 	b.ne	80838 <notmain+0x2f8>  // b.any
   807c0:	7100073f 	cmp	w25, #0x1
   807c4:	54fff7e1 	b.ne	806c0 <notmain+0x180>  // b.any
   807c8:	90000000 	adrp	x0, 80000 <_start>
   807cc:	9124a000 	add	x0, x0, #0x928
   807d0:	97ffff3e 	bl	804c8 <uart_send_str>
   807d4:	17ffffa6 	b	8066c <notmain+0x12c>
   807d8:	2a0003e1 	mov	w1, w0
   807dc:	2a1802e0 	orr	w0, w23, w24
   807e0:	97fffe11 	bl	80024 <PUT8>
   807e4:	110006f7 	add	w23, w23, #0x1
   807e8:	710006d6 	subs	w22, w22, #0x1
   807ec:	52800100 	mov	w0, #0x8                   	// #8
   807f0:	1a801273 	csel	w19, w19, w0, ne	// ne = any
   807f4:	17ffff6c 	b	805a4 <notmain+0x64>
   807f8:	90000000 	adrp	x0, 80000 <_start>
   807fc:	9123e000 	add	x0, x0, #0x8f8
   80800:	97ffff32 	bl	804c8 <uart_send_str>
   80804:	97fffe1a 	bl	8006c <uart_recv>
   80808:	7101481f 	cmp	w0, #0x52
   8080c:	54fffa01 	b.ne	8074c <notmain+0x20c>  // b.any
   80810:	17ffff5c 	b	80580 <notmain+0x40>
   80814:	52800014 	mov	w20, #0x0                   	// #0
   80818:	52800033 	mov	w19, #0x1                   	// #1
   8081c:	97fffe14 	bl	8006c <uart_recv>
   80820:	17ffff6a 	b	805c8 <notmain+0x88>
   80824:	510006d6 	sub	w22, w22, #0x1
   80828:	17ffff5f 	b	805a4 <notmain+0x64>
   8082c:	2a1503e0 	mov	w0, w21
   80830:	97ffff34 	bl	80500 <delay_micros>
   80834:	17ffffc0 	b	80734 <notmain+0x1f4>
   80838:	90000000 	adrp	x0, 80000 <_start>
   8083c:	91246000 	add	x0, x0, #0x918
   80840:	97ffff22 	bl	804c8 <uart_send_str>
   80844:	97fffe0a 	bl	8006c <uart_recv>
   80848:	7101481f 	cmp	w0, #0x52
   8084c:	54fff801 	b.ne	8074c <notmain+0x20c>  // b.any
   80850:	17ffff4c 	b	80580 <notmain+0x40>
   80854:	2a0003f9 	mov	w25, w0
   80858:	528000b3 	mov	w19, #0x5                   	// #5
   8085c:	17ffff52 	b	805a4 <notmain+0x64>

0000000000080860 <copy_and_jump>:
   80860:	aa0003e4 	mov	x4, x0
   80864:	eb01001f 	cmp	x0, x1
   80868:	54000122 	b.cs	8088c <copy_and_jump+0x2c>  // b.hs, b.nlast
   8086c:	cb000047 	sub	x7, x2, x0
   80870:	aa0403e6 	mov	x6, x4
   80874:	8b070085 	add	x5, x4, x7
   80878:	91001084 	add	x4, x4, #0x4
   8087c:	b94000c6 	ldr	w6, [x6]
   80880:	b90000a6 	str	w6, [x5]
   80884:	eb01009f 	cmp	x4, x1
   80888:	54ffff43 	b.cc	80870 <copy_and_jump+0x10>  // b.lo, b.ul, b.last
   8088c:	8b020063 	add	x3, x3, x2
   80890:	cb000070 	sub	x16, x3, x0
   80894:	d61f0200 	br	x16

Disassembly of section .interp:

0000000000080898 <.interp>:
   80898:	62696c2f 	.inst	0x62696c2f ; undefined
   8089c:	2e646c2f 	umin	v15.4h, v1.4h, v4.4h
   808a0:	312e6f73 	adds	w19, w27, #0xb9b
	...

Disassembly of section .dynsym:

00000000000808a8 <.dynsym>:
	...

Disassembly of section .dynstr:

00000000000808c0 <.dynstr>:
	...

Disassembly of section .hash:

00000000000808c8 <.hash>:
   808c8:	00000001 	udf	#1
   808cc:	00000001 	udf	#1
	...

Disassembly of section .rodata.str1.8:

00000000000808d8 <.rodata.str1.8>:
   808d8:	58454849 	ldr	x9, 10b1e0 <_end+0x8a7b8>
   808dc:	0a0d462d 	and	w13, w17, w13, lsl #17
	...
   808e8:	52524523 	.inst	0x52524523 ; undefined
   808ec:	726f663a 	.inst	0x726f663a ; undefined
   808f0:	0d74616d 	.inst	0x0d74616d ; undefined
   808f4:	0000000a 	udf	#10
   808f8:	52524523 	.inst	0x52524523 ; undefined
   808fc:	7865683a 	ldrh	w26, [x1, x5]
   80900:	00000a0d 	udf	#2573
   80904:	00000000 	udf	#0
   80908:	52524523 	.inst	0x52524523 ; undefined
   8090c:	746e693a 	.inst	0x746e693a ; undefined
   80910:	616e7265 	.inst	0x616e7265 ; undefined
   80914:	000a0d6c 	.inst	0x000a0d6c ; undefined
   80918:	52524523 	.inst	0x52524523 ; undefined
   8091c:	6568633a 	fnmls	z26.h, p0/m, z25.h, z8.h
   80920:	75736b63 	.inst	0x75736b63 ; undefined
   80924:	000a0d6d 	.inst	0x000a0d6d ; undefined
   80928:	464f4523 	.inst	0x464f4523 ; undefined
   8092c:	0d6b6f3a 	.inst	0x0d6b6f3a ; undefined
   80930:	Address 0x80930 is out of bounds.


Disassembly of section .dynamic:

0000000000080938 <.dynamic>:
   80938:	00000004 	udf	#4
   8093c:	00000000 	udf	#0
   80940:	000808c8 	.inst	0x000808c8 ; undefined
   80944:	00000000 	udf	#0
   80948:	00000005 	udf	#5
   8094c:	00000000 	udf	#0
   80950:	000808c0 	.inst	0x000808c0 ; undefined
   80954:	00000000 	udf	#0
   80958:	00000006 	udf	#6
   8095c:	00000000 	udf	#0
   80960:	000808a8 	.inst	0x000808a8 ; undefined
   80964:	00000000 	udf	#0
   80968:	0000000a 	udf	#10
   8096c:	00000000 	udf	#0
   80970:	00000001 	udf	#1
   80974:	00000000 	udf	#0
   80978:	0000000b 	udf	#11
   8097c:	00000000 	udf	#0
   80980:	00000018 	udf	#24
   80984:	00000000 	udf	#0
   80988:	00000015 	udf	#21
	...
   80998:	6ffffffb 	.inst	0x6ffffffb ; undefined
   8099c:	00000000 	udf	#0
   809a0:	08000000 	stxrb	w0, w0, [x0]
	...

Disassembly of section .got:

0000000000080a08 <.got>:
   80a08:	00080938 	.inst	0x00080938 ; undefined
   80a0c:	00000000 	udf	#0

Disassembly of section .got.plt:

0000000000080a10 <.got.plt>:
	...

Disassembly of section .comment:

0000000000000000 <.comment>:
   0:	3a434347 	ccmn	w26, w3, #0x7, mi	// mi = first
   4:	72412820 	.inst	0x72412820 ; undefined
   8:	4e47206d 	luti4	v13.16b, {v3.16b}, v7[0]
   c:	6f542055 	umlal2	v21.4s, v2.8h, v4.h[1]
  10:	68636c6f 	.inst	0x68636c6f ; undefined
  14:	206e6961 	.inst	0x206e6961 ; undefined
  18:	322e3531 	orr	w17, w9, #0xfffc0000
  1c:	6c65522e 	ldnp	d14, d20, [x17, #-432]
  20:	42282031 	.inst	0x42282031 ; undefined
  24:	646c6975 	.inst	0x646c6975 ; undefined
  28:	6d726120 	ldp	d0, d24, [x9, #-224]
  2c:	2e35312d 	usubw	v13.8h, v9.8h, v21.8b
  30:	29293638 	stp	w24, w13, [x17, #-184]
  34:	2e353120 	usubw	v0.8h, v9.8h, v21.8b
  38:	20312e32 	.inst	0x20312e32 ; undefined
  3c:	35323032 	cbnz	w18, 64640 <_start-0x1b9c0>
  40:	33303231 	.inst	0x33303231 ; undefined
	...
