
bootloader07_64.elf:     file format elf64-littleaarch64


Disassembly of section .text:

0000000000080000 <_start>:
   80000:	b26503ff 	mov	sp, #0x8000000             	// #134217728
   80004:	10ffffe0 	adr	x0, 80000 <_start>
   80008:	10005701 	adr	x1, 80ae8 <_end>
   8000c:	d2a01002 	mov	x2, #0x800000              	// #8388608
   80010:	10002f83 	adr	x3, 80600 <notmain>
   80014:	94000243 	bl	80920 <copy_and_jump>

0000000000080018 <hang>:
   80018:	14000000 	b	80018 <hang>

000000000008001c <PUT32>:
   8001c:	b9000001 	str	w1, [x0]
   80020:	d65f03c0 	ret

0000000000080024 <PUT8>:
   80024:	39000001 	strb	w1, [x0]
   80028:	d65f03c0 	ret

000000000008002c <GET32>:
   8002c:	b9400000 	ldr	w0, [x0]
   80030:	d65f03c0 	ret

0000000000080034 <GETPC>:
   80034:	aa1e03e0 	mov	x0, x30
   80038:	d65f03c0 	ret

000000000008003c <BRANCHTO>:
   8003c:	2a0003fe 	mov	w30, w0
   80040:	d65f03c0 	ret

0000000000080044 <dummy>:
   80044:	d65f03c0 	ret
	...

0000000000080060 <uart_lcr>:
   80060:	d2820580 	mov	x0, #0x102c                	// #4140
   80064:	f2a7e400 	movk	x0, #0x3f20, lsl #16
   80068:	17fffff1 	b	8002c <GET32>

000000000008006c <uart_recv>:
   8006c:	a9bf7bfd 	stp	x29, x30, [sp, #-16]!
   80070:	910003fd 	mov	x29, sp
   80074:	d503201f 	nop
   80078:	d503201f 	nop
   8007c:	d503201f 	nop
   80080:	d2820300 	mov	x0, #0x1018                	// #4120
   80084:	f2a7e400 	movk	x0, #0x3f20, lsl #16
   80088:	97ffffe9 	bl	8002c <GET32>
   8008c:	3727ffa0 	tbnz	w0, #4, 80080 <uart_recv+0x14>
   80090:	d2820000 	mov	x0, #0x1000                	// #4096
   80094:	f2a7e400 	movk	x0, #0x3f20, lsl #16
   80098:	97ffffe5 	bl	8002c <GET32>
   8009c:	a8c17bfd 	ldp	x29, x30, [sp], #16
   800a0:	12001c00 	and	w0, w0, #0xff
   800a4:	d65f03c0 	ret

00000000000800a8 <uart_check>:
   800a8:	a9bf7bfd 	stp	x29, x30, [sp, #-16]!
   800ac:	d2820300 	mov	x0, #0x1018                	// #4120
   800b0:	f2a7e400 	movk	x0, #0x3f20, lsl #16
   800b4:	910003fd 	mov	x29, sp
   800b8:	97ffffdd 	bl	8002c <GET32>
   800bc:	d3441000 	ubfx	x0, x0, #4, #1
   800c0:	52000000 	eor	w0, w0, #0x1
   800c4:	a8c17bfd 	ldp	x29, x30, [sp], #16
   800c8:	d65f03c0 	ret

00000000000800cc <uart_send>:
   800cc:	a9be7bfd 	stp	x29, x30, [sp, #-32]!
   800d0:	910003fd 	mov	x29, sp
   800d4:	f9000bf3 	str	x19, [sp, #16]
   800d8:	2a0003f3 	mov	w19, w0
   800dc:	d503201f 	nop
   800e0:	d2820300 	mov	x0, #0x1018                	// #4120
   800e4:	f2a7e400 	movk	x0, #0x3f20, lsl #16
   800e8:	97ffffd1 	bl	8002c <GET32>
   800ec:	372fffa0 	tbnz	w0, #5, 800e0 <uart_send+0x14>
   800f0:	2a1303e1 	mov	w1, w19
   800f4:	d2820000 	mov	x0, #0x1000                	// #4096
   800f8:	f9400bf3 	ldr	x19, [sp, #16]
   800fc:	f2a7e400 	movk	x0, #0x3f20, lsl #16
   80100:	a8c27bfd 	ldp	x29, x30, [sp], #32
   80104:	17ffffc6 	b	8001c <PUT32>

0000000000080108 <uart_flush>:
   80108:	a9bf7bfd 	stp	x29, x30, [sp, #-16]!
   8010c:	910003fd 	mov	x29, sp
   80110:	d2820300 	mov	x0, #0x1018                	// #4120
   80114:	f2a7e400 	movk	x0, #0x3f20, lsl #16
   80118:	97ffffc5 	bl	8002c <GET32>
   8011c:	371fffa0 	tbnz	w0, #3, 80110 <uart_flush+0x8>
   80120:	a8c17bfd 	ldp	x29, x30, [sp], #16
   80124:	d65f03c0 	ret

0000000000080128 <hexstrings>:
   80128:	a9be7bfd 	stp	x29, x30, [sp, #-32]!
   8012c:	910003fd 	mov	x29, sp
   80130:	a90153f3 	stp	x19, x20, [sp, #16]
   80134:	2a0003f4 	mov	w20, w0
   80138:	52800413 	mov	w19, #0x20                  	// #32
   8013c:	d503201f 	nop
   80140:	51001273 	sub	w19, w19, #0x4
   80144:	1ad32681 	lsr	w1, w20, w19
   80148:	12000c21 	and	w1, w1, #0xf
   8014c:	1100c022 	add	w2, w1, #0x30
   80150:	7100283f 	cmp	w1, #0xa
   80154:	1100dc20 	add	w0, w1, #0x37
   80158:	1a803040 	csel	w0, w2, w0, cc	// cc = lo, ul, last
   8015c:	97ffffdc 	bl	800cc <uart_send>
   80160:	35ffff13 	cbnz	w19, 80140 <hexstrings+0x18>
   80164:	a94153f3 	ldp	x19, x20, [sp, #16]
   80168:	52800400 	mov	w0, #0x20                  	// #32
   8016c:	a8c27bfd 	ldp	x29, x30, [sp], #32
   80170:	17ffffd7 	b	800cc <uart_send>
   80174:	d503201f 	nop
   80178:	d503201f 	nop
   8017c:	d503201f 	nop

0000000000080180 <hexstring>:
   80180:	a9bf7bfd 	stp	x29, x30, [sp, #-16]!
   80184:	910003fd 	mov	x29, sp
   80188:	97ffffe8 	bl	80128 <hexstrings>
   8018c:	528001a0 	mov	w0, #0xd                   	// #13
   80190:	97ffffcf 	bl	800cc <uart_send>
   80194:	a8c17bfd 	ldp	x29, x30, [sp], #16
   80198:	52800140 	mov	w0, #0xa                   	// #10
   8019c:	17ffffcc 	b	800cc <uart_send>

00000000000801a0 <timer_init>:
   801a0:	d65f03c0 	ret

00000000000801a4 <timer_tick>:
   801a4:	d2860080 	mov	x0, #0x3004                	// #12292
   801a8:	f2a7e000 	movk	x0, #0x3f00, lsl #16
   801ac:	17ffffa0 	b	8002c <GET32>

00000000000801b0 <mbox_writeread>:
   801b0:	a9be7bfd 	stp	x29, x30, [sp, #-32]!
   801b4:	910003fd 	mov	x29, sp
   801b8:	f9000bf3 	str	x19, [sp, #16]
   801bc:	2a0003f3 	mov	w19, w0
   801c0:	d2971700 	mov	x0, #0xb8b8                	// #47288
   801c4:	f2a7e000 	movk	x0, #0x3f00, lsl #16
   801c8:	97ffff99 	bl	8002c <GET32>
   801cc:	37ffffa0 	tbnz	w0, #31, 801c0 <mbox_writeread+0x10>
   801d0:	52800101 	mov	w1, #0x8                   	// #8
   801d4:	d2971400 	mov	x0, #0xb8a0                	// #47264
   801d8:	72b80001 	movk	w1, #0xc000, lsl #16
   801dc:	f2a7e000 	movk	x0, #0x3f00, lsl #16
   801e0:	2a010261 	orr	w1, w19, w1
   801e4:	97ffff8e 	bl	8001c <PUT32>
   801e8:	d2971300 	mov	x0, #0xb898                	// #47256
   801ec:	f2a7e000 	movk	x0, #0x3f00, lsl #16
   801f0:	97ffff8f 	bl	8002c <GET32>
   801f4:	37f7ffa0 	tbnz	w0, #30, 801e8 <mbox_writeread+0x38>
   801f8:	d2971000 	mov	x0, #0xb880                	// #47232
   801fc:	f2a7e000 	movk	x0, #0x3f00, lsl #16
   80200:	97ffff8b 	bl	8002c <GET32>
   80204:	12000c01 	and	w1, w0, #0xf
   80208:	7100203f 	cmp	w1, #0x8
   8020c:	54fffee1 	b.ne	801e8 <mbox_writeread+0x38>  // b.any
   80210:	f9400bf3 	ldr	x19, [sp, #16]
   80214:	121c6c00 	and	w0, w0, #0xfffffff0
   80218:	a8c27bfd 	ldp	x29, x30, [sp], #32
   8021c:	d65f03c0 	ret

0000000000080220 <get_clock>:
   80220:	a9b87bfd 	stp	x29, x30, [sp, #-128]!
   80224:	5290d3e2 	mov	w2, #0x869f                	// #34463
   80228:	72a00022 	movk	w2, #0x1, lsl #16
   8022c:	910003fd 	mov	x29, sp
   80230:	b9003fff 	str	wzr, [sp, #60]
   80234:	a90153f3 	stp	x19, x20, [sp, #16]
   80238:	2a0003f3 	mov	w19, w0
   8023c:	b9403fe0 	ldr	w0, [sp, #60]
   80240:	a9025bf5 	stp	x21, x22, [sp, #32]
   80244:	6b02001f 	cmp	w0, w2
   80248:	540000e8 	b.hi	80264 <get_clock+0x44>  // b.pmore
   8024c:	b9403fe1 	ldr	w1, [sp, #60]
   80250:	11000421 	add	w1, w1, #0x1
   80254:	b9003fe1 	str	w1, [sp, #60]
   80258:	b9403fe1 	ldr	w1, [sp, #60]
   8025c:	6b02003f 	cmp	w1, w2
   80260:	54ffff69 	b.ls	8024c <get_clock+0x2c>  // b.plast
   80264:	d2800054 	mov	x20, #0x2                   	// #2
   80268:	110103e0 	add	w0, wsp, #0x40
   8026c:	f2a00074 	movk	x20, #0x3, lsl #16
   80270:	d2800416 	mov	x22, #0x20                  	// #32
   80274:	f2c00214 	movk	x20, #0x10, lsl #32
   80278:	52800095 	mov	w21, #0x4                   	// #4
   8027c:	a90453f6 	stp	x22, x20, [sp, #64]
   80280:	290a4ff5 	stp	w21, w19, [sp, #80]
   80284:	f9002fff 	str	xzr, [sp, #88]
   80288:	97ffffca 	bl	801b0 <mbox_writeread>
   8028c:	b9405be0 	ldr	w0, [sp, #88]
   80290:	340000a0 	cbz	w0, 802a4 <get_clock+0x84>
   80294:	a94153f3 	ldp	x19, x20, [sp, #16]
   80298:	a9425bf5 	ldp	x21, x22, [sp, #32]
   8029c:	a8c87bfd 	ldp	x29, x30, [sp], #128
   802a0:	d65f03c0 	ret
   802a4:	91011694 	add	x20, x20, #0x45
   802a8:	110183e0 	add	w0, wsp, #0x60
   802ac:	a90653f6 	stp	x22, x20, [sp, #96]
   802b0:	290e4ff5 	stp	w21, w19, [sp, #112]
   802b4:	f9003fff 	str	xzr, [sp, #120]
   802b8:	97ffffbe 	bl	801b0 <mbox_writeread>
   802bc:	b9405be0 	ldr	w0, [sp, #88]
   802c0:	35fffea0 	cbnz	w0, 80294 <get_clock+0x74>
   802c4:	71000a7f 	cmp	w19, #0x2
   802c8:	528d8000 	mov	w0, #0x6c00                	// #27648
   802cc:	a94153f3 	ldp	x19, x20, [sp, #16]
   802d0:	72a05b80 	movk	w0, #0x2dc, lsl #16
   802d4:	a9425bf5 	ldp	x21, x22, [sp, #32]
   802d8:	1a8013e0 	csel	w0, wzr, w0, ne	// ne = any
   802dc:	a8c87bfd 	ldp	x29, x30, [sp], #128
   802e0:	d65f03c0 	ret

00000000000802e4 <uart_init>:
   802e4:	a9be7bfd 	stp	x29, x30, [sp, #-32]!
   802e8:	d2800080 	mov	x0, #0x4                   	// #4
   802ec:	f2a7e400 	movk	x0, #0x3f20, lsl #16
   802f0:	910003fd 	mov	x29, sp
   802f4:	a90153f3 	stp	x19, x20, [sp, #16]
   802f8:	97ffff4d 	bl	8002c <GET32>
   802fc:	52880001 	mov	w1, #0x4000                	// #16384
   80300:	120e6400 	and	w0, w0, #0xfffc0fff
   80304:	72a00041 	movk	w1, #0x2, lsl #16
   80308:	2a010001 	orr	w1, w0, w1
   8030c:	d2800080 	mov	x0, #0x4                   	// #4
   80310:	f2a7e400 	movk	x0, #0x3f20, lsl #16
   80314:	52800013 	mov	w19, #0x0                   	// #0
   80318:	97ffff41 	bl	8001c <PUT32>
   8031c:	d2801280 	mov	x0, #0x94                  	// #148
   80320:	52800001 	mov	w1, #0x0                   	// #0
   80324:	f2a7e400 	movk	x0, #0x3f20, lsl #16
   80328:	97ffff3d 	bl	8001c <PUT32>
   8032c:	2a1303e0 	mov	w0, w19
   80330:	11000673 	add	w19, w19, #0x1
   80334:	97ffff44 	bl	80044 <dummy>
   80338:	71025a7f 	cmp	w19, #0x96
   8033c:	54ffff81 	b.ne	8032c <uart_init+0x48>  // b.any
   80340:	52800013 	mov	w19, #0x0                   	// #0
   80344:	d2801300 	mov	x0, #0x98                  	// #152
   80348:	52880001 	mov	w1, #0x4000                	// #16384
   8034c:	f2a7e400 	movk	x0, #0x3f20, lsl #16
   80350:	97ffff33 	bl	8001c <PUT32>
   80354:	d503201f 	nop
   80358:	d503201f 	nop
   8035c:	d503201f 	nop
   80360:	2a1303e0 	mov	w0, w19
   80364:	11000673 	add	w19, w19, #0x1
   80368:	97ffff37 	bl	80044 <dummy>
   8036c:	71025a7f 	cmp	w19, #0x96
   80370:	54ffff81 	b.ne	80360 <uart_init+0x7c>  // b.any
   80374:	d2801300 	mov	x0, #0x98                  	// #152
   80378:	52800001 	mov	w1, #0x0                   	// #0
   8037c:	f2a7e400 	movk	x0, #0x3f20, lsl #16
   80380:	52800013 	mov	w19, #0x0                   	// #0
   80384:	97ffff26 	bl	8001c <PUT32>
   80388:	d2801280 	mov	x0, #0x94                  	// #148
   8038c:	52800041 	mov	w1, #0x2                   	// #2
   80390:	f2a7e400 	movk	x0, #0x3f20, lsl #16
   80394:	97ffff22 	bl	8001c <PUT32>
   80398:	d503201f 	nop
   8039c:	d503201f 	nop
   803a0:	2a1303e0 	mov	w0, w19
   803a4:	11000673 	add	w19, w19, #0x1
   803a8:	97ffff27 	bl	80044 <dummy>
   803ac:	71025a7f 	cmp	w19, #0x96
   803b0:	54ffff81 	b.ne	803a0 <uart_init+0xbc>  // b.any
   803b4:	52800013 	mov	w19, #0x0                   	// #0
   803b8:	d2801300 	mov	x0, #0x98                  	// #152
   803bc:	52900001 	mov	w1, #0x8000                	// #32768
   803c0:	f2a7e400 	movk	x0, #0x3f20, lsl #16
   803c4:	97ffff16 	bl	8001c <PUT32>
   803c8:	2a1303e0 	mov	w0, w19
   803cc:	11000673 	add	w19, w19, #0x1
   803d0:	97ffff1d 	bl	80044 <dummy>
   803d4:	71025a7f 	cmp	w19, #0x96
   803d8:	54ffff81 	b.ne	803c8 <uart_init+0xe4>  // b.any
   803dc:	52800001 	mov	w1, #0x0                   	// #0
   803e0:	d2801300 	mov	x0, #0x98                  	// #152
   803e4:	f2a7e400 	movk	x0, #0x3f20, lsl #16
   803e8:	97ffff0d 	bl	8001c <PUT32>
   803ec:	52800040 	mov	w0, #0x2                   	// #2
   803f0:	97ffff8c 	bl	80220 <get_clock>
   803f4:	529678a2 	mov	w2, #0xb3c5                	// #46021
   803f8:	52840001 	mov	w1, #0x2000                	// #8192
   803fc:	72b23442 	movk	w2, #0x91a2, lsl #16
   80400:	72a00381 	movk	w1, #0x1c, lsl #16
   80404:	9ba27c13 	umull	x19, w0, w2
   80408:	d374fe73 	lsr	x19, x19, #52
   8040c:	1b018260 	msub	w0, w19, w1, w0
   80410:	52800001 	mov	w1, #0x0                   	// #0
   80414:	531d7000 	lsl	w0, w0, #3
   80418:	9ba27c00 	umull	x0, w0, w2
   8041c:	d371fc14 	lsr	x20, x0, #49
   80420:	d370c000 	ubfx	x0, x0, #48, #1
   80424:	0b000294 	add	w20, w20, w0
   80428:	d2820700 	mov	x0, #0x1038                	// #4152
   8042c:	f2a7e400 	movk	x0, #0x3f20, lsl #16
   80430:	97fffefb 	bl	8001c <PUT32>
   80434:	d2820880 	mov	x0, #0x1044                	// #4164
   80438:	5280ffe1 	mov	w1, #0x7ff                 	// #2047
   8043c:	f2a7e400 	movk	x0, #0x3f20, lsl #16
   80440:	97fffef7 	bl	8001c <PUT32>
   80444:	d2820480 	mov	x0, #0x1024                	// #4132
   80448:	2a1303e1 	mov	w1, w19
   8044c:	f2a7e400 	movk	x0, #0x3f20, lsl #16
   80450:	97fffef3 	bl	8001c <PUT32>
   80454:	d2820500 	mov	x0, #0x1028                	// #4136
   80458:	2a1403e1 	mov	w1, w20
   8045c:	f2a7e400 	movk	x0, #0x3f20, lsl #16
   80460:	97fffeef 	bl	8001c <PUT32>
   80464:	d2820580 	mov	x0, #0x102c                	// #4140
   80468:	52800e01 	mov	w1, #0x70                  	// #112
   8046c:	f2a7e400 	movk	x0, #0x3f20, lsl #16
   80470:	97fffeeb 	bl	8001c <PUT32>
   80474:	a94153f3 	ldp	x19, x20, [sp, #16]
   80478:	d2820600 	mov	x0, #0x1030                	// #4144
   8047c:	a8c27bfd 	ldp	x29, x30, [sp], #32
   80480:	52806021 	mov	w1, #0x301                 	// #769
   80484:	f2a7e400 	movk	x0, #0x3f20, lsl #16
   80488:	17fffee5 	b	8001c <PUT32>

000000000008048c <div>:
   8048c:	2a0003e2 	mov	w2, w0
   80490:	52800000 	mov	w0, #0x0                   	// #0
   80494:	34000321 	cbz	w1, 804f8 <div+0x6c>
   80498:	2a0103e1 	mov	w1, w1
   8049c:	2a0203e4 	mov	w4, w2
   804a0:	eb04003f 	cmp	x1, x4
   804a4:	540002c2 	b.cs	804fc <div+0x70>  // b.hs, b.nlast
   804a8:	52800020 	mov	w0, #0x1                   	// #1
   804ac:	d37ff821 	lsl	x1, x1, #1
   804b0:	2a0003e3 	mov	w3, w0
   804b4:	11000400 	add	w0, w0, #0x1
   804b8:	eb04003f 	cmp	x1, x4
   804bc:	54ffff83 	b.cc	804ac <div+0x20>  // b.lo, b.ul, b.last
   804c0:	340001c0 	cbz	w0, 804f8 <div+0x6c>
   804c4:	52800000 	mov	w0, #0x0                   	// #0
   804c8:	14000002 	b	804d0 <div+0x44>
   804cc:	2a0203e4 	mov	w4, w2
   804d0:	531f7800 	lsl	w0, w0, #1
   804d4:	eb01009f 	cmp	x4, x1
   804d8:	32000005 	orr	w5, w0, #0x1
   804dc:	4b010044 	sub	w4, w2, w1
   804e0:	51000463 	sub	w3, w3, #0x1
   804e4:	1a8020a0 	csel	w0, w5, w0, cs	// cs = hs, nlast
   804e8:	1a822082 	csel	w2, w4, w2, cs	// cs = hs, nlast
   804ec:	d341fc21 	lsr	x1, x1, #1
   804f0:	3100047f 	cmn	w3, #0x1
   804f4:	54fffec1 	b.ne	804cc <div+0x40>  // b.any
   804f8:	d65f03c0 	ret
   804fc:	52800003 	mov	w3, #0x0                   	// #0
   80500:	17fffff1 	b	804c4 <div+0x38>
	...

0000000000080520 <nibble_from_hex>:
   80520:	5100c001 	sub	w1, w0, #0x30
   80524:	7100243f 	cmp	w1, #0x9
   80528:	540000e9 	b.ls	80544 <nibble_from_hex+0x24>  // b.plast
   8052c:	51010401 	sub	w1, w0, #0x41
   80530:	51001c00 	sub	w0, w0, #0x7
   80534:	7100183f 	cmp	w1, #0x6
   80538:	12000c00 	and	w0, w0, #0xf
   8053c:	5a9f3000 	csinv	w0, w0, wzr, cc	// cc = lo, ul, last
   80540:	d65f03c0 	ret
   80544:	12000c00 	and	w0, w0, #0xf
   80548:	d65f03c0 	ret

000000000008054c <uart_send_hex_nibble>:
   8054c:	1100dc01 	add	w1, w0, #0x37
   80550:	1100c002 	add	w2, w0, #0x30
   80554:	7100281f 	cmp	w0, #0xa
   80558:	1a81b040 	csel	w0, w2, w1, lt	// lt = tstop
   8055c:	17fffedc 	b	800cc <uart_send>

0000000000080560 <uart_send_hex_byte>:
   80560:	a9be7bfd 	stp	x29, x30, [sp, #-32]!
   80564:	910003fd 	mov	x29, sp
   80568:	f9000bf3 	str	x19, [sp, #16]
   8056c:	2a0003f3 	mov	w19, w0
   80570:	d3441e60 	ubfx	x0, x19, #4, #4
   80574:	97fffff6 	bl	8054c <uart_send_hex_nibble>
   80578:	12000e60 	and	w0, w19, #0xf
   8057c:	f9400bf3 	ldr	x19, [sp, #16]
   80580:	a8c27bfd 	ldp	x29, x30, [sp], #32
   80584:	17fffff2 	b	8054c <uart_send_hex_nibble>

0000000000080588 <uart_send_str>:
   80588:	a9be7bfd 	stp	x29, x30, [sp, #-32]!
   8058c:	910003fd 	mov	x29, sp
   80590:	f9000bf3 	str	x19, [sp, #16]
   80594:	aa0003f3 	mov	x19, x0
   80598:	39400000 	ldrb	w0, [x0]
   8059c:	34000080 	cbz	w0, 805ac <uart_send_str+0x24>
   805a0:	97fffecb 	bl	800cc <uart_send>
   805a4:	38401e60 	ldrb	w0, [x19, #1]!
   805a8:	35ffffc0 	cbnz	w0, 805a0 <uart_send_str+0x18>
   805ac:	f9400bf3 	ldr	x19, [sp, #16]
   805b0:	a8c27bfd 	ldp	x29, x30, [sp], #32
   805b4:	d65f03c0 	ret
   805b8:	d503201f 	nop
   805bc:	d503201f 	nop

00000000000805c0 <delay_micros>:
   805c0:	a9be7bfd 	stp	x29, x30, [sp, #-32]!
   805c4:	910003fd 	mov	x29, sp
   805c8:	a90153f3 	stp	x19, x20, [sp, #16]
   805cc:	2a0003f4 	mov	w20, w0
   805d0:	97fffef5 	bl	801a4 <timer_tick>
   805d4:	2a0003f3 	mov	w19, w0
   805d8:	d503201f 	nop
   805dc:	d503201f 	nop
   805e0:	97fffef1 	bl	801a4 <timer_tick>
   805e4:	4b130000 	sub	w0, w0, w19
   805e8:	6b14001f 	cmp	w0, w20
   805ec:	54ffffa3 	b.cc	805e0 <delay_micros+0x20>  // b.lo, b.ul, b.last
   805f0:	a94153f3 	ldp	x19, x20, [sp, #16]
   805f4:	a8c27bfd 	ldp	x29, x30, [sp], #32
   805f8:	d65f03c0 	ret
   805fc:	d503201f 	nop

0000000000080600 <notmain>:
   80600:	a9ba7bfd 	stp	x29, x30, [sp, #-96]!
   80604:	910003fd 	mov	x29, sp
   80608:	a90573fb 	stp	x27, x28, [sp, #80]
   8060c:	9000001b 	adrp	x27, 80000 <_start>
   80610:	9126637b 	add	x27, x27, #0x998
   80614:	a9025bf5 	stp	x21, x22, [sp, #32]
   80618:	5284e215 	mov	w21, #0x2710                	// #10000
   8061c:	a9046bf9 	stp	x25, x26, [sp, #64]
   80620:	5280101a 	mov	w26, #0x80                  	// #128
   80624:	a90153f3 	stp	x19, x20, [sp, #16]
   80628:	a90363f7 	stp	x23, x24, [sp, #48]
   8062c:	97ffff2e 	bl	802e4 <uart_init>
   80630:	97fffedc 	bl	801a0 <timer_init>
   80634:	d503201f 	nop
   80638:	d503201f 	nop
   8063c:	d503201f 	nop
   80640:	52800014 	mov	w20, #0x0                   	// #0
   80644:	52800018 	mov	w24, #0x0                   	// #0
   80648:	52800019 	mov	w25, #0x0                   	// #0
   8064c:	52800017 	mov	w23, #0x0                   	// #0
   80650:	52800016 	mov	w22, #0x0                   	// #0
   80654:	52800013 	mov	w19, #0x0                   	// #0
   80658:	5280001c 	mov	w28, #0x0                   	// #0
   8065c:	aa1b03e0 	mov	x0, x27
   80660:	97ffffca 	bl	80588 <uart_send_str>
   80664:	97fffe82 	bl	8006c <uart_recv>
   80668:	7101481f 	cmp	w0, #0x52
   8066c:	7a420b84 	ccmp	w28, #0x2, #0x4, eq	// eq = none
   80670:	54fffe81 	b.ne	80640 <notmain+0x40>  // b.any
   80674:	71000f9f 	cmp	w28, #0x3
   80678:	54000500 	b.eq	80718 <notmain+0x118>  // b.none
   8067c:	3400073c 	cbz	w28, 80760 <notmain+0x160>
   80680:	7100079f 	cmp	w28, #0x1
   80684:	540002c0 	b.eq	806dc <notmain+0xdc>  // b.none
   80688:	0b000294 	add	w20, w20, w0
   8068c:	5280005c 	mov	w28, #0x2                   	// #2
   80690:	7100167f 	cmp	w19, #0x5
   80694:	540003a0 	b.eq	80708 <notmain+0x108>  // b.none
   80698:	540007c8 	b.hi	80790 <notmain+0x190>  // b.pmore
   8069c:	71000e7f 	cmp	w19, #0x3
   806a0:	54000d00 	b.eq	80840 <notmain+0x240>  // b.none
   806a4:	7100127f 	cmp	w19, #0x4
   806a8:	54000ba0 	b.eq	8081c <notmain+0x21c>  // b.none
   806ac:	7100067f 	cmp	w19, #0x1
   806b0:	54000dc0 	b.eq	80868 <notmain+0x268>  // b.none
   806b4:	71000a7f 	cmp	w19, #0x2
   806b8:	54000ca1 	b.ne	8084c <notmain+0x24c>  // b.any
   806bc:	53185c17 	lsl	w23, w0, #8
   806c0:	52800073 	mov	w19, #0x3                   	// #3
   806c4:	17ffffe8 	b	80664 <notmain+0x64>
   806c8:	97fffe69 	bl	8006c <uart_recv>
   806cc:	7101481f 	cmp	w0, #0x52
   806d0:	54fffb80 	b.eq	80640 <notmain+0x40>  // b.none
   806d4:	52800014 	mov	w20, #0x0                   	// #0
   806d8:	52800033 	mov	w19, #0x1                   	// #1
   806dc:	97ffff91 	bl	80520 <nibble_from_hex>
   806e0:	2a0003fc 	mov	w28, w0
   806e4:	97fffe62 	bl	8006c <uart_recv>
   806e8:	97ffff8e 	bl	80520 <nibble_from_hex>
   806ec:	2a000382 	orr	w2, w28, w0
   806f0:	37f80e42 	tbnz	w2, #31, 808b8 <notmain+0x2b8>
   806f4:	2a1c1000 	orr	w0, w0, w28, lsl #4
   806f8:	5280003c 	mov	w28, #0x1                   	// #1
   806fc:	0b000294 	add	w20, w20, w0
   80700:	7100167f 	cmp	w19, #0x5
   80704:	54fffca1 	b.ne	80698 <notmain+0x98>  // b.any
   80708:	53185c18 	lsl	w24, w0, #8
   8070c:	510006d6 	sub	w22, w22, #0x1
   80710:	528000d3 	mov	w19, #0x6                   	// #6
   80714:	17ffffd4 	b	80664 <notmain+0x64>
   80718:	7101cc1f 	cmp	w0, #0x73
   8071c:	54000120 	b.eq	80740 <notmain+0x140>  // b.none
   80720:	121a7800 	and	w0, w0, #0xffffffdf
   80724:	71011c1f 	cmp	w0, #0x47
   80728:	540004c0 	b.eq	807c0 <notmain+0x1c0>  // b.none
   8072c:	97fffe50 	bl	8006c <uart_recv>
   80730:	7101481f 	cmp	w0, #0x52
   80734:	54fff860 	b.eq	80640 <notmain+0x40>  // b.none
   80738:	7101cc1f 	cmp	w0, #0x73
   8073c:	54ffff21 	b.ne	80720 <notmain+0x120>  // b.any
   80740:	52800015 	mov	w21, #0x0                   	// #0
   80744:	14000002 	b	8074c <notmain+0x14c>
   80748:	2a151015 	orr	w21, w0, w21, lsl #4
   8074c:	97fffe48 	bl	8006c <uart_recv>
   80750:	97ffff74 	bl	80520 <nibble_from_hex>
   80754:	36ffffa0 	tbz	w0, #31, 80748 <notmain+0x148>
   80758:	5280007c 	mov	w28, #0x3                   	// #3
   8075c:	17ffffc2 	b	80664 <notmain+0x64>
   80760:	7100e81f 	cmp	w0, #0x3a
   80764:	54fffb20 	b.eq	806c8 <notmain+0xc8>  // b.none
   80768:	7100f41f 	cmp	w0, #0x3d
   8076c:	54000b40 	b.eq	808d4 <notmain+0x2d4>  // b.none
   80770:	7100341f 	cmp	w0, #0xd
   80774:	7a4a1804 	ccmp	w0, #0xa, #0x4, ne	// ne = any
   80778:	7a5a1004 	ccmp	w0, w26, #0x4, ne	// ne = any
   8077c:	54000421 	b.ne	80800 <notmain+0x200>  // b.any
   80780:	97fffe3b 	bl	8006c <uart_recv>
   80784:	7101481f 	cmp	w0, #0x52
   80788:	54fffec1 	b.ne	80760 <notmain+0x160>  // b.any
   8078c:	17ffffad 	b	80640 <notmain+0x40>
   80790:	71001e7f 	cmp	w19, #0x7
   80794:	54000820 	b.eq	80898 <notmain+0x298>  // b.none
   80798:	7100227f 	cmp	w19, #0x8
   8079c:	540006c0 	b.eq	80874 <notmain+0x274>  // b.none
   807a0:	2a000300 	orr	w0, w24, w0
   807a4:	7100133f 	cmp	w25, #0x4
   807a8:	510006d6 	sub	w22, w22, #0x1
   807ac:	52800113 	mov	w19, #0x8                   	// #8
   807b0:	531c6c18 	lsl	w24, w0, #4
   807b4:	53103c00 	lsl	w0, w0, #16
   807b8:	1a980018 	csel	w24, w0, w24, eq	// eq = none
   807bc:	17ffffaa 	b	80664 <notmain+0x64>
   807c0:	528001a0 	mov	w0, #0xd                   	// #13
   807c4:	97fffe42 	bl	800cc <uart_send>
   807c8:	528005a0 	mov	w0, #0x2d                  	// #45
   807cc:	97fffe40 	bl	800cc <uart_send>
   807d0:	528005a0 	mov	w0, #0x2d                  	// #45
   807d4:	97fffe3e 	bl	800cc <uart_send>
   807d8:	528001a0 	mov	w0, #0xd                   	// #13
   807dc:	97fffe3c 	bl	800cc <uart_send>
   807e0:	52800140 	mov	w0, #0xa                   	// #10
   807e4:	97fffe3a 	bl	800cc <uart_send>
   807e8:	52800140 	mov	w0, #0xa                   	// #10
   807ec:	97fffe38 	bl	800cc <uart_send>
   807f0:	350007f5 	cbnz	w21, 808ec <notmain+0x2ec>
   807f4:	52a00100 	mov	w0, #0x80000               	// #524288
   807f8:	97fffe11 	bl	8003c <BRANCHTO>
   807fc:	17ffffcc 	b	8072c <notmain+0x12c>
   80800:	90000000 	adrp	x0, 80000 <_start>
   80804:	9126a000 	add	x0, x0, #0x9a8
   80808:	97ffff60 	bl	80588 <uart_send_str>
   8080c:	97fffe18 	bl	8006c <uart_recv>
   80810:	7101481f 	cmp	w0, #0x52
   80814:	54ffffc1 	b.ne	8080c <notmain+0x20c>  // b.any
   80818:	17ffff8a 	b	80640 <notmain+0x40>
   8081c:	51000801 	sub	w1, w0, #0x2
   80820:	721e783f 	tst	w1, #0xfffffffd
   80824:	54000780 	b.eq	80914 <notmain+0x314>  // b.none
   80828:	7100001f 	cmp	w0, #0x0
   8082c:	2a0003f9 	mov	w25, w0
   80830:	528000f3 	mov	w19, #0x7                   	// #7
   80834:	52800100 	mov	w0, #0x8                   	// #8
   80838:	1a800273 	csel	w19, w19, w0, eq	// eq = none
   8083c:	17ffff8a 	b	80664 <notmain+0x64>
   80840:	2a0002f7 	orr	w23, w23, w0
   80844:	52800093 	mov	w19, #0x4                   	// #4
   80848:	17ffff87 	b	80664 <notmain+0x64>
   8084c:	90000000 	adrp	x0, 80000 <_start>
   80850:	91272000 	add	x0, x0, #0x9c8
   80854:	97ffff4d 	bl	80588 <uart_send_str>
   80858:	97fffe05 	bl	8006c <uart_recv>
   8085c:	7101481f 	cmp	w0, #0x52
   80860:	54fffd61 	b.ne	8080c <notmain+0x20c>  // b.any
   80864:	17ffff77 	b	80640 <notmain+0x40>
   80868:	2a0003f6 	mov	w22, w0
   8086c:	52800053 	mov	w19, #0x2                   	// #2
   80870:	17ffff7d 	b	80664 <notmain+0x64>
   80874:	35000396 	cbnz	w22, 808e4 <notmain+0x2e4>
   80878:	72001e9f 	tst	w20, #0xff
   8087c:	540003e1 	b.ne	808f8 <notmain+0x2f8>  // b.any
   80880:	7100073f 	cmp	w25, #0x1
   80884:	54fff7e1 	b.ne	80780 <notmain+0x180>  // b.any
   80888:	90000000 	adrp	x0, 80000 <_start>
   8088c:	9127a000 	add	x0, x0, #0x9e8
   80890:	97ffff3e 	bl	80588 <uart_send_str>
   80894:	17ffffa6 	b	8072c <notmain+0x12c>
   80898:	2a0003e1 	mov	w1, w0
   8089c:	2a1802e0 	orr	w0, w23, w24
   808a0:	97fffde1 	bl	80024 <PUT8>
   808a4:	110006f7 	add	w23, w23, #0x1
   808a8:	710006d6 	subs	w22, w22, #0x1
   808ac:	52800100 	mov	w0, #0x8                   	// #8
   808b0:	1a801273 	csel	w19, w19, w0, ne	// ne = any
   808b4:	17ffff6c 	b	80664 <notmain+0x64>
   808b8:	90000000 	adrp	x0, 80000 <_start>
   808bc:	9126e000 	add	x0, x0, #0x9b8
   808c0:	97ffff32 	bl	80588 <uart_send_str>
   808c4:	97fffdea 	bl	8006c <uart_recv>
   808c8:	7101481f 	cmp	w0, #0x52
   808cc:	54fffa01 	b.ne	8080c <notmain+0x20c>  // b.any
   808d0:	17ffff5c 	b	80640 <notmain+0x40>
   808d4:	52800014 	mov	w20, #0x0                   	// #0
   808d8:	52800033 	mov	w19, #0x1                   	// #1
   808dc:	97fffde4 	bl	8006c <uart_recv>
   808e0:	17ffff6a 	b	80688 <notmain+0x88>
   808e4:	510006d6 	sub	w22, w22, #0x1
   808e8:	17ffff5f 	b	80664 <notmain+0x64>
   808ec:	2a1503e0 	mov	w0, w21
   808f0:	97ffff34 	bl	805c0 <delay_micros>
   808f4:	17ffffc0 	b	807f4 <notmain+0x1f4>
   808f8:	90000000 	adrp	x0, 80000 <_start>
   808fc:	91276000 	add	x0, x0, #0x9d8
   80900:	97ffff22 	bl	80588 <uart_send_str>
   80904:	97fffdda 	bl	8006c <uart_recv>
   80908:	7101481f 	cmp	w0, #0x52
   8090c:	54fff801 	b.ne	8080c <notmain+0x20c>  // b.any
   80910:	17ffff4c 	b	80640 <notmain+0x40>
   80914:	2a0003f9 	mov	w25, w0
   80918:	528000b3 	mov	w19, #0x5                   	// #5
   8091c:	17ffff52 	b	80664 <notmain+0x64>

0000000000080920 <copy_and_jump>:
   80920:	aa0003e4 	mov	x4, x0
   80924:	eb01001f 	cmp	x0, x1
   80928:	54000122 	b.cs	8094c <copy_and_jump+0x2c>  // b.hs, b.nlast
   8092c:	cb000047 	sub	x7, x2, x0
   80930:	aa0403e6 	mov	x6, x4
   80934:	8b070085 	add	x5, x4, x7
   80938:	91001084 	add	x4, x4, #0x4
   8093c:	b94000c6 	ldr	w6, [x6]
   80940:	b90000a6 	str	w6, [x5]
   80944:	eb01009f 	cmp	x4, x1
   80948:	54ffff43 	b.cc	80930 <copy_and_jump+0x10>  // b.lo, b.ul, b.last
   8094c:	8b020063 	add	x3, x3, x2
   80950:	cb000070 	sub	x16, x3, x0
   80954:	d61f0200 	br	x16

Disassembly of section .interp:

0000000000080958 <.interp>:
   80958:	62696c2f 	.inst	0x62696c2f ; undefined
   8095c:	2e646c2f 	umin	v15.4h, v1.4h, v4.4h
   80960:	312e6f73 	adds	w19, w27, #0xb9b
	...

Disassembly of section .dynsym:

0000000000080968 <.dynsym>:
	...

Disassembly of section .dynstr:

0000000000080980 <.dynstr>:
	...

Disassembly of section .hash:

0000000000080988 <.hash>:
   80988:	00000001 	udf	#1
   8098c:	00000001 	udf	#1
	...

Disassembly of section .rodata.str1.8:

0000000000080998 <.rodata.str1.8>:
   80998:	58454849 	ldr	x9, 10b2a0 <_end+0x8a7b8>
   8099c:	0a0d462d 	and	w13, w17, w13, lsl #17
	...
   809a8:	52524523 	.inst	0x52524523 ; undefined
   809ac:	726f663a 	.inst	0x726f663a ; undefined
   809b0:	0d74616d 	.inst	0x0d74616d ; undefined
   809b4:	0000000a 	udf	#10
   809b8:	52524523 	.inst	0x52524523 ; undefined
   809bc:	7865683a 	ldrh	w26, [x1, x5]
   809c0:	00000a0d 	udf	#2573
   809c4:	00000000 	udf	#0
   809c8:	52524523 	.inst	0x52524523 ; undefined
   809cc:	746e693a 	.inst	0x746e693a ; undefined
   809d0:	616e7265 	.inst	0x616e7265 ; undefined
   809d4:	000a0d6c 	.inst	0x000a0d6c ; undefined
   809d8:	52524523 	.inst	0x52524523 ; undefined
   809dc:	6568633a 	fnmls	z26.h, p0/m, z25.h, z8.h
   809e0:	75736b63 	.inst	0x75736b63 ; undefined
   809e4:	000a0d6d 	.inst	0x000a0d6d ; undefined
   809e8:	464f4523 	.inst	0x464f4523 ; undefined
   809ec:	0d6b6f3a 	.inst	0x0d6b6f3a ; undefined
   809f0:	Address 0x809f0 is out of bounds.


Disassembly of section .dynamic:

00000000000809f8 <.dynamic>:
   809f8:	00000004 	udf	#4
   809fc:	00000000 	udf	#0
   80a00:	00080988 	.inst	0x00080988 ; undefined
   80a04:	00000000 	udf	#0
   80a08:	00000005 	udf	#5
   80a0c:	00000000 	udf	#0
   80a10:	00080980 	.inst	0x00080980 ; undefined
   80a14:	00000000 	udf	#0
   80a18:	00000006 	udf	#6
   80a1c:	00000000 	udf	#0
   80a20:	00080968 	.inst	0x00080968 ; undefined
   80a24:	00000000 	udf	#0
   80a28:	0000000a 	udf	#10
   80a2c:	00000000 	udf	#0
   80a30:	00000001 	udf	#1
   80a34:	00000000 	udf	#0
   80a38:	0000000b 	udf	#11
   80a3c:	00000000 	udf	#0
   80a40:	00000018 	udf	#24
   80a44:	00000000 	udf	#0
   80a48:	00000015 	udf	#21
	...
   80a58:	6ffffffb 	.inst	0x6ffffffb ; undefined
   80a5c:	00000000 	udf	#0
   80a60:	08000000 	stxrb	w0, w0, [x0]
	...

Disassembly of section .got:

0000000000080ac8 <.got>:
   80ac8:	000809f8 	.inst	0x000809f8 ; undefined
   80acc:	00000000 	udf	#0

Disassembly of section .got.plt:

0000000000080ad0 <.got.plt>:
	...

Disassembly of section .comment:

0000000000000000 <.comment>:
   0:	3a434347 	ccmn	w26, w3, #0x7, mi	// mi = first
   4:	72412820 	.inst	0x72412820 ; undefined
   8:	4e47206d 	luti4	v13.16b, {v3.16b}, v7[0]
   c:	6f542055 	umlal2	v21.4s, v2.8h, v4.h[1]
  10:	68636c6f 	.inst	0x68636c6f ; undefined
  14:	206e6961 	.inst	0x206e6961 ; undefined
  18:	322e3531 	orr	w17, w9, #0xfffc0000
  1c:	6c65522e 	ldnp	d14, d20, [x17, #-432]
  20:	42282031 	.inst	0x42282031 ; undefined
  24:	646c6975 	.inst	0x646c6975 ; undefined
  28:	6d726120 	ldp	d0, d24, [x9, #-224]
  2c:	2e35312d 	usubw	v13.8h, v9.8h, v21.8b
  30:	29293638 	stp	w24, w13, [x17, #-184]
  34:	2e353120 	usubw	v0.8h, v9.8h, v21.8b
  38:	20312e32 	.inst	0x20312e32 ; undefined
  3c:	35323032 	cbnz	w18, 64640 <_start-0x1b9c0>
  40:	33303231 	.inst	0x33303231 ; undefined
	...
