
bootloader07_64_2712.elf:     file format elf64-littleaarch64


Disassembly of section .text:

0000000000080000 <_start>:
   80000:	b26503ff 	mov	sp, #0x8000000             	// #134217728
   80004:	10ffffe0 	adr	x0, 80000 <_start>
   80008:	10005201 	adr	x1, 80a48 <_end>
   8000c:	d2a01002 	mov	x2, #0x800000              	// #8388608
   80010:	10002a83 	adr	x3, 80560 <notmain>
   80014:	9400021b 	bl	80880 <copy_and_jump>

0000000000080018 <hang>:
   80018:	14000000 	b	80018 <hang>

000000000008001c <PUT32>:
   8001c:	b9000001 	str	w1, [x0]
   80020:	d65f03c0 	ret

0000000000080024 <PUT8>:
   80024:	39000001 	strb	w1, [x0]
   80028:	d65f03c0 	ret

000000000008002c <GET32>:
   8002c:	b9400000 	ldr	w0, [x0]
   80030:	d65f03c0 	ret

0000000000080034 <GETPC>:
   80034:	aa1e03e0 	mov	x0, x30
   80038:	d65f03c0 	ret

000000000008003c <BRANCHTO>:
   8003c:	2a0003fe 	mov	w30, w0
   80040:	d65f03c0 	ret

0000000000080044 <dummy>:
   80044:	d65f03c0 	ret
	...

0000000000080060 <uart_lcr>:
   80060:	d2820580 	mov	x0, #0x102c                	// #4140
   80064:	f2afa000 	movk	x0, #0x7d00, lsl #16
   80068:	f2c00200 	movk	x0, #0x10, lsl #32
   8006c:	17fffff0 	b	8002c <GET32>

0000000000080070 <uart_recv>:
   80070:	a9bf7bfd 	stp	x29, x30, [sp, #-16]!
   80074:	910003fd 	mov	x29, sp
   80078:	d503201f 	nop
   8007c:	d503201f 	nop
   80080:	d2820300 	mov	x0, #0x1018                	// #4120
   80084:	f2afa000 	movk	x0, #0x7d00, lsl #16
   80088:	f2c00200 	movk	x0, #0x10, lsl #32
   8008c:	97ffffe8 	bl	8002c <GET32>
   80090:	3727ff80 	tbnz	w0, #4, 80080 <uart_recv+0x10>
   80094:	d2820000 	mov	x0, #0x1000                	// #4096
   80098:	f2afa000 	movk	x0, #0x7d00, lsl #16
   8009c:	f2c00200 	movk	x0, #0x10, lsl #32
   800a0:	97ffffe3 	bl	8002c <GET32>
   800a4:	a8c17bfd 	ldp	x29, x30, [sp], #16
   800a8:	12001c00 	and	w0, w0, #0xff
   800ac:	d65f03c0 	ret

00000000000800b0 <uart_check>:
   800b0:	a9bf7bfd 	stp	x29, x30, [sp, #-16]!
   800b4:	d2820300 	mov	x0, #0x1018                	// #4120
   800b8:	f2afa000 	movk	x0, #0x7d00, lsl #16
   800bc:	910003fd 	mov	x29, sp
   800c0:	f2c00200 	movk	x0, #0x10, lsl #32
   800c4:	97ffffda 	bl	8002c <GET32>
   800c8:	d3441000 	ubfx	x0, x0, #4, #1
   800cc:	52000000 	eor	w0, w0, #0x1
   800d0:	a8c17bfd 	ldp	x29, x30, [sp], #16
   800d4:	d65f03c0 	ret
   800d8:	d503201f 	nop
   800dc:	d503201f 	nop

00000000000800e0 <uart_send>:
   800e0:	a9be7bfd 	stp	x29, x30, [sp, #-32]!
   800e4:	910003fd 	mov	x29, sp
   800e8:	f9000bf3 	str	x19, [sp, #16]
   800ec:	2a0003f3 	mov	w19, w0
   800f0:	d2820300 	mov	x0, #0x1018                	// #4120
   800f4:	f2afa000 	movk	x0, #0x7d00, lsl #16
   800f8:	f2c00200 	movk	x0, #0x10, lsl #32
   800fc:	97ffffcc 	bl	8002c <GET32>
   80100:	372fff80 	tbnz	w0, #5, 800f0 <uart_send+0x10>
   80104:	2a1303e1 	mov	w1, w19
   80108:	d2820000 	mov	x0, #0x1000                	// #4096
   8010c:	f9400bf3 	ldr	x19, [sp, #16]
   80110:	f2afa000 	movk	x0, #0x7d00, lsl #16
   80114:	a8c27bfd 	ldp	x29, x30, [sp], #32
   80118:	f2c00200 	movk	x0, #0x10, lsl #32
   8011c:	17ffffc0 	b	8001c <PUT32>

0000000000080120 <uart_flush>:
   80120:	a9bf7bfd 	stp	x29, x30, [sp, #-16]!
   80124:	910003fd 	mov	x29, sp
   80128:	d2820300 	mov	x0, #0x1018                	// #4120
   8012c:	f2afa000 	movk	x0, #0x7d00, lsl #16
   80130:	f2c00200 	movk	x0, #0x10, lsl #32
   80134:	97ffffbe 	bl	8002c <GET32>
   80138:	371fff80 	tbnz	w0, #3, 80128 <uart_flush+0x8>
   8013c:	a8c17bfd 	ldp	x29, x30, [sp], #16
   80140:	d65f03c0 	ret

0000000000080144 <hexstrings>:
   80144:	a9be7bfd 	stp	x29, x30, [sp, #-32]!
   80148:	910003fd 	mov	x29, sp
   8014c:	a90153f3 	stp	x19, x20, [sp, #16]
   80150:	2a0003f4 	mov	w20, w0
   80154:	52800413 	mov	w19, #0x20                  	// #32
   80158:	d503201f 	nop
   8015c:	d503201f 	nop
   80160:	51001273 	sub	w19, w19, #0x4
   80164:	1ad32681 	lsr	w1, w20, w19
   80168:	12000c21 	and	w1, w1, #0xf
   8016c:	1100c022 	add	w2, w1, #0x30
   80170:	7100283f 	cmp	w1, #0xa
   80174:	1100dc20 	add	w0, w1, #0x37
   80178:	1a803040 	csel	w0, w2, w0, cc	// cc = lo, ul, last
   8017c:	97ffffd9 	bl	800e0 <uart_send>
   80180:	35ffff13 	cbnz	w19, 80160 <hexstrings+0x1c>
   80184:	a94153f3 	ldp	x19, x20, [sp, #16]
   80188:	52800400 	mov	w0, #0x20                  	// #32
   8018c:	a8c27bfd 	ldp	x29, x30, [sp], #32
   80190:	17ffffd4 	b	800e0 <uart_send>
   80194:	d503201f 	nop
   80198:	d503201f 	nop
   8019c:	d503201f 	nop

00000000000801a0 <hexstring>:
   801a0:	a9bf7bfd 	stp	x29, x30, [sp, #-16]!
   801a4:	910003fd 	mov	x29, sp
   801a8:	97ffffe7 	bl	80144 <hexstrings>
   801ac:	528001a0 	mov	w0, #0xd                   	// #13
   801b0:	97ffffcc 	bl	800e0 <uart_send>
   801b4:	a8c17bfd 	ldp	x29, x30, [sp], #16
   801b8:	52800140 	mov	w0, #0xa                   	// #10
   801bc:	17ffffc9 	b	800e0 <uart_send>

00000000000801c0 <timer_init>:
   801c0:	d65f03c0 	ret

00000000000801c4 <timer_tick>:
   801c4:	d5033fdf 	isb
   801c8:	d53be020 	mrs	x0, cntpct_el0
   801cc:	d53be001 	mrs	x1, cntfrq_el0
   801d0:	d2884802 	mov	x2, #0x4240                	// #16960
   801d4:	f2a001e2 	movk	x2, #0xf, lsl #16
   801d8:	9b027c00 	mul	x0, x0, x2
   801dc:	9ac10800 	udiv	x0, x0, x1
   801e0:	d65f03c0 	ret

00000000000801e4 <mbox_writeread>:
   801e4:	a9be7bfd 	stp	x29, x30, [sp, #-32]!
   801e8:	910003fd 	mov	x29, sp
   801ec:	f9000bf3 	str	x19, [sp, #16]
   801f0:	2a0003f3 	mov	w19, w0
   801f4:	d503201f 	nop
   801f8:	d503201f 	nop
   801fc:	d503201f 	nop
   80200:	d2871700 	mov	x0, #0x38b8                	// #14520
   80204:	f2af8020 	movk	x0, #0x7c01, lsl #16
   80208:	f2c00200 	movk	x0, #0x10, lsl #32
   8020c:	97ffff88 	bl	8002c <GET32>
   80210:	37ffff80 	tbnz	w0, #31, 80200 <mbox_writeread+0x1c>
   80214:	d2871400 	mov	x0, #0x38a0                	// #14496
   80218:	52800101 	mov	w1, #0x8                   	// #8
   8021c:	f2af8020 	movk	x0, #0x7c01, lsl #16
   80220:	72b80001 	movk	w1, #0xc000, lsl #16
   80224:	f2c00200 	movk	x0, #0x10, lsl #32
   80228:	2a010261 	orr	w1, w19, w1
   8022c:	97ffff7c 	bl	8001c <PUT32>
   80230:	d2871300 	mov	x0, #0x3898                	// #14488
   80234:	f2af8020 	movk	x0, #0x7c01, lsl #16
   80238:	f2c00200 	movk	x0, #0x10, lsl #32
   8023c:	97ffff7c 	bl	8002c <GET32>
   80240:	37f7ff80 	tbnz	w0, #30, 80230 <mbox_writeread+0x4c>
   80244:	d2871000 	mov	x0, #0x3880                	// #14464
   80248:	f2af8020 	movk	x0, #0x7c01, lsl #16
   8024c:	f2c00200 	movk	x0, #0x10, lsl #32
   80250:	97ffff77 	bl	8002c <GET32>
   80254:	12000c01 	and	w1, w0, #0xf
   80258:	7100203f 	cmp	w1, #0x8
   8025c:	54fffea1 	b.ne	80230 <mbox_writeread+0x4c>  // b.any
   80260:	f9400bf3 	ldr	x19, [sp, #16]
   80264:	121c6c00 	and	w0, w0, #0xfffffff0
   80268:	a8c27bfd 	ldp	x29, x30, [sp], #32
   8026c:	d65f03c0 	ret

0000000000080270 <get_clock>:
   80270:	a9b87bfd 	stp	x29, x30, [sp, #-128]!
   80274:	5290d3e2 	mov	w2, #0x869f                	// #34463
   80278:	72a00022 	movk	w2, #0x1, lsl #16
   8027c:	910003fd 	mov	x29, sp
   80280:	b9003fff 	str	wzr, [sp, #60]
   80284:	a90153f3 	stp	x19, x20, [sp, #16]
   80288:	2a0003f3 	mov	w19, w0
   8028c:	b9403fe0 	ldr	w0, [sp, #60]
   80290:	a9025bf5 	stp	x21, x22, [sp, #32]
   80294:	6b02001f 	cmp	w0, w2
   80298:	54000108 	b.hi	802b8 <get_clock+0x48>  // b.pmore
   8029c:	d503201f 	nop
   802a0:	b9403fe1 	ldr	w1, [sp, #60]
   802a4:	11000421 	add	w1, w1, #0x1
   802a8:	b9003fe1 	str	w1, [sp, #60]
   802ac:	b9403fe1 	ldr	w1, [sp, #60]
   802b0:	6b02003f 	cmp	w1, w2
   802b4:	54ffff69 	b.ls	802a0 <get_clock+0x30>  // b.plast
   802b8:	d2800054 	mov	x20, #0x2                   	// #2
   802bc:	110103e0 	add	w0, wsp, #0x40
   802c0:	f2a00074 	movk	x20, #0x3, lsl #16
   802c4:	d2800416 	mov	x22, #0x20                  	// #32
   802c8:	f2c00214 	movk	x20, #0x10, lsl #32
   802cc:	52800095 	mov	w21, #0x4                   	// #4
   802d0:	a90453f6 	stp	x22, x20, [sp, #64]
   802d4:	290a4ff5 	stp	w21, w19, [sp, #80]
   802d8:	f9002fff 	str	xzr, [sp, #88]
   802dc:	97ffffc2 	bl	801e4 <mbox_writeread>
   802e0:	b9405be0 	ldr	w0, [sp, #88]
   802e4:	340000a0 	cbz	w0, 802f8 <get_clock+0x88>
   802e8:	a94153f3 	ldp	x19, x20, [sp, #16]
   802ec:	a9425bf5 	ldp	x21, x22, [sp, #32]
   802f0:	a8c87bfd 	ldp	x29, x30, [sp], #128
   802f4:	d65f03c0 	ret
   802f8:	91011694 	add	x20, x20, #0x45
   802fc:	110183e0 	add	w0, wsp, #0x60
   80300:	a90653f6 	stp	x22, x20, [sp, #96]
   80304:	290e4ff5 	stp	w21, w19, [sp, #112]
   80308:	f9003fff 	str	xzr, [sp, #120]
   8030c:	97ffffb6 	bl	801e4 <mbox_writeread>
   80310:	b9405be0 	ldr	w0, [sp, #88]
   80314:	35fffea0 	cbnz	w0, 802e8 <get_clock+0x78>
   80318:	71000a7f 	cmp	w19, #0x2
   8031c:	528d8000 	mov	w0, #0x6c00                	// #27648
   80320:	a94153f3 	ldp	x19, x20, [sp, #16]
   80324:	72a05b80 	movk	w0, #0x2dc, lsl #16
   80328:	a9425bf5 	ldp	x21, x22, [sp, #32]
   8032c:	1a8013e0 	csel	w0, wzr, w0, ne	// ne = any
   80330:	a8c87bfd 	ldp	x29, x30, [sp], #128
   80334:	d65f03c0 	ret
   80338:	d503201f 	nop
   8033c:	d503201f 	nop

0000000000080340 <uart_init>:
   80340:	a9bd7bfd 	stp	x29, x30, [sp, #-48]!
   80344:	52800040 	mov	w0, #0x2                   	// #2
   80348:	910003fd 	mov	x29, sp
   8034c:	a90153f3 	stp	x19, x20, [sp, #16]
   80350:	97ffffc8 	bl	80270 <get_clock>
   80354:	529678a1 	mov	w1, #0xb3c5                	// #46021
   80358:	72b23441 	movk	w1, #0x91a2, lsl #16
   8035c:	52840002 	mov	w2, #0x2000                	// #8192
   80360:	72a00382 	movk	w2, #0x1c, lsl #16
   80364:	9ba17c13 	umull	x19, w0, w1
   80368:	d374fe73 	lsr	x19, x19, #52
   8036c:	1b028260 	msub	w0, w19, w2, w0
   80370:	531d7000 	lsl	w0, w0, #3
   80374:	9ba17c00 	umull	x0, w0, w1
   80378:	52800001 	mov	w1, #0x0                   	// #0
   8037c:	d371fc14 	lsr	x20, x0, #49
   80380:	d370c000 	ubfx	x0, x0, #48, #1
   80384:	0b000294 	add	w20, w20, w0
   80388:	d2820700 	mov	x0, #0x1038                	// #4152
   8038c:	f2afa000 	movk	x0, #0x7d00, lsl #16
   80390:	f2c00200 	movk	x0, #0x10, lsl #32
   80394:	97ffff22 	bl	8001c <PUT32>
   80398:	d2820880 	mov	x0, #0x1044                	// #4164
   8039c:	5280ffe1 	mov	w1, #0x7ff                 	// #2047
   803a0:	f2afa000 	movk	x0, #0x7d00, lsl #16
   803a4:	f2c00200 	movk	x0, #0x10, lsl #32
   803a8:	f90017e0 	str	x0, [sp, #40]
   803ac:	97ffff1c 	bl	8001c <PUT32>
   803b0:	f94017e0 	ldr	x0, [sp, #40]
   803b4:	2a1303e1 	mov	w1, w19
   803b8:	d1008000 	sub	x0, x0, #0x20
   803bc:	97ffff18 	bl	8001c <PUT32>
   803c0:	f94017e0 	ldr	x0, [sp, #40]
   803c4:	2a1403e1 	mov	w1, w20
   803c8:	d1007000 	sub	x0, x0, #0x1c
   803cc:	97ffff14 	bl	8001c <PUT32>
   803d0:	f94017e0 	ldr	x0, [sp, #40]
   803d4:	52800e01 	mov	w1, #0x70                  	// #112
   803d8:	d1006000 	sub	x0, x0, #0x18
   803dc:	97ffff10 	bl	8001c <PUT32>
   803e0:	f94017e0 	ldr	x0, [sp, #40]
   803e4:	52806021 	mov	w1, #0x301                 	// #769
   803e8:	a94153f3 	ldp	x19, x20, [sp, #16]
   803ec:	d1005000 	sub	x0, x0, #0x14
   803f0:	a8c37bfd 	ldp	x29, x30, [sp], #48
   803f4:	17ffff0a 	b	8001c <PUT32>
   803f8:	d503201f 	nop
   803fc:	d503201f 	nop

0000000000080400 <div>:
   80400:	2a0003e2 	mov	w2, w0
   80404:	52800000 	mov	w0, #0x0                   	// #0
   80408:	34000321 	cbz	w1, 8046c <div+0x6c>
   8040c:	2a0103e1 	mov	w1, w1
   80410:	2a0203e4 	mov	w4, w2
   80414:	eb04003f 	cmp	x1, x4
   80418:	540002c2 	b.cs	80470 <div+0x70>  // b.hs, b.nlast
   8041c:	52800020 	mov	w0, #0x1                   	// #1
   80420:	d37ff821 	lsl	x1, x1, #1
   80424:	2a0003e3 	mov	w3, w0
   80428:	11000400 	add	w0, w0, #0x1
   8042c:	eb04003f 	cmp	x1, x4
   80430:	54ffff83 	b.cc	80420 <div+0x20>  // b.lo, b.ul, b.last
   80434:	340001c0 	cbz	w0, 8046c <div+0x6c>
   80438:	52800000 	mov	w0, #0x0                   	// #0
   8043c:	14000002 	b	80444 <div+0x44>
   80440:	2a0203e4 	mov	w4, w2
   80444:	531f7800 	lsl	w0, w0, #1
   80448:	eb01009f 	cmp	x4, x1
   8044c:	32000005 	orr	w5, w0, #0x1
   80450:	4b010044 	sub	w4, w2, w1
   80454:	51000463 	sub	w3, w3, #0x1
   80458:	1a8020a0 	csel	w0, w5, w0, cs	// cs = hs, nlast
   8045c:	1a822082 	csel	w2, w4, w2, cs	// cs = hs, nlast
   80460:	d341fc21 	lsr	x1, x1, #1
   80464:	3100047f 	cmn	w3, #0x1
   80468:	54fffec1 	b.ne	80440 <div+0x40>  // b.any
   8046c:	d65f03c0 	ret
   80470:	52800003 	mov	w3, #0x0                   	// #0
   80474:	17fffff1 	b	80438 <div+0x38>
	...

0000000000080480 <nibble_from_hex>:
   80480:	5100c001 	sub	w1, w0, #0x30
   80484:	7100243f 	cmp	w1, #0x9
   80488:	540000e9 	b.ls	804a4 <nibble_from_hex+0x24>  // b.plast
   8048c:	51010401 	sub	w1, w0, #0x41
   80490:	51001c00 	sub	w0, w0, #0x7
   80494:	7100183f 	cmp	w1, #0x6
   80498:	12000c00 	and	w0, w0, #0xf
   8049c:	5a9f3000 	csinv	w0, w0, wzr, cc	// cc = lo, ul, last
   804a0:	d65f03c0 	ret
   804a4:	12000c00 	and	w0, w0, #0xf
   804a8:	d65f03c0 	ret

00000000000804ac <uart_send_hex_nibble>:
   804ac:	1100dc01 	add	w1, w0, #0x37
   804b0:	1100c002 	add	w2, w0, #0x30
   804b4:	7100281f 	cmp	w0, #0xa
   804b8:	1a81b040 	csel	w0, w2, w1, lt	// lt = tstop
   804bc:	17ffff09 	b	800e0 <uart_send>

00000000000804c0 <uart_send_hex_byte>:
   804c0:	a9be7bfd 	stp	x29, x30, [sp, #-32]!
   804c4:	910003fd 	mov	x29, sp
   804c8:	f9000bf3 	str	x19, [sp, #16]
   804cc:	2a0003f3 	mov	w19, w0
   804d0:	d3441e60 	ubfx	x0, x19, #4, #4
   804d4:	97fffff6 	bl	804ac <uart_send_hex_nibble>
   804d8:	12000e60 	and	w0, w19, #0xf
   804dc:	f9400bf3 	ldr	x19, [sp, #16]
   804e0:	a8c27bfd 	ldp	x29, x30, [sp], #32
   804e4:	17fffff2 	b	804ac <uart_send_hex_nibble>

00000000000804e8 <uart_send_str>:
   804e8:	a9be7bfd 	stp	x29, x30, [sp, #-32]!
   804ec:	910003fd 	mov	x29, sp
   804f0:	f9000bf3 	str	x19, [sp, #16]
   804f4:	aa0003f3 	mov	x19, x0
   804f8:	39400000 	ldrb	w0, [x0]
   804fc:	34000080 	cbz	w0, 8050c <uart_send_str+0x24>
   80500:	97fffef8 	bl	800e0 <uart_send>
   80504:	38401e60 	ldrb	w0, [x19, #1]!
   80508:	35ffffc0 	cbnz	w0, 80500 <uart_send_str+0x18>
   8050c:	f9400bf3 	ldr	x19, [sp, #16]
   80510:	a8c27bfd 	ldp	x29, x30, [sp], #32
   80514:	d65f03c0 	ret
   80518:	d503201f 	nop
   8051c:	d503201f 	nop

0000000000080520 <delay_micros>:
   80520:	a9be7bfd 	stp	x29, x30, [sp, #-32]!
   80524:	910003fd 	mov	x29, sp
   80528:	a90153f3 	stp	x19, x20, [sp, #16]
   8052c:	2a0003f4 	mov	w20, w0
   80530:	97ffff25 	bl	801c4 <timer_tick>
   80534:	2a0003f3 	mov	w19, w0
   80538:	d503201f 	nop
   8053c:	d503201f 	nop
   80540:	97ffff21 	bl	801c4 <timer_tick>
   80544:	4b130000 	sub	w0, w0, w19
   80548:	6b14001f 	cmp	w0, w20
   8054c:	54ffffa3 	b.cc	80540 <delay_micros+0x20>  // b.lo, b.ul, b.last
   80550:	a94153f3 	ldp	x19, x20, [sp, #16]
   80554:	a8c27bfd 	ldp	x29, x30, [sp], #32
   80558:	d65f03c0 	ret
   8055c:	d503201f 	nop

0000000000080560 <notmain>:
   80560:	a9ba7bfd 	stp	x29, x30, [sp, #-96]!
   80564:	910003fd 	mov	x29, sp
   80568:	a90573fb 	stp	x27, x28, [sp, #80]
   8056c:	9000001b 	adrp	x27, 80000 <_start>
   80570:	9123e37b 	add	x27, x27, #0x8f8
   80574:	a9025bf5 	stp	x21, x22, [sp, #32]
   80578:	5284e215 	mov	w21, #0x2710                	// #10000
   8057c:	a9046bf9 	stp	x25, x26, [sp, #64]
   80580:	5280101a 	mov	w26, #0x80                  	// #128
   80584:	a90153f3 	stp	x19, x20, [sp, #16]
   80588:	a90363f7 	stp	x23, x24, [sp, #48]
   8058c:	97ffff6d 	bl	80340 <uart_init>
   80590:	97ffff0c 	bl	801c0 <timer_init>
   80594:	d503201f 	nop
   80598:	d503201f 	nop
   8059c:	d503201f 	nop
   805a0:	52800014 	mov	w20, #0x0                   	// #0
   805a4:	52800018 	mov	w24, #0x0                   	// #0
   805a8:	52800019 	mov	w25, #0x0                   	// #0
   805ac:	52800017 	mov	w23, #0x0                   	// #0
   805b0:	52800016 	mov	w22, #0x0                   	// #0
   805b4:	52800013 	mov	w19, #0x0                   	// #0
   805b8:	5280001c 	mov	w28, #0x0                   	// #0
   805bc:	aa1b03e0 	mov	x0, x27
   805c0:	97ffffca 	bl	804e8 <uart_send_str>
   805c4:	97fffeab 	bl	80070 <uart_recv>
   805c8:	7101481f 	cmp	w0, #0x52
   805cc:	7a420b84 	ccmp	w28, #0x2, #0x4, eq	// eq = none
   805d0:	54fffe81 	b.ne	805a0 <notmain+0x40>  // b.any
   805d4:	71000f9f 	cmp	w28, #0x3
   805d8:	54000500 	b.eq	80678 <notmain+0x118>  // b.none
   805dc:	3400073c 	cbz	w28, 806c0 <notmain+0x160>
   805e0:	7100079f 	cmp	w28, #0x1
   805e4:	540002c0 	b.eq	8063c <notmain+0xdc>  // b.none
   805e8:	0b000294 	add	w20, w20, w0
   805ec:	5280005c 	mov	w28, #0x2                   	// #2
   805f0:	7100167f 	cmp	w19, #0x5
   805f4:	540003a0 	b.eq	80668 <notmain+0x108>  // b.none
   805f8:	540007c8 	b.hi	806f0 <notmain+0x190>  // b.pmore
   805fc:	71000e7f 	cmp	w19, #0x3
   80600:	54000d00 	b.eq	807a0 <notmain+0x240>  // b.none
   80604:	7100127f 	cmp	w19, #0x4
   80608:	54000ba0 	b.eq	8077c <notmain+0x21c>  // b.none
   8060c:	7100067f 	cmp	w19, #0x1
   80610:	54000dc0 	b.eq	807c8 <notmain+0x268>  // b.none
   80614:	71000a7f 	cmp	w19, #0x2
   80618:	54000ca1 	b.ne	807ac <notmain+0x24c>  // b.any
   8061c:	53185c17 	lsl	w23, w0, #8
   80620:	52800073 	mov	w19, #0x3                   	// #3
   80624:	17ffffe8 	b	805c4 <notmain+0x64>
   80628:	97fffe92 	bl	80070 <uart_recv>
   8062c:	7101481f 	cmp	w0, #0x52
   80630:	54fffb80 	b.eq	805a0 <notmain+0x40>  // b.none
   80634:	52800014 	mov	w20, #0x0                   	// #0
   80638:	52800033 	mov	w19, #0x1                   	// #1
   8063c:	97ffff91 	bl	80480 <nibble_from_hex>
   80640:	2a0003fc 	mov	w28, w0
   80644:	97fffe8b 	bl	80070 <uart_recv>
   80648:	97ffff8e 	bl	80480 <nibble_from_hex>
   8064c:	2a000382 	orr	w2, w28, w0
   80650:	37f80e42 	tbnz	w2, #31, 80818 <notmain+0x2b8>
   80654:	2a1c1000 	orr	w0, w0, w28, lsl #4
   80658:	5280003c 	mov	w28, #0x1                   	// #1
   8065c:	0b000294 	add	w20, w20, w0
   80660:	7100167f 	cmp	w19, #0x5
   80664:	54fffca1 	b.ne	805f8 <notmain+0x98>  // b.any
   80668:	53185c18 	lsl	w24, w0, #8
   8066c:	510006d6 	sub	w22, w22, #0x1
   80670:	528000d3 	mov	w19, #0x6                   	// #6
   80674:	17ffffd4 	b	805c4 <notmain+0x64>
   80678:	7101cc1f 	cmp	w0, #0x73
   8067c:	54000120 	b.eq	806a0 <notmain+0x140>  // b.none
   80680:	121a7800 	and	w0, w0, #0xffffffdf
   80684:	71011c1f 	cmp	w0, #0x47
   80688:	540004c0 	b.eq	80720 <notmain+0x1c0>  // b.none
   8068c:	97fffe79 	bl	80070 <uart_recv>
   80690:	7101481f 	cmp	w0, #0x52
   80694:	54fff860 	b.eq	805a0 <notmain+0x40>  // b.none
   80698:	7101cc1f 	cmp	w0, #0x73
   8069c:	54ffff21 	b.ne	80680 <notmain+0x120>  // b.any
   806a0:	52800015 	mov	w21, #0x0                   	// #0
   806a4:	14000002 	b	806ac <notmain+0x14c>
   806a8:	2a151015 	orr	w21, w0, w21, lsl #4
   806ac:	97fffe71 	bl	80070 <uart_recv>
   806b0:	97ffff74 	bl	80480 <nibble_from_hex>
   806b4:	36ffffa0 	tbz	w0, #31, 806a8 <notmain+0x148>
   806b8:	5280007c 	mov	w28, #0x3                   	// #3
   806bc:	17ffffc2 	b	805c4 <notmain+0x64>
   806c0:	7100e81f 	cmp	w0, #0x3a
   806c4:	54fffb20 	b.eq	80628 <notmain+0xc8>  // b.none
   806c8:	7100f41f 	cmp	w0, #0x3d
   806cc:	54000b40 	b.eq	80834 <notmain+0x2d4>  // b.none
   806d0:	7100341f 	cmp	w0, #0xd
   806d4:	7a4a1804 	ccmp	w0, #0xa, #0x4, ne	// ne = any
   806d8:	7a5a1004 	ccmp	w0, w26, #0x4, ne	// ne = any
   806dc:	54000421 	b.ne	80760 <notmain+0x200>  // b.any
   806e0:	97fffe64 	bl	80070 <uart_recv>
   806e4:	7101481f 	cmp	w0, #0x52
   806e8:	54fffec1 	b.ne	806c0 <notmain+0x160>  // b.any
   806ec:	17ffffad 	b	805a0 <notmain+0x40>
   806f0:	71001e7f 	cmp	w19, #0x7
   806f4:	54000820 	b.eq	807f8 <notmain+0x298>  // b.none
   806f8:	7100227f 	cmp	w19, #0x8
   806fc:	540006c0 	b.eq	807d4 <notmain+0x274>  // b.none
   80700:	2a000300 	orr	w0, w24, w0
   80704:	7100133f 	cmp	w25, #0x4
   80708:	510006d6 	sub	w22, w22, #0x1
   8070c:	52800113 	mov	w19, #0x8                   	// #8
   80710:	531c6c18 	lsl	w24, w0, #4
   80714:	53103c00 	lsl	w0, w0, #16
   80718:	1a980018 	csel	w24, w0, w24, eq	// eq = none
   8071c:	17ffffaa 	b	805c4 <notmain+0x64>
   80720:	528001a0 	mov	w0, #0xd                   	// #13
   80724:	97fffe6f 	bl	800e0 <uart_send>
   80728:	528005a0 	mov	w0, #0x2d                  	// #45
   8072c:	97fffe6d 	bl	800e0 <uart_send>
   80730:	528005a0 	mov	w0, #0x2d                  	// #45
   80734:	97fffe6b 	bl	800e0 <uart_send>
   80738:	528001a0 	mov	w0, #0xd                   	// #13
   8073c:	97fffe69 	bl	800e0 <uart_send>
   80740:	52800140 	mov	w0, #0xa                   	// #10
   80744:	97fffe67 	bl	800e0 <uart_send>
   80748:	52800140 	mov	w0, #0xa                   	// #10
   8074c:	97fffe65 	bl	800e0 <uart_send>
   80750:	350007f5 	cbnz	w21, 8084c <notmain+0x2ec>
   80754:	52a00100 	mov	w0, #0x80000               	// #524288
   80758:	97fffe39 	bl	8003c <BRANCHTO>
   8075c:	17ffffcc 	b	8068c <notmain+0x12c>
   80760:	90000000 	adrp	x0, 80000 <_start>
   80764:	91242000 	add	x0, x0, #0x908
   80768:	97ffff60 	bl	804e8 <uart_send_str>
   8076c:	97fffe41 	bl	80070 <uart_recv>
   80770:	7101481f 	cmp	w0, #0x52
   80774:	54ffffc1 	b.ne	8076c <notmain+0x20c>  // b.any
   80778:	17ffff8a 	b	805a0 <notmain+0x40>
   8077c:	51000801 	sub	w1, w0, #0x2
   80780:	721e783f 	tst	w1, #0xfffffffd
   80784:	54000780 	b.eq	80874 <notmain+0x314>  // b.none
   80788:	7100001f 	cmp	w0, #0x0
   8078c:	2a0003f9 	mov	w25, w0
   80790:	528000f3 	mov	w19, #0x7                   	// #7
   80794:	52800100 	mov	w0, #0x8                   	// #8
   80798:	1a800273 	csel	w19, w19, w0, eq	// eq = none
   8079c:	17ffff8a 	b	805c4 <notmain+0x64>
   807a0:	2a0002f7 	orr	w23, w23, w0
   807a4:	52800093 	mov	w19, #0x4                   	// #4
   807a8:	17ffff87 	b	805c4 <notmain+0x64>
   807ac:	90000000 	adrp	x0, 80000 <_start>
   807b0:	9124a000 	add	x0, x0, #0x928
   807b4:	97ffff4d 	bl	804e8 <uart_send_str>
   807b8:	97fffe2e 	bl	80070 <uart_recv>
   807bc:	7101481f 	cmp	w0, #0x52
   807c0:	54fffd61 	b.ne	8076c <notmain+0x20c>  // b.any
   807c4:	17ffff77 	b	805a0 <notmain+0x40>
   807c8:	2a0003f6 	mov	w22, w0
   807cc:	52800053 	mov	w19, #0x2                   	// #2
   807d0:	17ffff7d 	b	805c4 <notmain+0x64>
   807d4:	35000396 	cbnz	w22, 80844 <notmain+0x2e4>
   807d8:	72001e9f 	tst	w20, #0xff
   807dc:	540003e1 	b.ne	80858 <notmain+0x2f8>  // b.any
   807e0:	7100073f 	cmp	w25, #0x1
   807e4:	54fff7e1 	b.ne	806e0 <notmain+0x180>  // b.any
   807e8:	90000000 	adrp	x0, 80000 <_start>
   807ec:	91252000 	add	x0, x0, #0x948
   807f0:	97ffff3e 	bl	804e8 <uart_send_str>
   807f4:	17ffffa6 	b	8068c <notmain+0x12c>
   807f8:	2a0003e1 	mov	w1, w0
   807fc:	2a1802e0 	orr	w0, w23, w24
   80800:	97fffe09 	bl	80024 <PUT8>
   80804:	110006f7 	add	w23, w23, #0x1
   80808:	710006d6 	subs	w22, w22, #0x1
   8080c:	52800100 	mov	w0, #0x8                   	// #8
   80810:	1a801273 	csel	w19, w19, w0, ne	// ne = any
   80814:	17ffff6c 	b	805c4 <notmain+0x64>
   80818:	90000000 	adrp	x0, 80000 <_start>
   8081c:	91246000 	add	x0, x0, #0x918
   80820:	97ffff32 	bl	804e8 <uart_send_str>
   80824:	97fffe13 	bl	80070 <uart_recv>
   80828:	7101481f 	cmp	w0, #0x52
   8082c:	54fffa01 	b.ne	8076c <notmain+0x20c>  // b.any
   80830:	17ffff5c 	b	805a0 <notmain+0x40>
   80834:	52800014 	mov	w20, #0x0                   	// #0
   80838:	52800033 	mov	w19, #0x1                   	// #1
   8083c:	97fffe0d 	bl	80070 <uart_recv>
   80840:	17ffff6a 	b	805e8 <notmain+0x88>
   80844:	510006d6 	sub	w22, w22, #0x1
   80848:	17ffff5f 	b	805c4 <notmain+0x64>
   8084c:	2a1503e0 	mov	w0, w21
   80850:	97ffff34 	bl	80520 <delay_micros>
   80854:	17ffffc0 	b	80754 <notmain+0x1f4>
   80858:	90000000 	adrp	x0, 80000 <_start>
   8085c:	9124e000 	add	x0, x0, #0x938
   80860:	97ffff22 	bl	804e8 <uart_send_str>
   80864:	97fffe03 	bl	80070 <uart_recv>
   80868:	7101481f 	cmp	w0, #0x52
   8086c:	54fff801 	b.ne	8076c <notmain+0x20c>  // b.any
   80870:	17ffff4c 	b	805a0 <notmain+0x40>
   80874:	2a0003f9 	mov	w25, w0
   80878:	528000b3 	mov	w19, #0x5                   	// #5
   8087c:	17ffff52 	b	805c4 <notmain+0x64>

0000000000080880 <copy_and_jump>:
   80880:	aa0003e4 	mov	x4, x0
   80884:	eb01001f 	cmp	x0, x1
   80888:	54000122 	b.cs	808ac <copy_and_jump+0x2c>  // b.hs, b.nlast
   8088c:	cb000047 	sub	x7, x2, x0
   80890:	aa0403e6 	mov	x6, x4
   80894:	8b070085 	add	x5, x4, x7
   80898:	91001084 	add	x4, x4, #0x4
   8089c:	b94000c6 	ldr	w6, [x6]
   808a0:	b90000a6 	str	w6, [x5]
   808a4:	eb01009f 	cmp	x4, x1
   808a8:	54ffff43 	b.cc	80890 <copy_and_jump+0x10>  // b.lo, b.ul, b.last
   808ac:	8b020063 	add	x3, x3, x2
   808b0:	cb000070 	sub	x16, x3, x0
   808b4:	d61f0200 	br	x16

Disassembly of section .interp:

00000000000808b8 <.interp>:
   808b8:	62696c2f 	.inst	0x62696c2f ; undefined
   808bc:	2e646c2f 	umin	v15.4h, v1.4h, v4.4h
   808c0:	312e6f73 	adds	w19, w27, #0xb9b
	...

Disassembly of section .dynsym:

00000000000808c8 <.dynsym>:
	...

Disassembly of section .dynstr:

00000000000808e0 <.dynstr>:
	...

Disassembly of section .hash:

00000000000808e8 <.hash>:
   808e8:	00000001 	udf	#1
   808ec:	00000001 	udf	#1
	...

Disassembly of section .rodata.str1.8:

00000000000808f8 <.rodata.str1.8>:
   808f8:	58454849 	ldr	x9, 10b200 <_end+0x8a7b8>
   808fc:	0a0d462d 	and	w13, w17, w13, lsl #17
	...
   80908:	52524523 	.inst	0x52524523 ; undefined
   8090c:	726f663a 	.inst	0x726f663a ; undefined
   80910:	0d74616d 	.inst	0x0d74616d ; undefined
   80914:	0000000a 	udf	#10
   80918:	52524523 	.inst	0x52524523 ; undefined
   8091c:	7865683a 	ldrh	w26, [x1, x5]
   80920:	00000a0d 	udf	#2573
   80924:	00000000 	udf	#0
   80928:	52524523 	.inst	0x52524523 ; undefined
   8092c:	746e693a 	.inst	0x746e693a ; undefined
   80930:	616e7265 	.inst	0x616e7265 ; undefined
   80934:	000a0d6c 	.inst	0x000a0d6c ; undefined
   80938:	52524523 	.inst	0x52524523 ; undefined
   8093c:	6568633a 	fnmls	z26.h, p0/m, z25.h, z8.h
   80940:	75736b63 	.inst	0x75736b63 ; undefined
   80944:	000a0d6d 	.inst	0x000a0d6d ; undefined
   80948:	464f4523 	.inst	0x464f4523 ; undefined
   8094c:	0d6b6f3a 	.inst	0x0d6b6f3a ; undefined
   80950:	Address 0x80950 is out of bounds.


Disassembly of section .dynamic:

0000000000080958 <.dynamic>:
   80958:	00000004 	udf	#4
   8095c:	00000000 	udf	#0
   80960:	000808e8 	.inst	0x000808e8 ; undefined
   80964:	00000000 	udf	#0
   80968:	00000005 	udf	#5
   8096c:	00000000 	udf	#0
   80970:	000808e0 	.inst	0x000808e0 ; undefined
   80974:	00000000 	udf	#0
   80978:	00000006 	udf	#6
   8097c:	00000000 	udf	#0
   80980:	000808c8 	.inst	0x000808c8 ; undefined
   80984:	00000000 	udf	#0
   80988:	0000000a 	udf	#10
   8098c:	00000000 	udf	#0
   80990:	00000001 	udf	#1
   80994:	00000000 	udf	#0
   80998:	0000000b 	udf	#11
   8099c:	00000000 	udf	#0
   809a0:	00000018 	udf	#24
   809a4:	00000000 	udf	#0
   809a8:	00000015 	udf	#21
	...
   809b8:	6ffffffb 	.inst	0x6ffffffb ; undefined
   809bc:	00000000 	udf	#0
   809c0:	08000000 	stxrb	w0, w0, [x0]
	...

Disassembly of section .got:

0000000000080a28 <.got>:
   80a28:	00080958 	.inst	0x00080958 ; undefined
   80a2c:	00000000 	udf	#0

Disassembly of section .got.plt:

0000000000080a30 <.got.plt>:
	...

Disassembly of section .comment:

0000000000000000 <.comment>:
   0:	3a434347 	ccmn	w26, w3, #0x7, mi	// mi = first
   4:	72412820 	.inst	0x72412820 ; undefined
   8:	4e47206d 	luti4	v13.16b, {v3.16b}, v7[0]
   c:	6f542055 	umlal2	v21.4s, v2.8h, v4.h[1]
  10:	68636c6f 	.inst	0x68636c6f ; undefined
  14:	206e6961 	.inst	0x206e6961 ; undefined
  18:	322e3531 	orr	w17, w9, #0xfffc0000
  1c:	6c65522e 	ldnp	d14, d20, [x17, #-432]
  20:	42282031 	.inst	0x42282031 ; undefined
  24:	646c6975 	.inst	0x646c6975 ; undefined
  28:	6d726120 	ldp	d0, d24, [x9, #-224]
  2c:	2e35312d 	usubw	v13.8h, v9.8h, v21.8b
  30:	29293638 	stp	w24, w13, [x17, #-184]
  34:	2e353120 	usubw	v0.8h, v9.8h, v21.8b
  38:	20312e32 	.inst	0x20312e32 ; undefined
  3c:	35323032 	cbnz	w18, 64640 <_start-0x1b9c0>
  40:	33303231 	.inst	0x33303231 ; undefined
	...
